Component: ARM Compiler 5.06 update 7 (build 960) Tool: armlink [4d3601]

==============================================================================

Section Cross References

    main.o(i.CheckRetCode) refers to _printf_percent.o(.ARM.Collect$$_printf_percent$$00000000) for _printf_percent
    main.o(i.CheckRetCode) refers to _printf_d.o(.ARM.Collect$$_printf_percent$$00000009) for _printf_d
    main.o(i.CheckRetCode) refers to _printf_dec.o(.text) for _printf_int_dec
    main.o(i.CheckRetCode) refers to _printf_s.o(.ARM.Collect$$_printf_percent$$00000014) for _printf_s
    main.o(i.CheckRetCode) refers to _printf_str.o(.text) for _printf_str
    main.o(i.CheckRetCode) refers to noretval__2printf.o(.text) for __2printf
    main.o(i.DebugFrame) refers to putc.o(.text) for putc
    main.o(i.DebugFrame) refers to stdio_streams.o(.bss) for __stdout
    main.o(i.DebugMacFrame) refers to putc.o(.text) for putc
    main.o(i.DebugMacFrame) refers to stdio_streams.o(.bss) for __stdout
    main.o(i.HAL_GetTick) refers to rtx_kernel.o(i.osKernelGetTickCount) for osKernelGetTickCount
    main.o(i.SystemClock_Config) refers to stm32f7xx_hal_rcc.o(i.HAL_RCC_OscConfig) for HAL_RCC_OscConfig
    main.o(i.SystemClock_Config) refers to stm32f7xx_hal_pwr_ex.o(i.HAL_PWREx_EnableOverDrive) for HAL_PWREx_EnableOverDrive
    main.o(i.SystemClock_Config) refers to stm32f7xx_hal_rcc.o(i.HAL_RCC_ClockConfig) for HAL_RCC_ClockConfig
    main.o(i.SystemClock_Config) refers to stm32f7xx_hal_rcc_ex.o(i.HAL_RCCEx_GetPeriphCLKConfig) for HAL_RCCEx_GetPeriphCLKConfig
    main.o(i.SystemClock_Config) refers to stm32f7xx_hal_rcc_ex.o(i.HAL_RCCEx_PeriphCLKConfig) for HAL_RCCEx_PeriphCLKConfig
    main.o(i.main) refers to main.o(i.SystemClock_Config) for SystemClock_Config
    main.o(i.main) refers to eventrecorder.o(i.EventRecorderInitialize) for EventRecorderInitialize
    main.o(i.main) refers to eventrecorder.o(i.EventRecorderDisable) for EventRecorderDisable
    main.o(i.main) refers to eventrecorder.o(i.EventRecorderStart) for EventRecorderStart
    main.o(i.main) refers to rtx_kernel.o(i.osKernelInitialize) for osKernelInitialize
    main.o(i.main) refers to ext_led.o(i.Ext_LED_Init) for Ext_LED_Init
    main.o(i.main) refers to ext_uart.o(i.Ext_UART_Init) for Ext_UART_Init
    main.o(i.main) refers to ext_led.o(i.Ext_LED_PWM) for Ext_LED_PWM
    main.o(i.main) refers to rtx_mempool.o(i.osMemoryPoolNew) for osMemoryPoolNew
    main.o(i.main) refers to rtx_evflags.o(i.osEventFlagsNew) for osEventFlagsNew
    main.o(i.main) refers to rtx_msgqueue.o(i.osMessageQueueNew) for osMessageQueueNew
    main.o(i.main) refers to rtx_thread.o(i.osThreadNew) for osThreadNew
    main.o(i.main) refers to rtx_kernel.o(i.osKernelStart) for osKernelStart
    main.o(i.main) refers to main.o(.bss) for gTokenInterface
    main.o(i.main) refers to main.o(.data) for memPool
    main.o(i.main) refers to main.o(.constdata) for queue_macR_attr
    main.o(i.main) refers to debug.o(i.DebugStation) for DebugStation
    main.o(i.main) refers to phy_receiver.o(i.PhReceiver) for PhReceiver
    main.o(i.main) refers to phy_sender.o(i.PhSender) for PhSender
    main.o(i.main) refers to mac_receiver.o(i.MacReceiver) for MacReceiver
    main.o(i.main) refers to mac_sender.o(i.MacSender) for MacSender
    main.o(i.main) refers to time_receiver.o(i.TimeReceiver) for TimeReceiver
    main.o(i.main) refers to time_sender.o(i.TimeSender) for TimeSender
    main.o(i.main) refers to chat_receiver.o(i.ChatReceiver) for ChatReceiver
    main.o(i.main) refers to chat_sender.o(i.ChatSender) for ChatSender
    main.o(i.main) refers to touch.o(i.Touch) for Touch
    main.o(i.main) refers to lcd.o(i.LCD) for LCD
    main.o(.constdata) refers to main.o(.conststring) for .conststring
    lcd.o(i.LCD) refers to _printf_percent.o(.ARM.Collect$$_printf_percent$$00000000) for _printf_percent
    lcd.o(i.LCD) refers to _printf_d.o(.ARM.Collect$$_printf_percent$$00000009) for _printf_d
    lcd.o(i.LCD) refers to _printf_dec.o(.text) for _printf_int_dec
    lcd.o(i.LCD) refers to _printf_s.o(.ARM.Collect$$_printf_percent$$00000014) for _printf_s
    lcd.o(i.LCD) refers to _printf_str.o(.text) for _printf_str
    lcd.o(i.LCD) refers to gfx.o(i.gfxInit) for gfxInit
    lcd.o(i.LCD) refers to gdisp.o(i.gdispGClear) for gdispGClear
    lcd.o(i.LCD) refers to gdisp_fonts.o(i.gdispOpenFont) for gdispOpenFont
    lcd.o(i.LCD) refers to gwin.o(i.gwinSetDefaultFont) for gwinSetDefaultFont
    lcd.o(i.LCD) refers to gwin_widget.o(i.gwinSetDefaultStyle) for gwinSetDefaultStyle
    lcd.o(i.LCD) refers to gui.o(i.guiInit) for guiInit
    lcd.o(i.LCD) refers to gevent.o(i.geventListenerInit) for geventListenerInit
    lcd.o(i.LCD) refers to gwin_widget.o(i.gwinAttachListener) for gwinAttachListener
    lcd.o(i.LCD) refers to gui.o(i.guiShowPage) for guiShowPage
    lcd.o(i.LCD) refers to noretval__2sprintf.o(.text) for __2sprintf
    lcd.o(i.LCD) refers to gwin_widget.o(i.gwinSetText) for gwinSetText
[...]
    0x08003af0   0x08003af0   0x00000018   Code   RO         1331    i.EvrRtxMemoryPoolAllocPending  rtx_evr.o
    0x08003b08   0x08003b08   0x00000014   Code   RO         1332    i.EvrRtxMemoryPoolAllocTimeout  rtx_evr.o
    0x08003b1c   0x08003b1c   0x00000018   Code   RO         1333    i.EvrRtxMemoryPoolAllocated  rtx_evr.o
    0x08003b34   0x08003b34   0x00000018   Code   RO         1334    i.EvrRtxMemoryPoolCreated  rtx_evr.o
    0x08003b4c   0x08003b4c   0x00000018   Code   RO         1335    i.EvrRtxMemoryPoolDeallocated  rtx_evr.o
    0x08003b64   0x08003b64   0x00000014   Code   RO         1338    i.EvrRtxMemoryPoolError  rtx_evr.o
    0x08003b78   0x08003b78   0x00000018   Code   RO         1339    i.EvrRtxMemoryPoolFree  rtx_evr.o
    0x08003b90   0x08003b90   0x00000018   Code   RO         1340    i.EvrRtxMemoryPoolFreeFailed  rtx_evr.o
    0x08003ba8   0x08003ba8   0x00000020   Code   RO         1346    i.EvrRtxMemoryPoolNew  rtx_evr.o
    0x08003bc8   0x08003bc8   0x00000018   Code   RO         1347    i.EvrRtxMessageQueueCreated  rtx_evr.o
    0x08003be0   0x08003be0   0x00000014   Code   RO         1350    i.EvrRtxMessageQueueError  rtx_evr.o
    0x08003bf4   0x08003bf4   0x00000020   Code   RO         1351    i.EvrRtxMessageQueueGet  rtx_evr.o
    0x08003c14   0x08003c14   0x00000020   Code   RO         1356    i.EvrRtxMessageQueueGetPending  rtx_evr.o
    0x08003c34   0x08003c34   0x00000014   Code   RO         1358    i.EvrRtxMessageQueueGetTimeout  rtx_evr.o
    0x08003c48   0x08003c48   0x00000018   Code   RO         1359    i.EvrRtxMessageQueueInsertPending  rtx_evr.o
    0x08003c60   0x08003c60   0x00000018   Code   RO         1360    i.EvrRtxMessageQueueInserted  rtx_evr.o
    0x08003c78   0x08003c78   0x00000020   Code   RO         1361    i.EvrRtxMessageQueueNew  rtx_evr.o
    0x08003c98   0x08003c98   0x00000018   Code   RO         1362    i.EvrRtxMessageQueueNotInserted  rtx_evr.o
    0x08003cb0   0x08003cb0   0x00000018   Code   RO         1363    i.EvrRtxMessageQueueNotRetrieved  rtx_evr.o
    0x08003cc8   0x08003cc8   0x00000020   Code   RO         1364    i.EvrRtxMessageQueuePut  rtx_evr.o
    0x08003ce8   0x08003ce8   0x00000020   Code   RO         1365    i.EvrRtxMessageQueuePutPending  rtx_evr.o
    0x08003d08   0x08003d08   0x00000014   Code   RO         1366    i.EvrRtxMessageQueuePutTimeout  rtx_evr.o
    0x08003d1c   0x08003d1c   0x00000018   Code   RO         1369    i.EvrRtxMessageQueueRetrieved  rtx_evr.o
    0x08003d34   0x08003d34   0x00000018   Code   RO         1370    i.EvrRtxThreadBlocked  rtx_evr.o
    0x08003d4c   0x08003d4c   0x00000028   Code   RO         1371    i.EvrRtxThreadCreated  rtx_evr.o
    0x08003d74   0x08003d74   0x00000014   Code   RO         1372    i.EvrRtxThreadDestroyed  rtx_evr.o
    0x08003d88   0x08003d88   0x00000014   Code   RO         1376    i.EvrRtxThreadError  rtx_evr.o
    0x08003d9c   0x08003d9c   0x00000014   Code   RO         1377    i.EvrRtxThreadExit  rtx_evr.o
    0x08003db0   0x08003db0   0x00000020   Code   RO         1385    i.EvrRtxThreadFlagsWaitCompleted  rtx_evr.o
    0x08003dd0   0x08003dd0   0x00000014   Code   RO         1388    i.EvrRtxThreadFlagsWaitTimeout  rtx_evr.o
    0x08003de4   0x08003de4   0x00000014   Code   RO         1390    i.EvrRtxThreadGetId  rtx_evr.o
    0x08003df8   0x08003df8   0x00000014   Code   RO         1398    i.EvrRtxThreadJoined  rtx_evr.o
    0x08003e0c   0x08003e0c   0x00000020   Code   RO         1399    i.EvrRtxThreadNew   rtx_evr.o
    0x08003e2c   0x08003e2c   0x00000014   Code   RO         1400    i.EvrRtxThreadPreempted  rtx_evr.o
    0x08003e40   0x08003e40   0x00000014   Code   RO         1407    i.EvrRtxThreadSwitched  rtx_evr.o
    0x08003e54   0x08003e54   0x00000018   Code   RO         1409    i.EvrRtxThreadUnblocked  rtx_evr.o
    0x08003e6c   0x08003e6c   0x00000014   Code   RO         1410    i.EvrRtxThreadYield  rtx_evr.o
    0x08003e80   0x08003e80   0x00000018   Code   RO         1411    i.EvrRtxTimerCallback  rtx_evr.o
    0x08003e98   0x08003e98   0x0000016c   Code   RO         6489    i.Ext_Keyboard_Init  ext_keyboard.o
    0x08004004   0x08004004   0x0000025c   Code   RO         6537    i.Ext_LED_Init      ext_led.o
    0x08004260   0x08004260   0x00000058   Code   RO         6540    i.Ext_LED_PWM       ext_led.o
    0x080042b8   0x080042b8   0x00000048   Code   RO         6596    i.Ext_UART_Init     ext_uart.o
    0x08004300   0x08004300   0x00000124   Code   RO        11283    i.GTimerThreadHandler  gtimer.o
    0x08004424   0x08004424   0x00000010   Code   RO         4221    i.GetContext        eventrecorder.o
    0x08004434   0x08004434   0x0000044c   Code   RO        10356    i.GetMouseReading   ginput_mouse.o
    0x08004880   0x08004880   0x000000aa   Code   RO         4755    i.HAL_DMA_Abort     stm32f7xx_hal_dma.o
    0x0800492a   0x0800492a   0x00000028   Code   RO         4756    i.HAL_DMA_Abort_IT  stm32f7xx_hal_dma.o
    0x08004952   0x08004952   0x0000006e   Code   RO         4757    i.HAL_DMA_DeInit    stm32f7xx_hal_dma.o
    0x080049c0   0x080049c0   0x00000240   Code   RO         4760    i.HAL_DMA_IRQHandler  stm32f7xx_hal_dma.o
    0x08004c00   0x08004c00   0x000000ec   Code   RO         4761    i.HAL_DMA_Init      stm32f7xx_hal_dma.o
    0x08004cec   0x08004cec   0x0000009e   Code   RO         4765    i.HAL_DMA_Start_IT  stm32f7xx_hal_dma.o
    0x08004d8a   0x08004d8a   0x00000002   PAD
    0x08004d8c   0x08004d8c   0x00000028   Code   RO         4421    i.HAL_Delay         stm32f7xx_hal.o
    0x08004db4   0x08004db4   0x00000180   Code   RO         4899    i.HAL_GPIO_DeInit   stm32f7xx_hal_gpio.o
    0x08004f34   0x08004f34   0x00000050   Code   RO          439    i.HAL_GPIO_EXTI_Callback  chat_sender.o
    0x08004f84   0x08004f84   0x0000001c   Code   RO         4901    i.HAL_GPIO_EXTI_IRQHandler  stm32f7xx_hal_gpio.o
    0x08004fa0   0x08004fa0   0x00000218   Code   RO         4902    i.HAL_GPIO_Init     stm32f7xx_hal_gpio.o
    0x080051b8   0x080051b8   0x00000010   Code   RO         4904    i.HAL_GPIO_ReadPin  stm32f7xx_hal_gpio.o
    0x080051c8   0x080051c8   0x0000000c   Code   RO         4906    i.HAL_GPIO_WritePin  stm32f7xx_hal_gpio.o
    0x080051d4   0x080051d4   0x00000008   Code   RO            7    i.HAL_GetTick       main.o
    0x080051dc   0x080051dc   0x0000004c   Code   RO         4437    i.HAL_InitTick      stm32f7xx_hal.o
    0x08005228   0x08005228   0x00000024   Code   RO         4615    i.HAL_NVIC_ClearPendingIRQ  stm32f7xx_hal_cortex.o
    0x0800524c   0x0800524c   0x0000002c   Code   RO         4616    i.HAL_NVIC_DisableIRQ  stm32f7xx_hal_cortex.o
    0x08005278   0x08005278   0x00000028   Code   RO         4617    i.HAL_NVIC_EnableIRQ  stm32f7xx_hal_cortex.o
    0x080052a0   0x080052a0   0x0000007c   Code   RO         4623    i.HAL_NVIC_SetPriority  stm32f7xx_hal_cortex.o
    0x0800531c   0x0800531c   0x00000090   Code   RO         5095    i.HAL_PWREx_EnableOverDrive  stm32f7xx_hal_pwr_ex.o
    0x080053ac   0x080053ac   0x000001a4   Code   RO         5287    i.HAL_RCCEx_GetPeriphCLKConfig  stm32f7xx_hal_rcc_ex.o
    0x08005550   0x08005550   0x000001cc   Code   RO         5288    i.HAL_RCCEx_GetPeriphCLKFreq  stm32f7xx_hal_rcc_ex.o
    0x0800571c   0x0800571c   0x000006e0   Code   RO         5289    i.HAL_RCCEx_PeriphCLKConfig  stm32f7xx_hal_rcc_ex.o
    0x08005dfc   0x08005dfc   0x00000190   Code   RO         5182    i.HAL_RCC_ClockConfig  stm32f7xx_hal_rcc.o
    0x08005f8c   0x08005f8c   0x0000000c   Code   RO         5187    i.HAL_RCC_GetHCLKFreq  stm32f7xx_hal_rcc.o
    0x08005f98   0x08005f98   0x00000020   Code   RO         5189    i.HAL_RCC_GetPCLK1Freq  stm32f7xx_hal_rcc.o
    0x08005fb8   0x08005fb8   0x00000020   Code   RO         5190    i.HAL_RCC_GetPCLK2Freq  stm32f7xx_hal_rcc.o
    0x08005fd8   0x08005fd8   0x000000b0   Code   RO         5191    i.HAL_RCC_GetSysClockFreq  stm32f7xx_hal_rcc.o
    0x08006088   0x08006088   0x000004b4   Code   RO         5194    i.HAL_RCC_OscConfig  stm32f7xx_hal_rcc.o
    0x0800653c   0x0800653c   0x000000f2   Code   RO         5510    i.HAL_SPI_Init      stm32f7xx_hal_spi.o
    0x0800662e   0x0800662e   0x00000002   Code   RO         5512    i.HAL_SPI_MspInit   stm32f7xx_hal_spi.o
    0x08006630   0x08006630   0x00000288   Code   RO         5513    i.HAL_SPI_Receive   stm32f7xx_hal_spi.o
    0x080068b8   0x080068b8   0x000003d2   Code   RO         5519    i.HAL_SPI_TransmitReceive  stm32f7xx_hal_spi.o
    0x08006c8a   0x08006c8a   0x00000034   Code   RO         4628    i.HAL_SYSTICK_Config  stm32f7xx_hal_cortex.o
    0x08006cbe   0x08006cbe   0x00000002   Code   RO         5892    i.HAL_UART_ErrorCallback  stm32f7xx_hal_uart.o
    0x08006cc0   0x08006cc0   0x00000174   Code   RO         5895    i.HAL_UART_IRQHandler  stm32f7xx_hal_uart.o
    0x08006e34   0x08006e34   0x00000074   Code   RO         5896    i.HAL_UART_Init     stm32f7xx_hal_uart.o
    0x08006ea8   0x08006ea8   0x00000078   Code   RO         6597    i.HAL_UART_MspInit  ext_uart.o
    0x08006f20   0x08006f20   0x000000e4   Code   RO         5901    i.HAL_UART_Receive_IT  stm32f7xx_hal_uart.o
    0x08007004   0x08007004   0x00000104   Code   RO          628    i.HAL_UART_RxCpltCallback  phy_receiver.o
    0x08007108   0x08007108   0x00000014   Code   RO          662    i.HAL_UART_TxCpltCallback  phy_sender.o
    0x0800711c   0x0800711c   0x00000018   Code   RO         3839    i.I2C3_Control      i2c_stm32f7xx.o
    0x08007134   0x08007134   0x00000010   Code   RO         3840    i.I2C3_ER_IRQHandler  i2c_stm32f7xx.o
    0x08007144   0x08007144   0x00000010   Code   RO         3841    i.I2C3_EV_IRQHandler  i2c_stm32f7xx.o
    0x08007154   0x08007154   0x00000010   Code   RO         3842    i.I2C3_GetDataCount  i2c_stm32f7xx.o
    0x08007164   0x08007164   0x00000010   Code   RO         3843    i.I2C3_GetStatus    i2c_stm32f7xx.o
    0x08007174   0x08007174   0x00000014   Code   RO         3844    i.I2C3_Initialize   i2c_stm32f7xx.o
    0x08007188   0x08007188   0x00000020   Code   RO         3845    i.I2C3_MasterReceive  i2c_stm32f7xx.o
    0x080071a8   0x080071a8   0x00000020   Code   RO         3846    i.I2C3_MasterTransmit  i2c_stm32f7xx.o
    0x080071c8   0x080071c8   0x00000014   Code   RO         3847    i.I2C3_PowerControl  i2c_stm32f7xx.o
    0x080071dc   0x080071dc   0x00000018   Code   RO         3848    i.I2C3_SlaveReceive  i2c_stm32f7xx.o
    0x080071f4   0x080071f4   0x00000018   Code   RO         3849    i.I2C3_SlaveTransmit  i2c_stm32f7xx.o
    0x0800720c   0x0800720c   0x00000010   Code   RO         3850    i.I2C3_Uninitialize  i2c_stm32f7xx.o
    0x0800721c   0x0800721c   0x0000000c   Code   RO         3851    i.I2CX_GetCapabilities  i2c_stm32f7xx.o
    0x08007228   0x08007228   0x00000010   Code   RO         3852    i.I2CX_GetVersion   i2c_stm32f7xx.o
    0x08007238   0x08007238   0x00000304   Code   RO         3853    i.I2C_Control       i2c_stm32f7xx.o
    0x0800753c   0x0800753c   0x00000096   Code   RO         3854    i.I2C_ER_IRQHandler  i2c_stm32f7xx.o
    0x080075d2   0x080075d2   0x00000002   PAD
    0x080075d4   0x080075d4   0x00000278   Code   RO         3855    i.I2C_EV_IRQHandler  i2c_stm32f7xx.o
    0x0800784c   0x0800784c   0x00000008   Code   RO         3856    i.I2C_GetDataCount  i2c_stm32f7xx.o
    0x08007854   0x08007854   0x000000cc   Code   RO         3857    i.I2C_GetSCLRatio   i2c_stm32f7xx.o
    0x08007920   0x08007920   0x00000008   Code   RO         3858    i.I2C_GetStatus     i2c_stm32f7xx.o
    0x08007928   0x08007928   0x00000130   Code   RO         3859    i.I2C_GetTimingValue  i2c_stm32f7xx.o
    0x08007a58   0x08007a58   0x000001e4   Code   RO         3860    i.I2C_Initialize    i2c_stm32f7xx.o
    0x08007c3c   0x08007c3c   0x0000015c   Code   RO         3861    i.I2C_MasterReceive  i2c_stm32f7xx.o
    0x08007d98   0x08007d98   0x00000152   Code   RO         3862    i.I2C_MasterTransmit  i2c_stm32f7xx.o
    0x08007eea   0x08007eea   0x00000002   PAD
    0x08007eec   0x08007eec   0x000003a4   Code   RO         3863    i.I2C_PowerControl  i2c_stm32f7xx.o
    0x08008290   0x08008290   0x0000005c   Code   RO         3864    i.I2C_SlaveReceive  i2c_stm32f7xx.o
    0x080082ec   0x080082ec   0x00000088   Code   RO         3865    i.I2C_SlaveTransmit  i2c_stm32f7xx.o
    0x08008374   0x08008374   0x00000034   Code   RO         3866    i.I2C_Uninitialize  i2c_stm32f7xx.o
    0x080083a8   0x080083a8   0x00000030   Code   RO         4330    i.ITM_SendChar      retarget_io.o
    0x080083d8   0x080083d8   0x00000018   Code   RO        12392    i.ImageDestroy      gwin_image.o
    0x080083f0   0x080083f0   0x00000152   Code   RO        12393    i.ImageRedraw       gwin_image.o
    0x08008542   0x08008542   0x00000010   Code   RO         1061    i.IsException       rtx_delay.o
    0x08008552   0x08008552   0x00000010   Code   RO         1145    i.IsException       rtx_evflags.o
    0x08008562   0x08008562   0x00000010   Code   RO         2171    i.IsException       rtx_kernel.o
    0x08008572   0x08008572   0x00000010   Code   RO         2539    i.IsException       rtx_mempool.o
    0x08008582   0x08008582   0x00000010   Code   RO         2701    i.IsException       rtx_msgqueue.o
    0x08008592   0x08008592   0x00000010   Code   RO         2882    i.IsException       rtx_mutex.o
    0x080085a2   0x080085a2   0x00000010   Code   RO         2995    i.IsException       rtx_semaphore.o
    0x080085b2   0x080085b2   0x00000010   Code   RO         3167    i.IsException       rtx_thread.o
    0x080085c2   0x080085c2   0x00000018   Code   RO         1062    i.IsIrqMasked       rtx_delay.o
    0x080085da   0x080085da   0x00000018   Code   RO         1146    i.IsIrqMasked       rtx_evflags.o
    0x080085f2   0x080085f2   0x00000018   Code   RO         2172    i.IsIrqMasked       rtx_kernel.o
    0x0800860a   0x0800860a   0x00000018   Code   RO         2540    i.IsIrqMasked       rtx_mempool.o
    0x08008622   0x08008622   0x00000018   Code   RO         2702    i.IsIrqMasked       rtx_msgqueue.o
    0x0800863a   0x0800863a   0x00000018   Code   RO         2883    i.IsIrqMasked       rtx_mutex.o
    0x08008652   0x08008652   0x00000018   Code   RO         2996    i.IsIrqMasked       rtx_semaphore.o
    0x0800866a   0x0800866a   0x00000018   Code   RO         3168    i.IsIrqMasked       rtx_thread.o
    0x08008682   0x08008682   0x00000010   Code   RO         2173    i.IsPrivileged      rtx_kernel.o
    0x08008692   0x08008692   0x00000002   PAD
    0x08008694   0x08008694   0x00000704   Code   RO          376    i.LCD               lcd.o
    0x08008d98   0x08008d98   0x00000150   Code   RO          598    i.MacReceiver       mac_receiver.o
    0x08008ee8   0x08008ee8   0x00000188   Code   RO          557    i.MacSender         mac_sender.o
    0x08009070   0x08009070   0x0000000a   Code   RO         2491    i.MemBlockPtr       rtx_memory.o
    0x0800907a   0x0800907a   0x00000034   Code   RO         2703    i.MessageQueueGet   rtx_msgqueue.o
    0x080090ae   0x080090ae   0x0000004c   Code   RO         2704    i.MessageQueuePut   rtx_msgqueue.o
    0x080090fa   0x080090fa   0x00000022   Code   RO         2705    i.MessageQueueRemove  rtx_msgqueue.o
    0x0800911c   0x0800911c   0x00000038   Code   RO        10357    i.MousePoll         ginput_mouse.o
    0x08009154   0x08009154   0x00000008   Code   RO         3734    i.OS_Tick_AcknowledgeIRQ  os_systick.o
    0x0800915c   0x0800915c   0x00000030   Code   RO         3736    i.OS_Tick_Enable    os_systick.o
    0x0800918c   0x0800918c   0x00000006   Code   RO         3739    i.OS_Tick_GetIRQn   os_systick.o
    0x08009192   0x08009192   0x00000002   PAD
    0x08009194   0x08009194   0x00000050   Code   RO         3742    i.OS_Tick_Setup     os_systick.o
    0x080091e4   0x080091e4   0x00000114   Code   RO          629    i.PhReceiver        phy_receiver.o
    0x080092f8   0x080092f8   0x00000070   Code   RO          663    i.PhSender          phy_sender.o
    0x08009368   0x08009368   0x00000002   Code   RO         9838    i.ROMClose          gfile_fs_rom.o
    0x0800936a   0x0800936a   0x00000014   Code   RO         9839    i.ROMEof            gfile_fs_rom.o
    0x0800937e   0x0800937e   0x00000014   Code   RO         9840    i.ROMExists         gfile_fs_rom.o
    0x08009392   0x08009392   0x00000016   Code   RO         9841    i.ROMFilesize       gfile_fs_rom.o
    0x080093a8   0x080093a8   0x00000030   Code   RO         9842    i.ROMFindFile       gfile_fs_rom.o
    0x080093d8   0x080093d8   0x00000008   Code   RO         9843    i.ROMGetsize        gfile_fs_rom.o
    0x080093e0   0x080093e0   0x00000018   Code   RO         9844    i.ROMOpen           gfile_fs_rom.o
    0x080093f8   0x080093f8   0x00000038   Code   RO         9845    i.ROMRead           gfile_fs_rom.o
    0x08009430   0x08009430   0x00000012   Code   RO         9846    i.ROMSetpos         gfile_fs_rom.o
    0x08009442   0x08009442   0x00000010   Code   RO        12507    i.RadioMouseDown    gwin_radio.o
    0x08009452   0x08009452   0x0000000c   Code   RO        12752    i.RedrawTimerFn     gwin_wm.o
    0x0800945e   0x0800945e   0x00000002   PAD
    0x08009460   0x08009460   0x00000010   Code   RO         4016    i.SAI2_A_DMA_Complete  sai_stm32f7xx.o
    0x08009470   0x08009470   0x00000010   Code   RO         4017    i.SAI2_B_DMA_Complete  sai_stm32f7xx.o
    0x08009480   0x08009480   0x0000001c   Code   RO         4018    i.SAI2_Control      sai_stm32f7xx.o
    0x0800949c   0x0800949c   0x00000010   Code   RO         4019    i.SAI2_GetCapabilities  sai_stm32f7xx.o
    0x080094ac   0x080094ac   0x00000010   Code   RO         4020    i.SAI2_GetRxCount   sai_stm32f7xx.o
    0x080094bc   0x080094bc   0x00000010   Code   RO         4021    i.SAI2_GetStatus    sai_stm32f7xx.o
    0x080094cc   0x080094cc   0x00000010   Code   RO         4022    i.SAI2_GetTxCount   sai_stm32f7xx.o
    0x080094dc   0x080094dc   0x00000010   Code   RO         4023    i.SAI2_IRQHandler   sai_stm32f7xx.o
    0x080094ec   0x080094ec   0x00000014   Code   RO         4024    i.SAI2_Initialize   sai_stm32f7xx.o
    0x08009500   0x08009500   0x00000014   Code   RO         4025    i.SAI2_PowerControl  sai_stm32f7xx.o
    0x08009514   0x08009514   0x00000018   Code   RO         4026    i.SAI2_Receive      sai_stm32f7xx.o
    0x0800952c   0x0800952c   0x00000018   Code   RO         4027    i.SAI2_Send         sai_stm32f7xx.o
    0x08009544   0x08009544   0x00000010   Code   RO         4028    i.SAI2_Uninitialize  sai_stm32f7xx.o
    0x08009554   0x08009554   0x000007f2   Code   RO         4029    i.SAI_Control       sai_stm32f7xx.o
    0x08009d46   0x08009d46   0x00000006   Code   RO         4030    i.SAI_GetCapabilities  sai_stm32f7xx.o
    0x08009d4c   0x08009d4c   0x00000024   Code   RO         4031    i.SAI_GetRxCount    sai_stm32f7xx.o
    0x08009d70   0x08009d70   0x00000044   Code   RO         4032    i.SAI_GetStatus     sai_stm32f7xx.o
    0x08009db4   0x08009db4   0x00000024   Code   RO         4033    i.SAI_GetTxCount    sai_stm32f7xx.o
    0x08009dd8   0x08009dd8   0x00000010   Code   RO         4034    i.SAI_GetVersion    sai_stm32f7xx.o
    0x08009de8   0x08009de8   0x00000208   Code   RO         4035    i.SAI_IRQHandler    sai_stm32f7xx.o
    0x08009ff0   0x08009ff0   0x000003b8   Code   RO         4036    i.SAI_Initialize    sai_stm32f7xx.o
    0x0800a3a8   0x0800a3a8   0x000002c0   Code   RO         4037    i.SAI_PowerControl  sai_stm32f7xx.o
    0x0800a668   0x0800a668   0x0000003e   Code   RO         4038    i.SAI_RX_DMA_Complete  sai_stm32f7xx.o
    0x0800a6a6   0x0800a6a6   0x0000010e   Code   RO         4039    i.SAI_Receive       sai_stm32f7xx.o
    0x0800a7b4   0x0800a7b4   0x0000010e   Code   RO         4040    i.SAI_Send          sai_stm32f7xx.o
    0x0800a8c2   0x0800a8c2   0x0000003e   Code   RO         4041    i.SAI_TX_DMA_Complete  sai_stm32f7xx.o
    0x0800a900   0x0800a900   0x000000dc   Code   RO         4042    i.SAI_Uninitialize  sai_stm32f7xx.o
    0x0800a9dc   0x0800a9dc   0x00000082   Code   RO         5549    i.SPI_EndRxTransaction  stm32f7xx_hal_spi.o
    0x0800aa5e   0x0800aa5e   0x00000064   Code   RO         5550    i.SPI_EndRxTxTransaction  stm32f7xx_hal_spi.o
    0x0800aac2   0x0800aac2   0x000000aa   Code   RO         5557    i.SPI_WaitFifoStateUntilTimeout  stm32f7xx_hal_spi.o
    0x0800ab6c   0x0800ab6c   0x000000a8   Code   RO         5558    i.SPI_WaitFlagStateUntilTimeout  stm32f7xx_hal_spi.o
    0x0800ac14   0x0800ac14   0x00000838   Code   RO         6491    i.ScanCodeAnalyse   ext_keyboard.o
    0x0800b44c   0x0800b44c   0x00000018   Code   RO         2997    i.SemaphoreTokenDecrement  rtx_semaphore.o
    0x0800b464   0x0800b464   0x0000001e   Code   RO         2998    i.SemaphoreTokenIncrement  rtx_semaphore.o
    0x0800b482   0x0800b482   0x00000002   PAD
    0x0800b484   0x0800b484   0x00000054   Code   RO        12139    i.SendCheckboxEvent  gwin_checkbox.o
    0x0800b4d8   0x0800b4d8   0x000000d4   Code   RO        10358    i.SendMouseEvent    ginput_mouse.o
    0x0800b5ac   0x0800b5ac   0x00000040   Code   RO        12508    i.SendRadioEvent    gwin_radio.o
    0x0800b5ec   0x0800b5ec   0x00000080   Code   RO            8    i.SystemClock_Config  main.o
    0x0800b66c   0x0800b66c   0x00000064   Code   RO         6419    i.SystemInit        system_stm32f7xx.o
    0x0800b6d0   0x0800b6d0   0x00000056   Code   RO         3169    i.ThreadFlagsCheck  rtx_thread.o
    0x0800b726   0x0800b726   0x00000002   PAD
    0x0800b728   0x0800b728   0x00000060   Code   RO          533    i.TimeReceiver      time_receiver.o
    0x0800b788   0x0800b788   0x000000d4   Code   RO          499    i.TimeSender        time_sender.o
    0x0800b85c   0x0800b85c   0x00000040   Code   RO         3599    i.TimerInsert       rtx_timer.o
    0x0800b89c   0x0800b89c   0x00000018   Code   RO         3601    i.TimerUnlink       rtx_timer.o
    0x0800b8b4   0x0800b8b4   0x00000184   Code   RO          410    i.Touch             touch.o
    0x0800ba38   0x0800ba38   0x000000f8   Code   RO         5909    i.UART_AdvFeatureConfig  stm32f7xx_hal_uart.o
    0x0800bb30   0x0800bb30   0x00000048   Code   RO         5910    i.UART_CheckIdleState  stm32f7xx_hal_uart.o
    0x0800bb78   0x0800bb78   0x00000018   Code   RO         5911    i.UART_DMAAbortOnError  stm32f7xx_hal_uart.o
    0x0800bb90   0x0800bb90   0x00000022   Code   RO         5921    i.UART_EndRxTransfer  stm32f7xx_hal_uart.o
    0x0800bbb2   0x0800bbb2   0x00000020   Code   RO         5922    i.UART_EndTransmit_IT  stm32f7xx_hal_uart.o
    0x0800bbd2   0x0800bbd2   0x0000006c   Code   RO         5924    i.UART_RxISR_16BIT  stm32f7xx_hal_uart.o
    0x0800bc3e   0x0800bc3e   0x00000068   Code   RO         5925    i.UART_RxISR_8BIT   stm32f7xx_hal_uart.o
    0x0800bca6   0x0800bca6   0x00000002   PAD
    0x0800bca8   0x0800bca8   0x000003a4   Code   RO         5926    i.UART_SetConfig    stm32f7xx_hal_uart.o
    0x0800c04c   0x0800c04c   0x00000068   Code   RO         5929    i.UART_WaitOnFlagUntilTimeout  stm32f7xx_hal_uart.o
    0x0800c0b4   0x0800c0b4   0x00000010   Code   RO         6598    i.USART6_IRQHandler  ext_uart.o
    0x0800c0c4   0x0800c0c4   0x00000040   Code   RO        12753    i.WM_Add            gwin_wm.o
    0x0800c104   0x0800c104   0x00000002   Code   RO        12754    i.WM_DeInit         gwin_wm.o
    0x0800c106   0x0800c106   0x00000002   PAD
    0x0800c108   0x0800c108   0x00000028   Code   RO        12755    i.WM_Delete         gwin_wm.o
    0x0800c130   0x0800c130   0x00000002   Code   RO        12756    i.WM_Init           gwin_wm.o
    0x0800c132   0x0800c132   0x00000002   Code   RO        12757    i.WM_MinMax         gwin_wm.o
    0x0800c134   0x0800c134   0x000001f2   Code   RO        12758    i.WM_Move           gwin_wm.o
    0x0800c326   0x0800c326   0x00000002   PAD
    0x0800c328   0x0800c328   0x0000009c   Code   RO        12759    i.WM_Raise          gwin_wm.o
    0x0800c3c4   0x0800c3c4   0x00000178   Code   RO        12760    i.WM_Redraw         gwin_wm.o
    0x0800c53c   0x0800c53c   0x000001a4   Code   RO        12761    i.WM_Size           gwin_wm.o
    0x0800c6e0   0x0800c6e0   0x00000074   Code   RO         6641    i._FMC_SDRAM_Init   stm32f746g_discovery_sdram.o
    0x0800c754   0x0800c754   0x0000000e   Code   RO         6642    i._FMC_SDRAM_ProgramRefreshRate  stm32f746g_discovery_sdram.o
    0x0800c762   0x0800c762   0x00000056   Code   RO         6643    i._FMC_SDRAM_SendCommand  stm32f746g_discovery_sdram.o
    0x0800c7b8   0x0800c7b8   0x00000098   Code   RO         6644    i._FMC_SDRAM_Timing_Init  stm32f746g_discovery_sdram.o
    0x0800c850   0x0800c850   0x00000f5c   Code   RO         6645    i._HAL_DMA_DeInit   stm32f746g_discovery_sdram.o
    0x0800d7ac   0x0800d7ac   0x00000078   Code   RO         6646    i._HAL_DMA_Init     stm32f746g_discovery_sdram.o
    0x0800d824   0x0800d824   0x00000038   Code   RO         6647    i._HAL_SDRAM_Init   stm32f746g_discovery_sdram.o
    0x0800d85c   0x0800d85c   0x00000028   Code   RO         6648    i._HAL_SDRAM_ProgramRefreshRate  stm32f746g_discovery_sdram.o
    0x0800d884   0x0800d884   0x0000003a   Code   RO         6649    i._HAL_SDRAM_SendCommand  stm32f746g_discovery_sdram.o
    0x0800d8be   0x0800d8be   0x00000002   PAD
    0x0800d8c0   0x0800d8c0   0x0000001c   Code   RO         4043    i.__NVIC_ClearPendingIRQ  sai_stm32f7xx.o
    0x0800d8dc   0x0800d8dc   0x00000022   Code   RO         4044    i.__NVIC_EnableIRQ  sai_stm32f7xx.o
    0x0800d8fe   0x0800d8fe   0x00000002   PAD
    0x0800d900   0x0800d900   0x00000010   Code   RO         4630    i.__NVIC_GetPriorityGrouping  stm32f7xx_hal_cortex.o
    0x0800d910   0x0800d910   0x00000028   Code   RO         4631    i.__NVIC_SetPriority  stm32f7xx_hal_cortex.o
    0x0800d938   0x0800d938   0x0000000a   Code   RO         2176    i.__set_CONTROL     rtx_kernel.o
    0x0800d942   0x0800d942   0x00000002   PAD
    0x0800d944   0x0800d944   0x00000058   Code   RO         2403    i.__user_perthread_libspace  rtx_lib.o
    0x0800d99c   0x0800d99c   0x00000828   Code   RO          902    i._createPageaddressSelectDisplay  gui.o
    0x0800e1c4   0x0800e1c4   0x000008e4   Code   RO          903    i._createPageconfigDisplay  gui.o
    0x0800eaa8   0x0800eaa8   0x00000400   Code   RO          904    i._createPagemainDisplay  gui.o
    0x0800eea8   0x0800eea8   0x000002ac   Code   RO          905    i._createPagestartup  gui.o
    0x0800f154   0x0800f154   0x0000002c   Code   RO        12261    i._gcontainerCreate  gwin_container.o
    0x0800f180   0x0800f180   0x0000001e   Code   RO        12263    i._gcontainerDestroy  gwin_container.o
    0x0800f19e   0x0800f19e   0x00000002   Code   RO        12264    i._gcontainerInit   gwin_container.o
    0x0800f1a0   0x0800f1a0   0x00000044   Code   RO         7510    i._gdispDeInitDriver  gdisp.o
    0x0800f1e4   0x0800f1e4   0x0000002c   Code   RO         7512    i._gdispInit        gdisp.o
    0x0800f210   0x0800f210   0x0000003e   Code   RO         7513    i._gdispInitDriver  gdisp.o
    0x0800f24e   0x0800f24e   0x00000002   PAD
    0x0800f250   0x0800f250   0x00000040   Code   RO         7514    i._gdispPostInitDriver  gdisp.o
    0x0800f290   0x0800f290   0x00000002   Code   RO         8983    i._gdriverInit      gdriver.o
    0x0800f292   0x0800f292   0x00000002   PAD
    0x0800f294   0x0800f294   0x00000010   Code   RO         9216    i._geventInit       gevent.o
    0x0800f2a4   0x0800f2a4   0x000000f8   Code   RO         9481    i._gfileFindSlot    gfile.o
    0x0800f39c   0x0800f39c   0x00000002   Code   RO         9482    i._gfileInit        gfile.o
    0x0800f39e   0x0800f39e   0x00000008   Code   RO        10147    i._ginputInit       ginput.o
    0x0800f3a6   0x0800f3a6   0x00000002   Code   RO        10359    i._gmouseDeInitDriver  ginput_mouse.o
    0x0800f3a8   0x0800f3a8   0x00000020   Code   RO        10361    i._gmouseInit       ginput_mouse.o
    0x0800f3c8   0x0800f3c8   0x00000054   Code   RO        10362    i._gmouseInitDriver  ginput_mouse.o
    0x0800f41c   0x0800f41c   0x0000003c   Code   RO        10363    i._gmousePostInitDriver  ginput_mouse.o
    0x0800f458   0x0800f458   0x00000014   Code   RO        10962    i._gosHeapInit      gos_x_heap.o
    0x0800f46c   0x0800f46c   0x00000008   Code   RO        10861    i._gosInit          gos_cmsis2.o
    0x0800f474   0x0800f474   0x00000002   Code   RO        10862    i._gosPostInit      gos_cmsis2.o
    0x0800f476   0x0800f476   0x00000002   Code   RO        11014    i._gqueueInit       gqueue.o
    0x0800f478   0x0800f478   0x00000030   Code   RO        11285    i._gtimerInit       gtimer.o
    0x0800f4a8   0x0800f4a8   0x00000074   Code   RO        12591    i._gwidgetCreate    gwin_widget.o
    0x0800f51c   0x0800f51c   0x0000002a   Code   RO        12593    i._gwidgetDestroy   gwin_widget.o
    0x0800f546   0x0800f546   0x00000002   PAD
    0x0800f548   0x0800f548   0x00000030   Code   RO        12594    i._gwidgetInit      gwin_widget.o
    0x0800f578   0x0800f578   0x0000001a   Code   RO        12595    i._gwidgetRedraw    gwin_widget.o
    0x0800f592   0x0800f592   0x00000002   PAD
    0x0800f594   0x0800f594   0x00000068   Code   RO        11705    i._gwinDestroy      gwin.o
    0x0800f5fc   0x0800f5fc   0x00000038   Code   RO        12762    i._gwinDrawEnd      gwin_wm.o
    0x0800f634   0x0800f634   0x0000004c   Code   RO        12763    i._gwinDrawStart    gwin_wm.o
    0x0800f680   0x0800f680   0x0000014c   Code   RO        12764    i._gwinFlushRedraws  gwin_wm.o
    0x0800f7cc   0x0800f7cc   0x00000010   Code   RO        11706    i._gwinInit         gwin.o
    0x0800f7dc   0x0800f7dc   0x000000a4   Code   RO        12765    i._gwinRippleVisibility  gwin_wm.o
    0x0800f880   0x0800f880   0x00000048   Code   RO        12596    i._gwinSendEvent    gwin_widget.o
    0x0800f8c8   0x0800f8c8   0x00000034   Code   RO        12766    i._gwinUpdate       gwin_wm.o
    0x0800f8fc   0x0800f8fc   0x00000058   Code   RO        12767    i._gwinWMAdd        gwin_wm.o
    0x0800f954   0x0800f954   0x00000084   Code   RO        11707    i._gwindowCreate    gwin.o
    0x0800f9d8   0x0800f9d8   0x00000054   Code   RO        12769    i._gwmInit          gwin_wm.o
    0x0800fa2c   0x0800fa2c   0x0000000e   Code   RO        12988    i._is_digit         c_w.l(__printf_wp.o)
    0x0800fa3a   0x0800fa3a   0x00000002   PAD
    0x0800fa3c   0x0800fa3c   0x00000138   Code   RO         6955    i._ltdc_init        gdisp_lld_stm32ltdc.o
    0x0800fb74   0x0800fb74   0x000000f4   Code   RO         6956    i._ltdc_layer_init  gdisp_lld_stm32ltdc.o
    0x0800fc68   0x0800fc68   0x00000028   Code   RO         6957    i._ltdc_reload      gdisp_lld_stm32ltdc.o
    0x0800fc90   0x0800fc90   0x00000016   Code   RO         2404    i._mutex_acquire    rtx_lib.o
    0x0800fca6   0x0800fca6   0x0000000c   Code   RO         2405    i._mutex_free       rtx_lib.o
    0x0800fcb2   0x0800fcb2   0x00000022   Code   RO         2406    i._mutex_initialize  rtx_lib.o
    0x0800fcd4   0x0800fcd4   0x00000012   Code   RO         2407    i._mutex_release    rtx_lib.o
    0x0800fce6   0x0800fce6   0x00000008   Code   RO         2408    i._platform_post_stackheap_init  rtx_lib.o
    0x0800fcee   0x0800fcee   0x00000026   Code   RO         4331    i._sys_close        retarget_io.o
    0x0800fd14   0x0800fd14   0x00000024   Code   RO         4332    i._sys_flen         retarget_io.o
    0x0800fd38   0x0800fd38   0x00000024   Code   RO         4333    i._sys_istty        retarget_io.o
    0x0800fd5c   0x0800fd5c   0x00000068   Code   RO         4334    i._sys_open         retarget_io.o
    0x0800fdc4   0x0800fdc4   0x0000002c   Code   RO         4336    i._sys_seek         retarget_io.o
    0x0800fdf0   0x0800fdf0   0x00000046   Code   RO         4337    i._sys_write        retarget_io.o
    0x0800fe36   0x0800fe36   0x00000048   Code   RO         8937    i.append_char       mf_wordwrap.o
    0x0800fe7e   0x0800fe7e   0x0000006e   Code   RO         8938    i.append_word       mf_wordwrap.o
    0x0800feec   0x0800feec   0x0000000e   Code   RO         8805    i.avg16             mf_kerning.o
    0x0800fefa   0x0800fefa   0x00000040   Code   RO          906    i.background_Display_Background  gui.o
    0x0800ff3a   0x0800ff3a   0x00000040   Code   RO          907    i.background_gray   gui.o
    0x0800ff7a   0x0800ff7a   0x0000001a   Code   RO          599    i.calcCheckSum      mac_receiver.o
    0x0800ff94   0x0800ff94   0x0000001a   Code   RO          558    i.calcuCheckSum     mac_sender.o
    0x0800ffae   0x0800ffae   0x00000002   PAD
    0x0800ffb0   0x0800ffb0   0x000001f4   Code   RO         6958    i.configureLcdPins  gdisp_lld_stm32ltdc.o
    0x080101a4   0x080101a4   0x00000042   Code   RO         4222    i.crc16_ccitt       eventrecorder.o
    0x080101e6   0x080101e6   0x00000002   PAD
    0x080101e8   0x080101e8   0x00000038   Code   RO         9217    i.deleteAssignments  gevent.o
    0x08010220   0x08010220   0x00000020   Code   RO         6959    i.dma2d_init        gdisp_lld_stm32ltdc.o
    0x08010240   0x08010240   0x0000001a   Code   RO         9218    i.doExitEvent       gevent.o
    0x0801025a   0x0801025a   0x00000026   Code   RO         8806    i.do_kerning        mf_kerning.o
    0x08010280   0x08010280   0x00000028   Code   RO         7515    i.drawcharglyph     gdisp.o
    0x080102a8   0x080102a8   0x000000b0   Code   RO         7516    i.drawcharline      gdisp.o
    0x08010358   0x08010358   0x0000005c   Code   RO         7517    i.drawpixel         gdisp.o
    0x080103b4   0x080103b4   0x00000046   Code   RO         7518    i.drawpixel_clip    gdisp.o
    0x080103fa   0x080103fa   0x000000d4   Code   RO         7519    i.fillarea          gdisp.o
    0x080104ce   0x080104ce   0x00000002   PAD
    0x080104d0   0x080104d0   0x00000028   Code   RO         7520    i.fillcharglyph     gdisp.o
    0x080104f8   0x080104f8   0x00000090   Code   RO         7521    i.fillcharline      gdisp.o
    0x08010588   0x08010588   0x0000002e   Code   RO         8842    i.fillentry_bitcount  mf_rlefont.o
    0x080105b6   0x080105b6   0x0000003c   Code   RO         8843    i.find_glyph        mf_rlefont.o
    0x080105f2   0x080105f2   0x00000022   Code   RO         8807    i.fit_leftedge      mf_kerning.o
    0x08010614   0x08010614   0x00000026   Code   RO         8808    i.fit_rightedge     mf_kerning.o
    0x0801063a   0x0801063a   0x0000001a   Code   RO        13053    i.fputc             c_w.l(fputc.o)
    0x08010654   0x08010654   0x00000038   Code   RO         7090    i.ft5336Init        gmouse_lld_ft5336.o
    0x0801068c   0x0801068c   0x0000003c   Code   RO         7091    i.ft5336ReadXYZ     gmouse_lld_ft5336.o
    0x080106c8   0x080106c8   0x0000006c   Code   RO         7522    i.gdispBlendColor   gdisp.o
    0x08010734   0x08010734   0x00000294   Code   RO         7524    i.gdispGBlitArea    gdisp.o
    0x080109c8   0x080109c8   0x000000ea   Code   RO         7525    i.gdispGClear       gdisp.o
    0x08010ab2   0x08010ab2   0x000000a6   Code   RO         7526    i.gdispGControl     gdisp.o
    0x08010b58   0x08010b58   0x000000ca   Code   RO         7527    i.gdispGDrawBox     gdisp.o
    0x08010c22   0x08010c22   0x00000002   PAD
    0x08010c24   0x08010c24   0x00000088   Code   RO         7528    i.gdispGDrawChar    gdisp.o
    0x08010cac   0x08010cac   0x000001b0   Code   RO         7529    i.gdispGDrawCircle  gdisp.o
    0x08010e5c   0x08010e5c   0x00000050   Code   RO         7530    i.gdispGDrawLine    gdisp.o
    0x08010eac   0x08010eac   0x00000044   Code   RO         7531    i.gdispGDrawPixel   gdisp.o
    0x08010ef0   0x08010ef0   0x00000174   Code   RO         7533    i.gdispGDrawStringBox  gdisp.o
    0x08011064   0x08011064   0x000000c4   Code   RO         7534    i.gdispGFillArea    gdisp.o
    0x08011128   0x08011128   0x00000154   Code   RO         7536    i.gdispGFillCircle  gdisp.o
    0x0801127c   0x0801127c   0x00000214   Code   RO         7538    i.gdispGFillStringBox  gdisp.o
    0x08011490   0x08011490   0x00000024   Code   RO         7539    i.gdispGFlush       gdisp.o
    0x080114b4   0x080114b4   0x00000008   Code   RO         7542    i.gdispGGetHeight   gdisp.o
    0x080114bc   0x080114bc   0x00000006   Code   RO         7543    i.gdispGGetOrientation  gdisp.o
    0x080114c2   0x080114c2   0x00000008   Code   RO         7546    i.gdispGGetWidth    gdisp.o
    0x080114ca   0x080114ca   0x00000096   Code   RO         8109    i.gdispGImageDraw   gdisp_image.o
    0x08011560   0x08011560   0x00000262   Code   RO         8239    i.gdispGImageDraw_BMP  gdisp_image_bmp.o
    0x080117c2   0x080117c2   0x000000ac   Code   RO         7547    i.gdispGSetClip     gdisp.o
    0x0801186e   0x0801186e   0x00000016   Code   RO         7548    i.gdispGetCharWidth  gdisp.o
    0x08011884   0x08011884   0x00000042   Code   RO         7551    i.gdispGetFontMetric  gdisp.o
    0x080118c6   0x080118c6   0x00000012   Code   RO         7552    i.gdispGetStringWidth  gdisp.o
    0x080118d8   0x080118d8   0x0000001e   Code   RO         7553    i.gdispGetStringWidthCount  gdisp.o
    0x080118f6   0x080118f6   0x00000006   Code   RO         8240    i.gdispImageAdjustPalette_BMP  gdisp_image_bmp.o
    0x080118fc   0x080118fc   0x0000000e   Code   RO         8111    i.gdispImageAlloc   gdisp_image.o
    0x0801190a   0x0801190a   0x0000011a   Code   RO         8241    i.gdispImageCache_BMP  gdisp_image_bmp.o
    0x08011a24   0x08011a24   0x00000028   Code   RO         8113    i.gdispImageClose   gdisp_image.o
    0x08011a4c   0x08011a4c   0x0000003e   Code   RO         8242    i.gdispImageClose_BMP  gdisp_image_bmp.o
    0x08011a8a   0x08011a8a   0x00000010   Code   RO         8114    i.gdispImageFree    gdisp_image.o
    0x08011a9a   0x08011a9a   0x00000006   Code   RO         8243    i.gdispImageGetPaletteSize_BMP  gdisp_image_bmp.o
    0x08011aa0   0x08011aa0   0x00000006   Code   RO         8244    i.gdispImageGetPalette_BMP  gdisp_image_bmp.o
    0x08011aa6   0x08011aa6   0x00000006   Code   RO         8117    i.gdispImageInit    gdisp_image.o
    0x08011aac   0x08011aac   0x00000014   Code   RO         8118    i.gdispImageIsOpen  gdisp_image.o
    0x08011ac0   0x08011ac0   0x00000008   Code   RO         8245    i.gdispImageNext_BMP  gdisp_image_bmp.o
    0x08011ac8   0x08011ac8   0x0000007c   Code   RO         8120    i.gdispImageOpenGFile  gdisp_image.o
    0x08011b44   0x08011b44   0x0000026e   Code   RO         8246    i.gdispImageOpen_BMP  gdisp_image_bmp.o
    0x08011db2   0x08011db2   0x0000000a   Code   RO         8121    i.gdispImageSetBgColor  gdisp_image.o
    0x08011dbc   0x08011dbc   0x00000058   Code   RO         8028    i.gdispOpenFont     gdisp_fonts.o
    0x08011e14   0x08011e14   0x0000009c   Code   RO         6960    i.gdisp_lld_control  gdisp_lld_stm32ltdc.o
    0x08011eb0   0x08011eb0   0x000000cc   Code   RO         6961    i.gdisp_lld_draw_pixel  gdisp_lld_stm32ltdc.o
    0x08011f7c   0x08011f7c   0x0000017c   Code   RO         6962    i.gdisp_lld_fill_area  gdisp_lld_stm32ltdc.o
    0x080120f8   0x080120f8   0x000000c4   Code   RO         6963    i.gdisp_lld_get_pixel_color  gdisp_lld_stm32ltdc.o
    0x080121bc   0x080121bc   0x0000010c   Code   RO         6964    i.gdisp_lld_init    gdisp_lld_stm32ltdc.o
    0x080122c8   0x080122c8   0x00000030   Code   RO         8985    i.gdriverGetInstance  gdriver.o
    0x080122f8   0x080122f8   0x00000024   Code   RO         8986    i.gdriverGetNext    gdriver.o
    0x0801231c   0x0801231c   0x00000094   Code   RO         8988    i.gdriverRegister   gdriver.o
    0x080123b0   0x080123b0   0x00000024   Code   RO        12092    i.getButtonColors   gwin_button.o
    0x080123d4   0x080123d4   0x00000024   Code   RO        12140    i.getCheckboxColors  gwin_checkbox.o
    0x080123f8   0x080123f8   0x00000024   Code   RO        12509    i.getDrawColors     gwin_radio.o
    0x0801241c   0x0801241c   0x0000036c   Code   RO         8247    i.getPixels         gdisp_image_bmp.o
    0x08012788   0x08012788   0x000000c2   Code   RO         8939    i.get_wordlen       mf_wordwrap.o
    0x0801284a   0x0801284a   0x00000012   Code   RO        12441    i.getheight         gwin_label.o
    0x0801285c   0x0801285c   0x00000016   Code   RO        12442    i.getwidth          gwin_label.o
    0x08012872   0x08012872   0x00000002   PAD
    0x08012874   0x08012874   0x00000080   Code   RO         9219    i.geventAttachSource  gevent.o
    0x080128f4   0x080128f4   0x00000028   Code   RO         9221    i.geventDetachSourceListeners  gevent.o
    0x0801291c   0x0801291c   0x0000002a   Code   RO         9223    i.geventEventWait   gevent.o
    0x08012946   0x08012946   0x00000002   PAD
    0x08012948   0x08012948   0x00000044   Code   RO         9224    i.geventGetEventBuffer  gevent.o
    0x0801298c   0x0801298c   0x00000074   Code   RO         9225    i.geventGetSourceListener  gevent.o
    0x08012a00   0x08012a00   0x0000001a   Code   RO         9226    i.geventListenerInit  gevent.o
    0x08012a1a   0x08012a1a   0x00000002   PAD
    0x08012a1c   0x08012a1c   0x00000038   Code   RO         9227    i.geventRegisterCallback  gevent.o
    0x08012a54   0x08012a54   0x00000050   Code   RO         9228    i.geventSendEvent   gevent.o
    0x08012aa4   0x08012aa4   0x00000026   Code   RO         9483    i.gfileClose        gfile.o
    0x08012aca   0x08012aca   0x00000014   Code   RO         9488    i.gfileGetPos       gfile.o
    0x08012ade   0x08012ade   0x00000002   PAD
    0x08012ae0   0x08012ae0   0x0000003c   Code   RO         9491    i.gfileOpen         gfile.o
    0x08012b1c   0x08012b1c   0x00000042   Code   RO         9492    i.gfileRead         gfile.o
    0x08012b5e   0x08012b5e   0x00000030   Code   RO         9494    i.gfileSetPos       gfile.o
    0x08012b8e   0x08012b8e   0x00000018   Code   RO        10963    i.gfxAddHeapBlock   gos_x_heap.o
    0x08012ba6   0x08012ba6   0x00000002   PAD
    0x08012ba8   0x08012ba8   0x00000060   Code   RO        10964    i.gfxAlloc          gos_x_heap.o
    0x08012c08   0x08012c08   0x00000084   Code   RO        10965    i.gfxFree           gos_x_heap.o
    0x08012c8c   0x08012c8c   0x00000040   Code   RO         9953    i.gfxInit           gfx.o
    0x08012ccc   0x08012ccc   0x0000000e   Code   RO        10863    i.gfxMutexInit      gos_cmsis2.o
    0x08012cda   0x08012cda   0x00000008   Code   RO        11017    i.gfxQueueASyncInit  gqueue.o
    0x08012ce2   0x08012ce2   0x00000018   Code   RO        11024    i.gfxQueueASyncPut  gqueue.o
    0x08012cfa   0x08012cfa   0x0000001c   Code   RO        11025    i.gfxQueueASyncPutI  gqueue.o
    0x08012d16   0x08012d16   0x00000018   Code   RO        11026    i.gfxQueueASyncRemove  gqueue.o
    0x08012d2e   0x08012d2e   0x00000042   Code   RO        11027    i.gfxQueueASyncRemoveI  gqueue.o
    0x08012d70   0x08012d70   0x00000016   Code   RO        10864    i.gfxSemInit        gos_cmsis2.o
    0x08012d86   0x08012d86   0x00000026   Code   RO        10865    i.gfxSemWait        gos_cmsis2.o
    0x08012dac   0x08012dac   0x00000040   Code   RO        10866    i.gfxThreadCreate   gos_cmsis2.o
    0x08012dec   0x08012dec   0x0000001c   Code   RO        10366    i.ginputGetMouse    ginput_mouse.o
    0x08012e08   0x08012e08   0x00000010   Code   RO         1037    i.gstudioGetFont    resources_manager.o
    0x08012e18   0x08012e18   0x00000010   Code   RO         1032    i.gstudioGetImage   resources_manager.o
    0x08012e28   0x08012e28   0x00000010   Code   RO         1027    i.gstudioGetImageFilePath  resources_manager.o
    0x08012e38   0x08012e38   0x00000006   Code   RO        11287    i.gtimerInit        gtimer.o
    0x08012e3e   0x08012e3e   0x0000001c   Code   RO        11288    i.gtimerIsActive    gtimer.o
    0x08012e5a   0x08012e5a   0x00000002   PAD
    0x08012e5c   0x08012e5c   0x00000034   Code   RO        11289    i.gtimerJab         gtimer.o
    0x08012e90   0x08012e90   0x00000108   Code   RO        11291    i.gtimerStart       gtimer.o
    0x08012f98   0x08012f98   0x0000002c   Code   RO          908    i.guiInit           gui.o
    0x08012fc4   0x08012fc4   0x000000b4   Code   RO         1014    i.guiResourcesManagerInit  resources_manager.o
    0x08013078   0x08013078   0x00000084   Code   RO          909    i.guiShowPage       gui.o
    0x080130fc   0x080130fc   0x0000014a   Code   RO        12597    i.gwidgetEvent      gwin_widget.o
    0x08013246   0x08013246   0x00000002   PAD
    0x08013248   0x08013248   0x00000014   Code   RO        12598    i.gwinAttachListener  gwin_widget.o
    0x0801325c   0x0801325c   0x00000148   Code   RO        12094    i.gwinButtonDraw_Normal  gwin_button.o
    0x080133a4   0x080133a4   0x0000004c   Code   RO        12141    i.gwinCheckboxCheck  gwin_checkbox.o
    0x080133f0   0x080133f0   0x00000104   Code   RO        12143    i.gwinCheckboxDraw_CheckOnLeft  gwin_checkbox.o
    0x080134f4   0x080134f4   0x0000002c   Code   RO        12145    i.gwinCheckboxIsChecked  gwin_checkbox.o
    0x08013520   0x08013520   0x00000040   Code   RO        12266    i.gwinContainerDraw_Std  gwin_container.o
    0x08013560   0x08013560   0x0000004c   Code   RO        12267    i.gwinContainerDraw_Transparent  gwin_container.o
    0x080135ac   0x080135ac   0x0000000e   Code   RO        11711    i.gwinDestroy       gwin.o
    0x080135ba   0x080135ba   0x00000002   PAD
    0x080135bc   0x080135bc   0x0000002c   Code   RO        12096    i.gwinGButtonCreate  gwin_button.o
    0x080135e8   0x080135e8   0x0000002c   Code   RO        12146    i.gwinGCheckboxCreate  gwin_checkbox.o
    0x08013614   0x08013614   0x00000044   Code   RO        12202    i.gwinGConsoleCreate  gwin_console.o
    0x08013658   0x08013658   0x0000003c   Code   RO        12268    i.gwinGContainerCreate  gwin_container.o
    0x08013694   0x08013694   0x00000038   Code   RO        12394    i.gwinGImageCreate  gwin_image.o
    0x080136cc   0x080136cc   0x00000090   Code   RO        12443    i.gwinGLabelCreate  gwin_label.o
    0x0801375c   0x0801375c   0x00000034   Code   RO        12510    i.gwinGRadioCreate  gwin_radio.o
    0x08013790   0x08013790   0x0000000c   Code   RO        11727    i.gwinGetDefaultBgColor  gwin.o
    0x0801379c   0x0801379c   0x0000000c   Code   RO        11729    i.gwinGetDefaultFont  gwin.o
    0x080137a8   0x080137a8   0x00000028   Code   RO        12269    i.gwinGetFirstChild  gwin_container.o
    0x080137d0   0x080137d0   0x00000014   Code   RO        12771    i.gwinGetNextWindow  gwin_wm.o
    0x080137e4   0x080137e4   0x0000002a   Code   RO        12272    i.gwinGetSibling    gwin_container.o
    0x0801380e   0x0801380e   0x00000012   Code   RO        12602    i.gwinGetTag        gwin_widget.o
    0x08013820   0x08013820   0x00000048   Code   RO        12396    i.gwinImageOpenGFile  gwin_image.o
    0x08013868   0x08013868   0x0000012c   Code   RO        12444    i.gwinLabelDraw     gwin_label.o
    0x08013994   0x08013994   0x00000010   Code   RO        12446    i.gwinLabelDrawJustifiedLeft  gwin_label.o
    0x080139a4   0x080139a4   0x000002cc   Code   RO        12204    i.gwinPutChar       gwin_console.o
    0x08013c70   0x08013c70   0x0000001a   Code   RO        12206    i.gwinPutString     gwin_console.o
    0x08013c8a   0x08013c8a   0x00000002   PAD
    0x08013c8c   0x08013c8c   0x000000f8   Code   RO        12512    i.gwinRadioDraw_Radio  gwin_radio.o
    0x08013d84   0x08013d84   0x0000003c   Code   RO        12514    i.gwinRadioGetActive  gwin_radio.o
    0x08013dc0   0x08013dc0   0x0000004c   Code   RO        12516    i.gwinRadioPress    gwin_radio.o
    0x08013e0c   0x08013e0c   0x00000030   Code   RO        12774    i.gwinRedraw        gwin_wm.o
    0x08013e3c   0x08013e3c   0x00000020   Code   RO        12776    i.gwinResize        gwin_wm.o
    0x08013e5c   0x08013e5c   0x0000000c   Code   RO        11733    i.gwinSetDefaultBgColor  gwin.o
    0x08013e68   0x08013e68   0x0000000c   Code   RO        11735    i.gwinSetDefaultFont  gwin.o
    0x08013e74   0x08013e74   0x0000005c   Code   RO        12606    i.gwinSetDefaultStyle  gwin_widget.o
    0x08013ed0   0x08013ed0   0x00000004   Code   RO        11736    i.gwinSetFont       gwin.o
    0x08013ed4   0x08013ed4   0x00000038   Code   RO        12607    i.gwinSetStyle      gwin_widget.o
    0x08013f0c   0x08013f0c   0x0000007c   Code   RO        12609    i.gwinSetText       gwin_widget.o
    0x08013f88   0x08013f88   0x00000034   Code   RO        12779    i.gwinSetVisible    gwin_wm.o
    0x08013fbc   0x08013fbc   0x00000014   Code   RO        12610    i.gwinWidgetClearInit  gwin_widget.o
    0x08013fd0   0x08013fd0   0x00000142   Code   RO         7555    i.hline_clip        gdisp.o
    0x08014112   0x08014112   0x00000002   PAD
    0x08014114   0x08014114   0x00000048   Code   RO         6902    i.i2cInit           stm32f7_i2c.o
    0x0801415c   0x0801415c   0x0000008c   Code   RO         6903    i.i2cReadByte       stm32f7_i2c.o
    0x080141e8   0x080141e8   0x00000098   Code   RO         6904    i.i2cReadWord       stm32f7_i2c.o
    0x08014280   0x08014280   0x0000006c   Code   RO         6905    i.i2cWriteReg       stm32f7_i2c.o
    0x080142ec   0x080142ec   0x000000a0   Code   RO         7092    i.init_board        gmouse_lld_ft5336.o
    0x0801438c   0x0801438c   0x0000001e   Code   RO         8940    i.is_wrap_space     mf_wordwrap.o
    0x080143aa   0x080143aa   0x00000066   Code   RO         1147    i.isrRtxEventFlagsWait  rtx_evflags.o
    0x08014410   0x08014410   0x00000058   Code   RO         2541    i.isrRtxMemoryPoolFree  rtx_mempool.o
    0x08014468   0x08014468   0x00000082   Code   RO         2706    i.isrRtxMessageQueueGet  rtx_msgqueue.o
    0x080144ea   0x080144ea   0x00000086   Code   RO         2707    i.isrRtxMessageQueuePut  rtx_msgqueue.o
    0x08014570   0x08014570   0x00000034   Code   RO         3111    i.isr_queue_get     rtx_system.o
    0x080145a4   0x080145a4   0x0000003c   Code   RO         3112    i.isr_queue_put     rtx_system.o
    0x080145e0   0x080145e0   0x00000014   Code   RO         6542    i.lightness_to_pwm  ext_led.o
    0x080145f4   0x080145f4   0x00000122   Code   RO         7556    i.line_clip         gdisp.o
    0x08014716   0x08014716   0x00000002   PAD
    0x08014718   0x08014718   0x00000294   Code   RO            9    i.main              main.o
    0x080149ac   0x080149ac   0x0000004e   Code   RO         8030    i.matchfont         gdisp_fonts.o
    0x080149fa   0x080149fa   0x0000000e   Code   RO         8809    i.max16             mf_kerning.o
    0x08014a08   0x08014a08   0x00000020   Code   RO         8612    i.mf_character_width  mf_font.o
    0x08014a28   0x08014a28   0x00000124   Code   RO         8810    i.mf_compute_kerning  mf_kerning.o
    0x08014b4c   0x08014b4c   0x0000000e   Code   RO         7557    i.mf_countline_callback  gdisp.o
    0x08014b5a   0x08014b5a   0x00000002   PAD
    0x08014b5c   0x08014b5c   0x00000044   Code   RO         7558    i.mf_drawline_callback  gdisp.o
    0x08014ba0   0x08014ba0   0x00000044   Code   RO         7559    i.mf_fillline_callback  gdisp.o
    0x08014be4   0x08014be4   0x00000008   Code   RO         8614    i.mf_get_font_list  mf_font.o
    0x08014bec   0x08014bec   0x00000074   Code   RO         8747    i.mf_get_string_width  mf_justify.o
    0x08014c60   0x08014c60   0x00000088   Code   RO         8553    i.mf_getchar        mf_encoding.o
    0x08014ce8   0x08014ce8   0x0000007e   Code   RO         8748    i.mf_render_aligned  mf_justify.o
    0x08014d66   0x08014d66   0x00000040   Code   RO         8615    i.mf_render_character  mf_font.o
    0x08014da6   0x08014da6   0x00000026   Code   RO         8554    i.mf_rewind         mf_encoding.o
    0x08014dcc   0x08014dcc   0x0000001a   Code   RO         8844    i.mf_rlefont_character_width  mf_rlefont.o
    0x08014de6   0x08014de6   0x00000070   Code   RO         8845    i.mf_rlefont_render_character  mf_rlefont.o
    0x08014e56   0x08014e56   0x00000040   Code   RO         8750    i.mf_round_to_prev_tab  mf_justify.o
    0x08014e96   0x08014e96   0x00000040   Code   RO         8751    i.mf_round_to_tab   mf_justify.o
    0x08014ed6   0x08014ed6   0x00000020   Code   RO         8906    i.mf_scaled_character_width  mf_scaledfont.o
    0x08014ef6   0x08014ef6   0x00000002   PAD
    0x08014ef8   0x08014ef8   0x00000060   Code   RO         8907    i.mf_scaled_render_character  mf_scaledfont.o
    0x08014f58   0x08014f58   0x000000ec   Code   RO         8941    i.mf_wordwrap       mf_wordwrap.o
    0x08015044   0x08015044   0x0000003c   Code   RO         1063    i.osDelay           rtx_delay.o
    0x08015080   0x08015080   0x00000040   Code   RO         1148    i.osEventFlagsClear  rtx_evflags.o
    0x080150c0   0x080150c0   0x0000003c   Code   RO         1152    i.osEventFlagsNew   rtx_evflags.o
    0x080150fc   0x080150fc   0x00000084   Code   RO         1153    i.osEventFlagsSet   rtx_evflags.o
    0x08015180   0x08015180   0x00000054   Code   RO         1154    i.osEventFlagsWait  rtx_evflags.o
    0x080151d4   0x080151d4   0x00000030   Code   RO         2178    i.osKernelGetState  rtx_kernel.o
    0x08015204   0x08015204   0x0000002c   Code   RO         2181    i.osKernelGetTickCount  rtx_kernel.o
    0x08015230   0x08015230   0x0000002c   Code   RO         2182    i.osKernelGetTickFreq  rtx_kernel.o
    0x0801525c   0x0801525c   0x00000038   Code   RO         2183    i.osKernelInitialize  rtx_kernel.o
    0x08015294   0x08015294   0x00000034   Code   RO         2184    i.osKernelLock      rtx_kernel.o
    0x080152c8   0x080152c8   0x00000034   Code   RO         2187    i.osKernelStart     rtx_kernel.o
    0x080152fc   0x080152fc   0x00000034   Code   RO         2189    i.osKernelUnlock    rtx_kernel.o
    0x08015330   0x08015330   0x00000084   Code   RO         2542    i.osMemoryPoolAlloc  rtx_mempool.o
    0x080153b4   0x080153b4   0x00000040   Code   RO         2544    i.osMemoryPoolFree  rtx_mempool.o
    0x080153f4   0x080153f4   0x0000004c   Code   RO         2550    i.osMemoryPoolNew   rtx_mempool.o
    0x08015440   0x08015440   0x00000054   Code   RO         2709    i.osMessageQueueGet  rtx_msgqueue.o
    0x08015494   0x08015494   0x0000004c   Code   RO         2715    i.osMessageQueueNew  rtx_msgqueue.o
    0x080154e0   0x080154e0   0x00000054   Code   RO         2716    i.osMessageQueuePut  rtx_msgqueue.o
    0x08015534   0x08015534   0x00000030   Code   RO         2884    i.osMutexAcquire    rtx_mutex.o
    0x08015564   0x08015564   0x0000002c   Code   RO         2885    i.osMutexDelete     rtx_mutex.o
    0x08015590   0x08015590   0x0000002c   Code   RO         2888    i.osMutexNew        rtx_mutex.o
    0x080155bc   0x080155bc   0x0000002c   Code   RO         2889    i.osMutexRelease    rtx_mutex.o
    0x080155e8   0x080155e8   0x00000020   Code   RO         3808    i.osRtxErrorNotify  rtx_config.o
    0x08015608   0x08015608   0x00000044   Code   RO         1155    i.osRtxEventFlagsPostProcess  rtx_evflags.o
    0x0801564c   0x0801564c   0x00000004   Code   RO         3809    i.osRtxIdleThread   rtx_config.o
    0x08015650   0x08015650   0x00000018   Code   RO         2190    i.osRtxKernelErrorNotify  rtx_kernel.o
    0x08015668   0x08015668   0x0000000c   Code   RO         3173    i.osRtxKernelGetState  rtx_thread.o
    0x08015674   0x08015674   0x00000002   Code   RO         2191    i.osRtxKernelPreInit  rtx_kernel.o
    0x08015676   0x08015676   0x000000ee   Code   RO         2492    i.osRtxMemoryAlloc  rtx_memory.o
    0x08015764   0x08015764   0x0000007c   Code   RO         2493    i.osRtxMemoryFree   rtx_memory.o
    0x080157e0   0x080157e0   0x0000006a   Code   RO         2494    i.osRtxMemoryInit   rtx_memory.o
    0x0801584a   0x0801584a   0x00000030   Code   RO         2551    i.osRtxMemoryPoolAlloc  rtx_mempool.o
    0x0801587a   0x0801587a   0x00000044   Code   RO         2552    i.osRtxMemoryPoolFree  rtx_mempool.o
    0x080158be   0x080158be   0x00000058   Code   RO         2553    i.osRtxMemoryPoolInit  rtx_mempool.o
    0x08015916   0x08015916   0x0000003a   Code   RO         2554    i.osRtxMemoryPoolPostProcess  rtx_mempool.o
    0x08015950   0x08015950   0x00000108   Code   RO         2718    i.osRtxMessageQueuePostProcess  rtx_msgqueue.o
    0x08015a58   0x08015a58   0x0000002c   Code   RO         2719    i.osRtxMessageQueueTimerSetup  rtx_msgqueue.o
    0x08015a84   0x08015a84   0x00000056   Code   RO         2890    i.osRtxMutexOwnerRelease  rtx_mutex.o
    0x08015ada   0x08015ada   0x00000058   Code   RO         2891    i.osRtxMutexOwnerRestore  rtx_mutex.o
    0x08015b32   0x08015b32   0x00000002   PAD
    0x08015b34   0x08015b34   0x00000088   Code   RO         3113    i.osRtxPendSV_Handler  rtx_system.o
    0x08015bbc   0x08015bbc   0x0000003c   Code   RO         3114    i.osRtxPostProcess  rtx_system.o
    0x08015bf8   0x08015bf8   0x0000002a   Code   RO         2999    i.osRtxSemaphorePostProcess  rtx_semaphore.o
    0x08015c22   0x08015c22   0x00000002   PAD
    0x08015c24   0x08015c24   0x00000040   Code   RO         3174    i.osRtxThreadBlock  rtx_thread.o
    0x08015c64   0x08015c64   0x00000068   Code   RO         3175    i.osRtxThreadDelayInsert  rtx_thread.o
    0x08015ccc   0x08015ccc   0x00000060   Code   RO         3176    i.osRtxThreadDelayRemove  rtx_thread.o
    0x08015d2c   0x08015d2c   0x000000e4   Code   RO         3177    i.osRtxThreadDelayTick  rtx_thread.o
    0x08015e10   0x08015e10   0x00000040   Code   RO         3178    i.osRtxThreadDestroy  rtx_thread.o
    0x08015e50   0x08015e50   0x0000006c   Code   RO         3179    i.osRtxThreadDispatch  rtx_thread.o
    0x08015ebc   0x08015ebc   0x00000064   Code   RO         3180    i.osRtxThreadFree   rtx_thread.o
    0x08015f20   0x08015f20   0x0000000c   Code   RO         3181    i.osRtxThreadGetRunning  rtx_thread.o
    0x08015f2c   0x08015f2c   0x00000026   Code   RO         3182    i.osRtxThreadJoinWakeup  rtx_thread.o
    0x08015f52   0x08015f52   0x0000001a   Code   RO         3183    i.osRtxThreadListGet  rtx_thread.o
    0x08015f6c   0x08015f6c   0x0000002c   Code   RO         3184    i.osRtxThreadListPut  rtx_thread.o
    0x08015f98   0x08015f98   0x0000001a   Code   RO         3185    i.osRtxThreadListRemove  rtx_thread.o
    0x08015fb2   0x08015fb2   0x00000010   Code   RO         3186    i.osRtxThreadListRoot  rtx_thread.o
    0x08015fc2   0x08015fc2   0x0000002a   Code   RO         3187    i.osRtxThreadListSort  rtx_thread.o
    0x08015fec   0x08015fec   0x00000034   Code   RO         3189    i.osRtxThreadPostProcess  rtx_thread.o
    0x08016020   0x08016020   0x00000018   Code   RO         3190    i.osRtxThreadReadyPut  rtx_thread.o
    0x08016038   0x08016038   0x00000018   Code   RO         3191    i.osRtxThreadRegPtr  rtx_thread.o
    0x08016050   0x08016050   0x0000000c   Code   RO         3192    i.osRtxThreadSetRunning  rtx_thread.o
    0x0801605c   0x0801605c   0x0000000c   Code   RO         3602    i.osRtxThreadSetRunning  rtx_timer.o
    0x08016068   0x08016068   0x00000020   Code   RO         3193    i.osRtxThreadStackCheck  rtx_thread.o
    0x08016088   0x08016088   0x00000058   Code   RO         3194    i.osRtxThreadStartup  rtx_thread.o
    0x080160e0   0x080160e0   0x00000018   Code   RO         3195    i.osRtxThreadSwitch  rtx_thread.o
    0x080160f8   0x080160f8   0x0000004c   Code   RO         3196    i.osRtxThreadWaitEnter  rtx_thread.o
    0x08016144   0x08016144   0x00000036   Code   RO         3197    i.osRtxThreadWaitExit  rtx_thread.o
    0x0801617a   0x0801617a   0x00000002   PAD
    0x0801617c   0x0801617c   0x0000009c   Code   RO         3115    i.osRtxTick_Handler  rtx_system.o
    0x08016218   0x08016218   0x00000020   Code   RO         3603    i.osRtxTimerSetup   rtx_timer.o
    0x08016238   0x08016238   0x0000002c   Code   RO         3604    i.osRtxTimerThread  rtx_timer.o
    0x08016264   0x08016264   0x00000090   Code   RO         3605    i.osRtxTimerTick    rtx_timer.o
    0x080162f4   0x080162f4   0x0000006c   Code   RO         3000    i.osSemaphoreAcquire  rtx_semaphore.o
    0x08016360   0x08016360   0x00000038   Code   RO         3004    i.osSemaphoreNew    rtx_semaphore.o
    0x08016398   0x08016398   0x00000064   Code   RO         3005    i.osSemaphoreRelease  rtx_semaphore.o
    0x080163fc   0x080163fc   0x00000020   Code   RO         3200    i.osThreadExit      rtx_thread.o
    0x0801641c   0x0801641c   0x0000002c   Code   RO         3206    i.osThreadGetId     rtx_thread.o
    0x08016448   0x08016448   0x0000004c   Code   RO         3213    i.osThreadNew       rtx_thread.o
    0x08016494   0x08016494   0x00000038   Code   RO         3218    i.osThreadYield     rtx_thread.o
    0x080164cc   0x080164cc   0x00000020   Code   RO         2409    i.os_kernel_is_active  rtx_lib.o
    0x080164ec   0x080164ec   0x00000018   Code   RO         7093    i.read_byte         gmouse_lld_ft5336.o
    0x08016504   0x08016504   0x00000018   Code   RO         7094    i.read_word         gmouse_lld_ft5336.o
    0x0801651c   0x0801651c   0x00000072   Code   RO         8752    i.render_left       mf_justify.o
    0x0801658e   0x0801658e   0x0000009a   Code   RO         8753    i.render_right      mf_justify.o
    0x08016628   0x08016628   0x0000005a   Code   RO         8908    i.scaled_pixel_callback  mf_scaledfont.o
    0x08016682   0x08016682   0x00000002   PAD
    0x08016684   0x08016684   0x00000068   Code   RO          559    i.sendToken         mac_sender.o
    0x080166ec   0x080166ec   0x00000024   Code   RO         6965    i.set_backlight     gdisp_lld_stm32ltdc.o
    0x08016710   0x08016710   0x00000030   Code   RO         7560    i.setglobalwindow   gdisp.o
    0x08016740   0x08016740   0x0000002e   Code   RO         8846    i.skip_pixels       mf_rlefont.o
    0x0801676e   0x0801676e   0x00000008   Code   RO         8942    i.sq16              mf_wordwrap.o
    0x08016776   0x08016776   0x0000000c   Code   RO         4338    i.stdout_putchar    retarget_io.o
    0x08016782   0x08016782   0x00000060   Code   RO         8754    i.strip_spaces      mf_justify.o
    0x080167e2   0x080167e2   0x00000038   Code   RO         1065    i.svcRtxDelay       rtx_delay.o
    0x0801681a   0x0801681a   0x00000044   Code   RO         1156    i.svcRtxEventFlagsClear  rtx_evflags.o
    0x0801685e   0x0801685e   0x00000002   PAD
    0x08016860   0x08016860   0x000000a4   Code   RO         1160    i.svcRtxEventFlagsNew  rtx_evflags.o
    0x08016904   0x08016904   0x0000009a   Code   RO         1161    i.svcRtxEventFlagsSet  rtx_evflags.o
    0x0801699e   0x0801699e   0x00000002   PAD
    0x080169a0   0x080169a0   0x000000ac   Code   RO         1162    i.svcRtxEventFlagsWait  rtx_evflags.o
    0x08016a4c   0x08016a4c   0x00000018   Code   RO         2193    i.svcRtxKernelGetState  rtx_kernel.o
    0x08016a64   0x08016a64   0x00000014   Code   RO         2196    i.svcRtxKernelGetTickCount  rtx_kernel.o
    0x08016a78   0x08016a78   0x00000014   Code   RO         2197    i.svcRtxKernelGetTickFreq  rtx_kernel.o
    0x08016a8c   0x08016a8c   0x00000218   Code   RO         2198    i.svcRtxKernelInitialize  rtx_kernel.o
    0x08016ca4   0x08016ca4   0x00000044   Code   RO         2199    i.svcRtxKernelLock  rtx_kernel.o
    0x08016ce8   0x08016ce8   0x000000d4   Code   RO         2202    i.svcRtxKernelStart  rtx_kernel.o
    0x08016dbc   0x08016dbc   0x00000044   Code   RO         2204    i.svcRtxKernelUnlock  rtx_kernel.o
    0x08016e00   0x08016e00   0x0000007c   Code   RO         2555    i.svcRtxMemoryPoolAlloc  rtx_mempool.o
    0x08016e7c   0x08016e7c   0x0000007c   Code   RO         2557    i.svcRtxMemoryPoolFree  rtx_mempool.o
    0x08016ef8   0x08016ef8   0x0000017c   Code   RO         2563    i.svcRtxMemoryPoolNew  rtx_mempool.o
    0x08017074   0x08017074   0x00000128   Code   RO         2721    i.svcRtxMessageQueueGet  rtx_msgqueue.o
    0x0801719c   0x0801719c   0x00000188   Code   RO         2727    i.svcRtxMessageQueueNew  rtx_msgqueue.o
    0x08017324   0x08017324   0x00000118   Code   RO         2728    i.svcRtxMessageQueuePut  rtx_msgqueue.o
    0x0801743c   0x0801743c   0x000000c8   Code   RO         2892    i.svcRtxMutexAcquire  rtx_mutex.o
    0x08017504   0x08017504   0x000000d4   Code   RO         2893    i.svcRtxMutexDelete  rtx_mutex.o
    0x080175d8   0x080175d8   0x00000084   Code   RO         2896    i.svcRtxMutexNew    rtx_mutex.o
    0x0801765c   0x0801765c   0x000000d8   Code   RO         2897    i.svcRtxMutexRelease  rtx_mutex.o
    0x08017734   0x08017734   0x0000005c   Code   RO         3006    i.svcRtxSemaphoreAcquire  rtx_semaphore.o
    0x08017790   0x08017790   0x000000a0   Code   RO         3010    i.svcRtxSemaphoreNew  rtx_semaphore.o
    0x08017830   0x08017830   0x00000050   Code   RO         3011    i.svcRtxSemaphoreRelease  rtx_semaphore.o
    0x08017880   0x08017880   0x00000068   Code   RO         3221    i.svcRtxThreadExit  rtx_thread.o
    0x080178e8   0x080178e8   0x00000012   Code   RO         3227    i.svcRtxThreadGetId  rtx_thread.o
    0x080178fa   0x080178fa   0x00000002   PAD
    0x080178fc   0x080178fc   0x00000280   Code   RO         3234    i.svcRtxThreadNew   rtx_thread.o
    0x08017b7c   0x08017b7c   0x00000044   Code   RO         3239    i.svcRtxThreadYield  rtx_thread.o
    0x08017bc0   0x08017bc0   0x00000050   Code   RO         9498    i.testopen          gfile.o
    0x08017c10   0x08017c10   0x000000c6   Code   RO         8943    i.tune_lines        mf_wordwrap.o
    0x08017cd6   0x08017cd6   0x00000142   Code   RO         7561    i.vline_clip        gdisp.o
    0x08017e18   0x08017e18   0x0000005c   Code   RO         8847    i.write_bin_codeword  mf_rlefont.o
    0x08017e74   0x08017e74   0x00000038   Code   RO         8848    i.write_glyph_codeword  mf_rlefont.o
    0x08017eac   0x08017eac   0x00000068   Code   RO         8849    i.write_pixels      mf_rlefont.o
    0x08017f14   0x08017f14   0x00000050   Code   RO         8850    i.write_ref_codeword  mf_rlefont.o
    0x08017f64   0x08017f64   0x00000040   Code   RO         8851    i.write_ref_dictentry  mf_rlefont.o
    0x08017fa4   0x08017fa4   0x0000001c   Code   RO         7095    i.write_reg         gmouse_lld_ft5336.o
    0x08017fc0   0x08017fc0   0x000000a4   Code   RO         8852    i.write_rle_dictentry  mf_rlefont.o
    0x08018064   0x08018064   0x0000000a   Code   RO        13034    x$fpl$fpinit        fz_wm.l(fpinit.o)
    0x0801806e   0x0801806e   0x00000002   PAD
    0x08018070   0x08018070   0x000002dc   Data   RO           11    .constdata          main.o
    0x0801834c   0x0801834c   0x00000018   Data   RO          560    .constdata          mac_sender.o
    0x08018364   0x08018364   0x00000038   Data   RO          910    .constdata          gui.o
    0x0801839c   0x0801839c   0x00000001   Data   RO         1052    .constdata          irq_armv7m.o
    0x0801839d   0x0801839d   0x00000003   PAD
    0x080183a0   0x080183a0   0x00000068   Data   RO         2417    .constdata          rtx_lib.o
    0x08018408   0x08018408   0x000000cc   Data   RO         3868    .constdata          i2c_stm32f7xx.o
    0x080184d4   0x080184d4   0x000000f8   Data   RO         4046    .constdata          sai_stm32f7xx.o
    0x080185cc   0x080185cc   0x00000018   Data   RO         4224    .constdata          eventrecorder.o
    0x080185e4   0x080185e4   0x00000017   Data   RO         4339    .constdata          retarget_io.o
    0x080185fb   0x080185fb   0x00000008   Data   RO         4767    .constdata          stm32f7xx_hal_dma.o
    0x08018603   0x08018603   0x00000018   Data   RO         6420    .constdata          system_stm32f7xx.o
    0x0801861b   0x0801861b   0x00000065   Data   RO         6543    .constdata          ext_led.o
    0x08018680   0x08018680   0x000000f8   Data   RO         6966    .constdata          gdisp_lld_stm32ltdc.o
    0x08018778   0x08018778   0x0000003c   Data   RO         7096    .constdata          gmouse_lld_ft5336.o
    0x080187b4   0x080187b4   0x00000004   Data   RO         7562    .constdata          gdisp.o
    0x080187b8   0x080187b8   0x00003c50   Data   RO         8617    .constdata          mf_font.o
    0x0801c408   0x0801c408   0x00006f68   Data   RO         9847    .constdata          gfile_fs_rom.o
    0x08023370   0x08023370   0x00000024   Data   RO        12097    .constdata          gwin_button.o
    0x08023394   0x08023394   0x00000024   Data   RO        12147    .constdata          gwin_checkbox.o
    0x080233b8   0x080233b8   0x00000014   Data   RO        12207    .constdata          gwin_console.o
    0x080233cc   0x080233cc   0x0000003c   Data   RO        12273    .constdata          gwin_container.o
    0x08023408   0x08023408   0x00000014   Data   RO        12397    .constdata          gwin_image.o
    0x0802341c   0x0802341c   0x00000024   Data   RO        12449    .constdata          gwin_label.o
    0x08023440   0x08023440   0x00000024   Data   RO        12517    .constdata          gwin_radio.o
    0x08023464   0x08023464   0x00000038   Data   RO        12612    .constdata          gwin_widget.o
    0x0802349c   0x0802349c   0x00000028   Data   RO        12782    .constdata          gwin_wm.o
    0x080234c4   0x080234c4   0x00000011   Data   RO        12991    .constdata          c_w.l(__printf_flags_wp.o)
    0x080234d5   0x080234d5   0x0000000c   Data   RO        13062    .constdata          c_w.l(_monlen.o)
    0x080234e1   0x080234e1   0x00000003   PAD
    0x080234e4   0x080234e4   0x00000121   Data   RO           12    .conststring        main.o
    0x08023605   0x08023605   0x00000003   PAD
    0x08023608   0x08023608   0x0000000d   Data   RO          561    .conststring        mac_sender.o
    0x08023615   0x08023615   0x00000003   PAD
    0x08023618   0x08023618   0x000000b7   Data   RO         8618    .conststring        mf_font.o
    0x080236cf   0x080236cf   0x00000001   PAD
    0x080236d0   0x080236d0   0x00000018   Data   RO         9848    .conststring        gfile_fs_rom.o
    0x080236e8   0x080236e8   0x00000007   Data   RO        12098    .conststring        gwin_button.o
    0x080236ef   0x080236ef   0x00000001   PAD
    0x080236f0   0x080236f0   0x00000009   Data   RO        12148    .conststring        gwin_checkbox.o
    0x080236f9   0x080236f9   0x00000003   PAD
    0x080236fc   0x080236fc   0x00000008   Data   RO        12208    .conststring        gwin_console.o
    0x08023704   0x08023704   0x0000000a   Data   RO        12274    .conststring        gwin_container.o
    0x0802370e   0x0802370e   0x00000002   PAD
    0x08023710   0x08023710   0x00000006   Data   RO        12398    .conststring        gwin_image.o
    0x08023716   0x08023716   0x00000002   PAD
    0x08023718   0x08023718   0x00000006   Data   RO        12450    .conststring        gwin_label.o
    0x0802371e   0x0802371e   0x00000002   PAD
    0x08023720   0x08023720   0x00000006   Data   RO        12518    .conststring        gwin_radio.o
    0x08023726   0x08023726   0x00000002   PAD
    0x08023728   0x08023728   0x0000000b   Data   RO         2205    .conststrlit        rtx_kernel.o
    0x08023733   0x08023733   0x00000001   PAD
    0x08023734   0x08023734   0x000000a8   Data   RO         2419    .rodata             rtx_lib.o
    0x080237dc   0x080237dc   0x00000020   Data   RO        13381    Region$$Table       anon$$obj.o


    Execution Region RW_IRAM2 (Exec base: 0x20000000, Load base: 0x08023b64, Size: 0x00000000, Max: 0x00010000, ABSOLUTE)

    **** No section assigned to this execution region ****


    Execution Region RW_IRAM1 (Exec base: 0x20010000, Load base: 0x080237fc, Size: 0x0002c8a8, Max: 0x00040000, ABSOLUTE, COMPRESSED[0x00000368])

    Exec Addr    Load Addr    Size         Type   Attr      Idx    E Section Name        Object

    0x20010000   COMPRESSED   0x000186e0   Data   RW         2410    .bss.os             rtx_lib.o
    0x200286e0   COMPRESSED   0x00000001   Data   RW         3743    .bss.os             os_systick.o
    0x200286e1   COMPRESSED   0x00000003   PAD
    0x200286e4   COMPRESSED   0x000001f0   Data   RW         2411    .bss.os.libspace    rtx_lib.o
    0x200288d4   COMPRESSED   0x00000034   Data   RW         2412    .bss.os.msgqueue.cb  rtx_lib.o
    0x20028908   COMPRESSED   0x00000050   Data   RW         2413    .bss.os.msgqueue.mem  rtx_lib.o
    0x20028958   COMPRESSED   0x00000088   Data   RW         2414    .bss.os.thread.cb   rtx_lib.o
    0x200289e0   COMPRESSED   0x000000c8   Data   RW         2415    .bss.os.thread.idle.stack  rtx_lib.o
    0x20028aa8   COMPRESSED   0x000000c8   Data   RW         2416    .bss.os.thread.timer.stack  rtx_lib.o
    0x20028b70   COMPRESSED   0x00000064   Data   RW           13    .data               main.o
    0x20028bd4   COMPRESSED   0x00000004   Data   RW          562    .data               mac_sender.o
    0x20028bd8   COMPRESSED   0x00000003   Data   RW          631    .data               phy_receiver.o
    0x20028bdb   COMPRESSED   0x00000001   PAD
    0x20028bdc   COMPRESSED   0x000000e0   Data   RW          911    .data               gui.o
    0x20028cbc   COMPRESSED   0x00000008   Data   RW         1016    .data               resources_manager.o
    0x20028cc4   COMPRESSED   0x00000001   Data   RW         2418    .data               rtx_lib.o
    0x20028cc5   COMPRESSED   0x00000001   Data   RW         4225    .data               eventrecorder.o
    0x20028cc6   COMPRESSED   0x00000002   PAD
    0x20028cc8   COMPRESSED   0x00000009   Data   RW         4443    .data               stm32f7xx_hal.o
    0x20028cd1   COMPRESSED   0x00000003   PAD
    0x20028cd4   COMPRESSED   0x00000004   Data   RW         6421    .data               system_stm32f7xx.o
    0x20028cd8   COMPRESSED   0x0000000a   Data   RW         6493    .data               ext_keyboard.o
    0x20028ce2   COMPRESSED   0x00000002   PAD
    0x20028ce4   COMPRESSED   0x00000005   Data   RW         6907    .data               stm32f7_i2c.o
    0x20028ce9   COMPRESSED   0x00000003   PAD
    0x20028cec   COMPRESSED   0x00000004   Data   RW         7563    .data               gdisp.o
    0x20028cf0   COMPRESSED   0x00000004   Data   RW         8031    .data               gdisp_fonts.o
    0x20028cf4   COMPRESSED   0x00000020   Data   RW         8122    .data               gdisp_image.o
    0x20028d14   COMPRESSED   0x00000008   Data   RW         8990    .data               gdriver.o
    0x20028d1c   COMPRESSED   0x00000004   Data   RW         9230    .data               gevent.o
    0x20028d20   COMPRESSED   0x00000010   Data   RW         9500    .data               gfile.o
    0x20028d30   COMPRESSED   0x00000004   Data   RW         9849    .data               gfile_fs_rom.o
    0x20028d34   COMPRESSED   0x00000001   Data   RW         9954    .data               gfx.o
    0x20028d35   COMPRESSED   0x00000003   PAD
    0x20028d38   COMPRESSED   0x00000004   Data   RW        10968    .data               gos_x_heap.o
    0x20028d3c   COMPRESSED   0x00000015   Data   RW        11293    .data               gtimer.o
    0x20028d51   COMPRESSED   0x00000003   PAD
    0x20028d54   COMPRESSED   0x00000008   Data   RW        11739    .data               gwin.o
    0x20028d5c   COMPRESSED   0x00000004   Data   RW        12613    .data               gwin_widget.o
    0x20028d60   COMPRESSED   0x00000015   Data   RW        12783    .data               gwin_wm.o
    0x20028d75   COMPRESSED   0x00000003   PAD
    0x20028d78   COMPRESSED   0x00000004   Data   RW        13006    .data               c_w.l(stdio_streams.o)
    0x20028d7c   COMPRESSED   0x00000004   Data   RW        13007    .data               c_w.l(stdio_streams.o)
    0x20028d80   COMPRESSED   0x00000004   Data   RW        13008    .data               c_w.l(stdio_streams.o)
    0x20028d84   COMPRESSED   0x00000004   Data   RW        13146    .data               c_w.l(streamlock.o)
    0x20028d88   COMPRESSED   0x000000a4   Data   RW         2206    .data.os            rtx_kernel.o
    0x20028e2c        -       0x00000028   Zero   RW           10    .bss                main.o
    0x20028e54        -       0x00000030   Zero   RW          377    .bss                lcd.o
    0x20028e84        -       0x00000100   Zero   RW          630    .bss                phy_receiver.o
    0x20028f84        -       0x00000040   Zero   RW         1015    .bss                resources_manager.o
    0x20028fc4        -       0x0000001c   Zero   RW         3867    .bss                i2c_stm32f7xx.o
    0x20028fe0        -       0x000000f4   Zero   RW         4045    .bss                sai_stm32f7xx.o
    0x200290d4        -       0x00000064   Zero   RW         6492    .bss                ext_keyboard.o
    0x20029138        -       0x00000080   Zero   RW         6599    .bss                ext_uart.o
    0x200291b8        -       0x00000060   Zero   RW         6650    .bss                stm32f746g_discovery_sdram.o
    0x20029218        -       0x00000100   Zero   RW         6906    .bss                stm32f7_i2c.o
    0x20029318        -       0x00000200   Zero   RW         9229    .bss                gevent.o
    0x20029518        -       0x00000060   Zero   RW         9499    .bss                gfile.o
    0x20029578        -       0x0000001c   Zero   RW        10371    .bss                ginput_mouse.o
    0x20029594        -       0x0000ea60   Zero   RW        10967    .bss                gos_x_heap.o
    0x20037ff4        -       0x00000030   Zero   RW        12611    .bss                gwin_widget.o
    0x20038024        -       0x0000001c   Zero   RW        12781    .bss                gwin_wm.o
    0x20038040        -       0x00000054   Zero   RW        13003    .bss                c_w.l(stdio_streams.o)
    0x20038094        -       0x00000054   Zero   RW        13004    .bss                c_w.l(stdio_streams.o)
    0x200380e8        -       0x00000054   Zero   RW        13005    .bss                c_w.l(stdio_streams.o)
    0x2003813c        -       0x0000002c   Zero   RW        13026    .bss                c_w.l(localtime.o)
    0x20038168        -       0x00000060   Zero   RW        13290    .bss                c_w.l(libspace.o)
    0x200381c8   COMPRESSED   0x00000038   PAD
    0x20038200        -       0x000040a4   Zero   RW         4223    .bss.noinit         eventrecorder.o
    0x2003c2a4   COMPRESSED   0x00000004   PAD
    0x2003c2a8        -       0x00000200   Zero   RW         6409    HEAP                startup_stm32f746xx.o
    0x2003c4a8        -       0x00000400   Zero   RW         6408    STACK               startup_stm32f746xx.o


==============================================================================

Image component sizes


      Code (inc. data)   RO Data    RW Data    ZI Data      Debug   Object Name

         0          0          0          0          0       9352   audio_746g_discovery.o
        96         24          0          0          0        579   chat_receiver.o
       412         64          0          0          0       2322   chat_sender.o
      1104        276          0          0          0       1843   debug.o
      1342         98         24          1      16548      20597   eventrecorder.o
      2556        600          0         10        100       4363   ext_keyboard.o
       712         48        101          0          0       3040   ext_led.o
       208         28          0          0        128       2450   ext_uart.o
      6036         78          4          4          0      49108   gdisp.o
       166          6          0          4          0       5688   gdisp_fonts.o
       380          4          0         32          0      12176   gdisp_image.o
      2478          4          0          0          0      10904   gdisp_image_bmp.o
      2368        160        248          0          0      21177   gdisp_lld_stm32ltdc.o
       234         20          0          8          0       5895   gdriver.o
       654         60          0          4        512      10348   gevent.o
       562          8          0         16         96       9599   gfile.o
       218          4      28544          4          0       8960   gfile_fs_rom.o
        64          4          0          1          0       2378   gfx.o
         8          0          0          0          0      15318   ginput.o
      1574         36          0          0         28      10085   ginput_mouse.o
       352         32         60          0          0       7508   gmouse_lld_ft5336.o
         0          0          0          0          0       1696   gos_arduino.o
       148         10          0          0          0       4037   gos_cmsis2.o
       272         18          0          4      60000       3598   gos_x_heap.o
       152          0          0          0          0       7774   gqueue.o
       690         64          0         21          0       7082   gtimer.o
      6376       1086         56        224          0      23415   gui.o
       318         42          0          8          0      33093   gwin.o
       494         10         43          0          0       4164   gwin_button.o
       574         24         45          0          0       5417   gwin_checkbox.o
      1050         22         28          0          0       5527   gwin_console.o
       376         16         70          0          0       6543   gwin_container.o
       490         12         26          0          0       3412   gwin_image.o
       500         12         42          0          0       4252   gwin_label.o
       552         28         42          0          0       5419   gwin_radio.o
       964         48         56          4         48      14077   gwin_widget.o
      2576        118         40         21         28      19530   gwin_wm.o
      5172        204        204          0         28      27416   i2c_stm32f7xx.o
       200         14          1          0          0        648   irq_armv7m.o
      1796        320          0          0         48       3875   lcd.o
       362         30          0          0          0       2161   mac_receiver.o
       522         52         37          4          0       2933   mac_sender.o
      1180        324       1021        100         40     828772   main.o
         0          0          0          0          0       1236   mf_bwfont.o
       174          0          0          0          0       1765   mf_encoding.o
       104          4      15623          0          0       9087   mf_font.o
       734          0          0          0          0       7430   mf_justify.o
       430          8          0          0          0       5117   mf_kerning.o
       850          0          0          0          0       9163   mf_rlefont.o
       218          6          0          0          0       3397   mf_scaledfont.o
       848          0          0          0          0       6774   mf_wordwrap.o
       142         24          0          1          0       2416   os_systick.o
       536         90          0          3        256       2330   phy_receiver.o
       132         28          0          0          0       1625   phy_sender.o
       228        106          0          8         64       3489   resources_manager.o
       388         30         23          0          0       6610   retarget_io.o
        36          6          0          0          0       1093   rtx_config.o
       156          6          0          0          0      10822   rtx_delay.o
      1566         36          0          0          0      16667   rtx_evflags.o
      1804        360          0          0          0      60218   rtx_evr.o
      1388         82         11        164          0      30460   rtx_kernel.o
       238         18        272     101229          0      19147   rtx_lib.o
       478          0          0          0          0       4087   rtx_memory.o
      1618         30          0          0          0      15812   rtx_mempool.o
      2314         46          0          0          0      18478   rtx_msgqueue.o
      1154         34          0          0          0      12605   rtx_mutex.o
      1060         30          0          0          0      13391   rtx_semaphore.o
       792         40          0          0          0       9629   rtx_system.o
      2858        146          0          0          0      36386   rtx_thread.o
       320         32          0          0          0       6689   rtx_timer.o
      6030        178        248          0        244      63651   sai_stm32f7xx.o
        64         26        456          0       1536        880   startup_stm32f746xx.o
      5438         92          0          0         96      50144   stm32f746g_discovery_sdram.o
       472         40          0          5        256       5967   stm32f7_i2c.o
       116         16          0          9          0       7554   stm32f7xx_hal.o
       352         26          0          0          0      40061   stm32f7xx_hal_cortex.o
      1556         16          8          0          0       8047   stm32f7xx_hal_dma.o
       976        104          0          0          0       4788   stm32f7xx_hal_gpio.o
       144          8          0          0          0       1352   stm32f7xx_hal_pwr_ex.o
      1856         70          0          0          0       5720   stm32f7xx_hal_rcc.o
      2640         46          0          0          0       4064   stm32f7xx_hal_rcc_ex.o
      2438          0          0          0          0       8789   stm32f7xx_hal_spi.o
      2376         64          0          0          0      10874   stm32f7xx_hal_uart.o
       100         18         24          4          0       1399   system_stm32f7xx.o
        96         24          0          0          0        579   time_receiver.o
       212         50          0          0          0       8552   time_sender.o
       388         60          0          0          0       2703   touch.o

    ----------------------------------------------------------------------
     92202       6008      47412     101916      80060    1769578   Object Totals
         0          0         32          0          0          0   (incl. Generated)
        94          0         23         23          4          0   (incl. Padding)

    ----------------------------------------------------------------------

      Code (inc. data)   RO Data    RW Data    ZI Data      Debug   Library Member Name

        90          0          0          0          0          0   __dczerorl2.o
         8          0          0          0          0         68   __main.o
       312          4         17          0          0         92   __printf_flags_wp.o
        14          0          0          0          0         68   __printf_wp.o
         0          0          0          0          0          0   __rtentry.o
        20          0          0          0          0          0   __rtentry2.o
         6          0          0          0          0          0   __rtentry4.o
        52          8          0          0          0          0   __scatter.o
        28          0          0          0          0          0   __scatter_zi.o
         0          0         12          0          0          0   _monlen.o
        44          0          0          0          0        108   _printf_char.o
        48          6          0          0          0         96   _printf_char_common.o
        64          6          0          0          0         84   _printf_char_file_locked.o
         6          0          0          0          0          0   _printf_d.o
       120         16          0          0          0         92   _printf_dec.o
       178          0          0          0          0         88   _printf_intcommon.o
        78          0          0          0          0        108   _printf_pad.o
         0          0          0          0          0          0   _printf_percent.o
         4          0          0          0          0          0   _printf_percent_end.o
         6          0          0          0          0          0   _printf_s.o
        82          0          0          0          0         80   _printf_str.o
        10          0          0          0          0         68   _sputc.o
        10          0          0          0          0         68   defsig_exit.o
        50          0          0          0          0         88   defsig_general.o
        80         58          0          0          0         76   defsig_rtmem_inner.o
        14          0          0          0          0         80   defsig_rtmem_outer.o
        52         38          0          0          0         76   defsig_rtred_inner.o
        14          0          0          0          0         80   defsig_rtred_outer.o
        18          0          0          0          0         80   exit.o
        76          0          0          0          0         88   fclose.o
       470          0          0          0          0         88   flsbuf.o
       324          8          0          0          0        152   fopen_locked.o
        26          0          0          0          0         68   fputc.o
        36          0          0          0          0         80   fputc_locked.o
       248          6          0          0          0         84   fseek.o
        66          0          0          0          0         76   ftell.o
       158          0          0          0          0        128   h1_alloc_mt.o
        62          0          0          0          0         80   h1_extend_mt.o
        10          0          0          0          0         76   h1_final_mt.o
       118          0          0          0          0        108   h1_free_mt.o
        18          0          0          0          0         84   h1_init_mt.o
         6          0          0          0          0        152   heapauxi.o
         4          0          0          0          0        136   hguard.o
         0          0          0          0          0          0   indicate_semi.o
       138          0          0          0          0        168   init_alloc.o
       456         48          0          0          0        116   initio_locked.o
         2          0          0          0          0          0   libinit.o
        18          0          0          0          0          0   libinit2.o
         2          0          0          0          0          0   libshutdown.o
        10          0          0          0          0          0   libshutdown2.o
         8          4          0          0         96         68   libspace.o
       238          0          0          0          0        100   lludivv7m.o
        12          6          0          0         44         68   localtime.o
       184          6          0          0          0         80   localtime_internal.o
         0          0          0          0          0          0   maybetermalloc2.o
       428         10          0          0          0        116   mktime.o
        24          4          0          0          0         84   noretval__2printf.o
        40          6          0          0          0         84   noretval__2sprintf.o
         4          0          0          0          0         68   putc.o
         4          0          0          0          0         68   rt_errno_addr_twolibspace.o
        10          0          0          0          0         76   rt_heap_descriptor_twolibspace.o
        68          0          0          0          0         68   rt_memclr.o
        78          0          0          0          0         80   rt_memclr_w.o
       138          0          0          0          0         68   rt_memcpy_v6.o
       100          0          0          0          0         80   rt_memcpy_w.o
         2          0          0          0          0          0   rtexit.o
        10          0          0          0          0          0   rtexit2.o
       104          0          0          0          0         88   setvbuf_locked.o
       240          6          0          0          0        156   stdio.o
         0          0          0         12        252          0   stdio_streams.o
        24          0          0          0          0         68   strcat.o
       104          0          0          0          0         68   strcmpv7m_pel.o
        72          0          0          0          0         80   strcpy.o
         0          0          0          4          0          0   streamlock.o
        62          0          0          0          0         76   strlen.o
        12          4          0          0          0         68   sys_exit.o
        74          0          0          0          0         80   sys_stackheap_outer.o
        14          0          0          0          0         76   sys_wrch.o
        16          0          0          0          0         80   term_alloc.o
         2          0          0          0          0         68   use_no_semi.o
        10          0          0          0          0        116   fpinit.o

    ----------------------------------------------------------------------
      5758        244         32         16        448       5316   Library Totals
        20          0          3          0         56          0   (incl. Padding)

    ----------------------------------------------------------------------

      Code (inc. data)   RO Data    RW Data    ZI Data      Debug   Library Name

      5728        244         29         16        392       5200   c_w.l
        10          0          0          0          0        116   fz_wm.l

    ----------------------------------------------------------------------
      5758        244         32         16        448       5316   Library Totals

    ----------------------------------------------------------------------

==============================================================================


      Code (inc. data)   RO Data    RW Data    ZI Data      Debug   

     97960       6252      47444     101932      80508    1702682   Grand Totals
     97960       6252      47444        872      80508    1702682   ELF Image Totals (compressed)
     97960       6252      47444        872          0          0   ROM Totals

==============================================================================

    Total RO  Size (Code + RO Data)               145404 ( 142.00kB)
    Total RW  Size (RW Data + ZI Data)            182440 ( 178.16kB)
    Total ROM Size (Code + RO Data + RW Data)     146276 ( 142.85kB)

==============================================================================

