Component: ARM Compiler 5.06 update 7 (build 960) Tool: armlink [4d3601]

==============================================================================

Section Cross References

    main.o(i.CheckRetCode) refers to _printf_percent.o(.ARM.Collect$$_printf_percent$$00000000) for _printf_percent
    main.o(i.CheckRetCode) refers to _printf_d.o(.ARM.Collect$$_printf_percent$$00000009) for _printf_d
    main.o(i.CheckRetCode) refers to _printf_dec.o(.text) for _printf_int_dec
    main.o(i.CheckRetCode) refers to _printf_s.o(.ARM.Collect$$_printf_percent$$00000014) for _printf_s
    main.o(i.CheckRetCode) refers to _printf_str.o(.text) for _printf_str
    main.o(i.CheckRetCode) refers to noretval__2printf.o(.text) for __2printf
    main.o(i.DebugFrame) refers to putc.o(.text) for putc
    main.o(i.DebugFrame) refers to stdio_streams.o(.bss) for __stdout
    main.o(i.DebugMacFrame) refers to putc.o(.text) for putc
    main.o(i.DebugMacFrame) refers to stdio_streams.o(.bss) for __stdout
    main.o(i.HAL_GetTick) refers to rtx_kernel.o(i.osKernelGetTickCount) for osKernelGetTickCount
    main.o(i.SystemClock_Config) refers to stm32f7xx_hal_rcc.o(i.HAL_RCC_OscConfig) for HAL_RCC_OscConfig
    main.o(i.SystemClock_Config) refers to stm32f7xx_hal_pwr_ex.o(i.HAL_PWREx_EnableOverDrive) for HAL_PWREx_EnableOverDrive
    main.o(i.SystemClock_Config) refers to stm32f7xx_hal_rcc.o(i.HAL_RCC_ClockConfig) for HAL_RCC_ClockConfig
    main.o(i.SystemClock_Config) refers to stm32f7xx_hal_rcc_ex.o(i.HAL_RCCEx_GetPeriphCLKConfig) for HAL_RCCEx_GetPeriphCLKConfig
    main.o(i.SystemClock_Config) refers to stm32f7xx_hal_rcc_ex.o(i.HAL_RCCEx_PeriphCLKConfig) for HAL_RCCEx_PeriphCLKConfig
    main.o(i.main) refers to main.o(i.SystemClock_Config) for SystemClock_Config
    main.o(i.main) refers to eventrecorder.o(i.EventRecorderInitialize) for EventRecorderInitialize
    main.o(i.main) refers to eventrecorder.o(i.EventRecorderDisable) for EventRecorderDisable
    main.o(i.main) refers to eventrecorder.o(i.EventRecorderStart) for EventRecorderStart
    main.o(i.main) refers to rtx_kernel.o(i.osKernelInitialize) for osKernelInitialize
    main.o(i.main) refers to ext_led.o(i.Ext_LED_Init) for Ext_LED_Init
    main.o(i.main) refers to ext_uart.o(i.Ext_UART_Init) for Ext_UART_Init
    main.o(i.main) refers to ext_led.o(i.Ext_LED_PWM) for Ext_LED_PWM
    main.o(i.main) refers to rtx_mempool.o(i.osMemoryPoolNew) for osMemoryPoolNew
    main.o(i.main) refers to rtx_evflags.o(i.osEventFlagsNew) for osEventFlagsNew
    main.o(i.main) refers to rtx_msgqueue.o(i.osMessageQueueNew) for osMessageQueueNew
    main.o(i.main) refers to rtx_thread.o(i.osThreadNew) for osThreadNew
    main.o(i.main) refers to rtx_kernel.o(i.osKernelStart) for osKernelStart
    main.o(i.main) refers to main.o(.bss) for gTokenInterface
    main.o(i.main) refers to main.o(.data) for memPool
    main.o(i.main) refers to main.o(.constdata) for queue_macR_attr
    main.o(i.main) refers to debug.o(i.DebugStation) for DebugStation
    main.o(i.main) refers to phy_receiver.o(i.PhReceiver) for PhReceiver
    main.o(i.main) refers to phy_sender.o(i.PhSender) for PhSender
    main.o(i.main) refers to mac_receiver.o(i.MacReceiver) for MacReceiver
    main.o(i.main) refers to mac_sender.o(i.MacSender) for MacSender
    main.o(i.main) refers to time_receiver.o(i.TimeReceiver) for TimeReceiver
    main.o(i.main) refers to time_sender.o(i.TimeSender) for TimeSender
    main.o(i.main) refers to chat_receiver.o(i.ChatReceiver) for ChatReceiver
    main.o(i.main) refers to chat_sender.o(i.ChatSender) for ChatSender
    main.o(i.main) refers to touch.o(i.Touch) for Touch
    main.o(i.main) refers to lcd.o(i.LCD) for LCD
    main.o(.constdata) refers to main.o(.conststring) for .conststring
    lcd.o(i.LCD) refers to _printf_percent.o(.ARM.Collect$$_printf_percent$$00000000) for _printf_percent
    lcd.o(i.LCD) refers to _printf_d.o(.ARM.Collect$$_printf_percent$$00000009) for _printf_d
    lcd.o(i.LCD) refers to _printf_dec.o(.text) for _printf_int_dec
    lcd.o(i.LCD) refers to _printf_s.o(.ARM.Collect$$_printf_percent$$00000014) for _printf_s
    lcd.o(i.LCD) refers to _printf_str.o(.text) for _printf_str
    lcd.o(i.LCD) refers to gfx.o(i.gfxInit) for gfxInit
    lcd.o(i.LCD) refers to gdisp.o(i.gdispGClear) for gdispGClear
    lcd.o(i.LCD) refers to gdisp_fonts.o(i.gdispOpenFont) for gdispOpenFont
    lcd.o(i.LCD) refers to gwin.o(i.gwinSetDefaultFont) for gwinSetDefaultFont
    lcd.o(i.LCD) refers to gwin_widget.o(i.gwinSetDefaultStyle) for gwinSetDefaultStyle
    lcd.o(i.LCD) refers to gui.o(i.guiInit) for guiInit
    lcd.o(i.LCD) refers to gevent.o(i.geventListenerInit) for geventListenerInit
    lcd.o(i.LCD) refers to gwin_widget.o(i.gwinAttachListener) for gwinAttachListener
    lcd.o(i.LCD) refers to gui.o(i.guiShowPage) for guiShowPage
    lcd.o(i.LCD) refers to noretval__2sprintf.o(.text) for __2sprintf
    lcd.o(i.LCD) refers to gwin_widget.o(i.gwinSetText) for gwinSetText
[...]
    0x08003a48   0x08003a48   0x00000020   Code   RO         1274    i.EvrRtxMemoryBlockFree  rtx_evr.o
    0x08003a68   0x08003a68   0x00000020   Code   RO         1275    i.EvrRtxMemoryBlockInit  rtx_evr.o
    0x08003a88   0x08003a88   0x00000020   Code   RO         1276    i.EvrRtxMemoryFree  rtx_evr.o
    0x08003aa8   0x08003aa8   0x0000001c   Code   RO         1277    i.EvrRtxMemoryInit  rtx_evr.o
    0x08003ac4   0x08003ac4   0x00000018   Code   RO         1278    i.EvrRtxMemoryPoolAlloc  rtx_evr.o
    0x08003adc   0x08003adc   0x00000014   Code   RO         1279    i.EvrRtxMemoryPoolAllocFailed  rtx_evr.o
    0x08003af0   0x08003af0   0x00000018   Code   RO         1280    i.EvrRtxMemoryPoolAllocPending  rtx_evr.o
    0x08003b08   0x08003b08   0x00000014   Code   RO         1281    i.EvrRtxMemoryPoolAllocTimeout  rtx_evr.o
    0x08003b1c   0x08003b1c   0x00000018   Code   RO         1282    i.EvrRtxMemoryPoolAllocated  rtx_evr.o
    0x08003b34   0x08003b34   0x00000018   Code   RO         1283    i.EvrRtxMemoryPoolCreated  rtx_evr.o
    0x08003b4c   0x08003b4c   0x00000018   Code   RO         1284    i.EvrRtxMemoryPoolDeallocated  rtx_evr.o
    0x08003b64   0x08003b64   0x00000014   Code   RO         1287    i.EvrRtxMemoryPoolError  rtx_evr.o
    0x08003b78   0x08003b78   0x00000018   Code   RO         1288    i.EvrRtxMemoryPoolFree  rtx_evr.o
    0x08003b90   0x08003b90   0x00000018   Code   RO         1289    i.EvrRtxMemoryPoolFreeFailed  rtx_evr.o
    0x08003ba8   0x08003ba8   0x00000020   Code   RO         1295    i.EvrRtxMemoryPoolNew  rtx_evr.o
    0x08003bc8   0x08003bc8   0x00000018   Code   RO         1296    i.EvrRtxMessageQueueCreated  rtx_evr.o
    0x08003be0   0x08003be0   0x00000014   Code   RO         1299    i.EvrRtxMessageQueueError  rtx_evr.o
    0x08003bf4   0x08003bf4   0x00000020   Code   RO         1300    i.EvrRtxMessageQueueGet  rtx_evr.o
    0x08003c14   0x08003c14   0x00000020   Code   RO         1305    i.EvrRtxMessageQueueGetPending  rtx_evr.o
    0x08003c34   0x08003c34   0x00000014   Code   RO         1307    i.EvrRtxMessageQueueGetTimeout  rtx_evr.o
    0x08003c48   0x08003c48   0x00000018   Code   RO         1308    i.EvrRtxMessageQueueInsertPending  rtx_evr.o
    0x08003c60   0x08003c60   0x00000018   Code   RO         1309    i.EvrRtxMessageQueueInserted  rtx_evr.o
    0x08003c78   0x08003c78   0x00000020   Code   RO         1310    i.EvrRtxMessageQueueNew  rtx_evr.o
    0x08003c98   0x08003c98   0x00000018   Code   RO         1311    i.EvrRtxMessageQueueNotInserted  rtx_evr.o
    0x08003cb0   0x08003cb0   0x00000018   Code   RO         1312    i.EvrRtxMessageQueueNotRetrieved  rtx_evr.o
    0x08003cc8   0x08003cc8   0x00000020   Code   RO         1313    i.EvrRtxMessageQueuePut  rtx_evr.o
    0x08003ce8   0x08003ce8   0x00000020   Code   RO         1314    i.EvrRtxMessageQueuePutPending  rtx_evr.o
    0x08003d08   0x08003d08   0x00000014   Code   RO         1315    i.EvrRtxMessageQueuePutTimeout  rtx_evr.o
    0x08003d1c   0x08003d1c   0x00000018   Code   RO         1318    i.EvrRtxMessageQueueRetrieved  rtx_evr.o
    0x08003d34   0x08003d34   0x00000018   Code   RO         1319    i.EvrRtxThreadBlocked  rtx_evr.o
    0x08003d4c   0x08003d4c   0x00000028   Code   RO         1320    i.EvrRtxThreadCreated  rtx_evr.o
    0x08003d74   0x08003d74   0x00000014   Code   RO         1321    i.EvrRtxThreadDestroyed  rtx_evr.o
    0x08003d88   0x08003d88   0x00000014   Code   RO         1325    i.EvrRtxThreadError  rtx_evr.o
    0x08003d9c   0x08003d9c   0x00000014   Code   RO         1326    i.EvrRtxThreadExit  rtx_evr.o
    0x08003db0   0x08003db0   0x00000020   Code   RO         1334    i.EvrRtxThreadFlagsWaitCompleted  rtx_evr.o
    0x08003dd0   0x08003dd0   0x00000014   Code   RO         1337    i.EvrRtxThreadFlagsWaitTimeout  rtx_evr.o
    0x08003de4   0x08003de4   0x00000014   Code   RO         1339    i.EvrRtxThreadGetId  rtx_evr.o
    0x08003df8   0x08003df8   0x00000014   Code   RO         1347    i.EvrRtxThreadJoined  rtx_evr.o
    0x08003e0c   0x08003e0c   0x00000020   Code   RO         1348    i.EvrRtxThreadNew   rtx_evr.o
    0x08003e2c   0x08003e2c   0x00000014   Code   RO         1349    i.EvrRtxThreadPreempted  rtx_evr.o
    0x08003e40   0x08003e40   0x00000014   Code   RO         1356    i.EvrRtxThreadSwitched  rtx_evr.o
    0x08003e54   0x08003e54   0x00000018   Code   RO         1358    i.EvrRtxThreadUnblocked  rtx_evr.o
    0x08003e6c   0x08003e6c   0x00000014   Code   RO         1359    i.EvrRtxThreadYield  rtx_evr.o
    0x08003e80   0x08003e80   0x00000018   Code   RO         1360    i.EvrRtxTimerCallback  rtx_evr.o
    0x08003e98   0x08003e98   0x0000016c   Code   RO         6438    i.Ext_Keyboard_Init  ext_keyboard.o
    0x08004004   0x08004004   0x0000025c   Code   RO         6486    i.Ext_LED_Init      ext_led.o
    0x08004260   0x08004260   0x00000058   Code   RO         6489    i.Ext_LED_PWM       ext_led.o
    0x080042b8   0x080042b8   0x00000048   Code   RO         6545    i.Ext_UART_Init     ext_uart.o
    0x08004300   0x08004300   0x00000124   Code   RO        11232    i.GTimerThreadHandler  gtimer.o
    0x08004424   0x08004424   0x00000010   Code   RO         4170    i.GetContext        eventrecorder.o
    0x08004434   0x08004434   0x0000044c   Code   RO        10305    i.GetMouseReading   ginput_mouse.o
    0x08004880   0x08004880   0x000000aa   Code   RO         4704    i.HAL_DMA_Abort     stm32f7xx_hal_dma.o
    0x0800492a   0x0800492a   0x00000028   Code   RO         4705    i.HAL_DMA_Abort_IT  stm32f7xx_hal_dma.o
    0x08004952   0x08004952   0x0000006e   Code   RO         4706    i.HAL_DMA_DeInit    stm32f7xx_hal_dma.o
    0x080049c0   0x080049c0   0x00000240   Code   RO         4709    i.HAL_DMA_IRQHandler  stm32f7xx_hal_dma.o
    0x08004c00   0x08004c00   0x000000ec   Code   RO         4710    i.HAL_DMA_Init      stm32f7xx_hal_dma.o
    0x08004cec   0x08004cec   0x0000009e   Code   RO         4714    i.HAL_DMA_Start_IT  stm32f7xx_hal_dma.o
    0x08004d8a   0x08004d8a   0x00000002   PAD
    0x08004d8c   0x08004d8c   0x00000028   Code   RO         4370    i.HAL_Delay         stm32f7xx_hal.o
    0x08004db4   0x08004db4   0x00000180   Code   RO         4848    i.HAL_GPIO_DeInit   stm32f7xx_hal_gpio.o
    0x08004f34   0x08004f34   0x00000050   Code   RO          439    i.HAL_GPIO_EXTI_Callback  chat_sender.o
    0x08004f84   0x08004f84   0x0000001c   Code   RO         4850    i.HAL_GPIO_EXTI_IRQHandler  stm32f7xx_hal_gpio.o
    0x08004fa0   0x08004fa0   0x00000218   Code   RO         4851    i.HAL_GPIO_Init     stm32f7xx_hal_gpio.o
    0x080051b8   0x080051b8   0x00000010   Code   RO         4853    i.HAL_GPIO_ReadPin  stm32f7xx_hal_gpio.o
    0x080051c8   0x080051c8   0x0000000c   Code   RO         4855    i.HAL_GPIO_WritePin  stm32f7xx_hal_gpio.o
    0x080051d4   0x080051d4   0x00000008   Code   RO            7    i.HAL_GetTick       main.o
    0x080051dc   0x080051dc   0x0000004c   Code   RO         4386    i.HAL_InitTick      stm32f7xx_hal.o
    0x08005228   0x08005228   0x00000024   Code   RO         4564    i.HAL_NVIC_ClearPendingIRQ  stm32f7xx_hal_cortex.o
    0x0800524c   0x0800524c   0x0000002c   Code   RO         4565    i.HAL_NVIC_DisableIRQ  stm32f7xx_hal_cortex.o
    0x08005278   0x08005278   0x00000028   Code   RO         4566    i.HAL_NVIC_EnableIRQ  stm32f7xx_hal_cortex.o
    0x080052a0   0x080052a0   0x0000007c   Code   RO         4572    i.HAL_NVIC_SetPriority  stm32f7xx_hal_cortex.o
    0x0800531c   0x0800531c   0x00000090   Code   RO         5044    i.HAL_PWREx_EnableOverDrive  stm32f7xx_hal_pwr_ex.o
    0x080053ac   0x080053ac   0x000001a4   Code   RO         5236    i.HAL_RCCEx_GetPeriphCLKConfig  stm32f7xx_hal_rcc_ex.o
    0x08005550   0x08005550   0x000001cc   Code   RO         5237    i.HAL_RCCEx_GetPeriphCLKFreq  stm32f7xx_hal_rcc_ex.o
    0x0800571c   0x0800571c   0x000006e0   Code   RO         5238    i.HAL_RCCEx_PeriphCLKConfig  stm32f7xx_hal_rcc_ex.o
    0x08005dfc   0x08005dfc   0x00000190   Code   RO         5131    i.HAL_RCC_ClockConfig  stm32f7xx_hal_rcc.o
    0x08005f8c   0x08005f8c   0x0000000c   Code   RO         5136    i.HAL_RCC_GetHCLKFreq  stm32f7xx_hal_rcc.o
    0x08005f98   0x08005f98   0x00000020   Code   RO         5138    i.HAL_RCC_GetPCLK1Freq  stm32f7xx_hal_rcc.o
    0x08005fb8   0x08005fb8   0x00000020   Code   RO         5139    i.HAL_RCC_GetPCLK2Freq  stm32f7xx_hal_rcc.o
    0x08005fd8   0x08005fd8   0x000000b0   Code   RO         5140    i.HAL_RCC_GetSysClockFreq  stm32f7xx_hal_rcc.o
    0x08006088   0x08006088   0x000004b4   Code   RO         5143    i.HAL_RCC_OscConfig  stm32f7xx_hal_rcc.o
    0x0800653c   0x0800653c   0x000000f2   Code   RO         5459    i.HAL_SPI_Init      stm32f7xx_hal_spi.o
    0x0800662e   0x0800662e   0x00000002   Code   RO         5461    i.HAL_SPI_MspInit   stm32f7xx_hal_spi.o
    0x08006630   0x08006630   0x00000288   Code   RO         5462    i.HAL_SPI_Receive   stm32f7xx_hal_spi.o
    0x080068b8   0x080068b8   0x000003d2   Code   RO         5468    i.HAL_SPI_TransmitReceive  stm32f7xx_hal_spi.o
    0x08006c8a   0x08006c8a   0x00000034   Code   RO         4577    i.HAL_SYSTICK_Config  stm32f7xx_hal_cortex.o
    0x08006cbe   0x08006cbe   0x00000002   Code   RO         5841    i.HAL_UART_ErrorCallback  stm32f7xx_hal_uart.o
    0x08006cc0   0x08006cc0   0x00000174   Code   RO         5844    i.HAL_UART_IRQHandler  stm32f7xx_hal_uart.o
    0x08006e34   0x08006e34   0x00000074   Code   RO         5845    i.HAL_UART_Init     stm32f7xx_hal_uart.o
    0x08006ea8   0x08006ea8   0x00000078   Code   RO         6546    i.HAL_UART_MspInit  ext_uart.o
    0x08006f20   0x08006f20   0x000000e4   Code   RO         5850    i.HAL_UART_Receive_IT  stm32f7xx_hal_uart.o
    0x08007004   0x08007004   0x00000104   Code   RO          577    i.HAL_UART_RxCpltCallback  phy_receiver.o
    0x08007108   0x08007108   0x00000014   Code   RO          611    i.HAL_UART_TxCpltCallback  phy_sender.o
    0x0800711c   0x0800711c   0x00000018   Code   RO         3788    i.I2C3_Control      i2c_stm32f7xx.o
    0x08007134   0x08007134   0x00000010   Code   RO         3789    i.I2C3_ER_IRQHandler  i2c_stm32f7xx.o
    0x08007144   0x08007144   0x00000010   Code   RO         3790    i.I2C3_EV_IRQHandler  i2c_stm32f7xx.o
    0x08007154   0x08007154   0x00000010   Code   RO         3791    i.I2C3_GetDataCount  i2c_stm32f7xx.o
    0x08007164   0x08007164   0x00000010   Code   RO         3792    i.I2C3_GetStatus    i2c_stm32f7xx.o
    0x08007174   0x08007174   0x00000014   Code   RO         3793    i.I2C3_Initialize   i2c_stm32f7xx.o
    0x08007188   0x08007188   0x00000020   Code   RO         3794    i.I2C3_MasterReceive  i2c_stm32f7xx.o
    0x080071a8   0x080071a8   0x00000020   Code   RO         3795    i.I2C3_MasterTransmit  i2c_stm32f7xx.o
    0x080071c8   0x080071c8   0x00000014   Code   RO         3796    i.I2C3_PowerControl  i2c_stm32f7xx.o
    0x080071dc   0x080071dc   0x00000018   Code   RO         3797    i.I2C3_SlaveReceive  i2c_stm32f7xx.o
    0x080071f4   0x080071f4   0x00000018   Code   RO         3798    i.I2C3_SlaveTransmit  i2c_stm32f7xx.o
    0x0800720c   0x0800720c   0x00000010   Code   RO         3799    i.I2C3_Uninitialize  i2c_stm32f7xx.o
    0x0800721c   0x0800721c   0x0000000c   Code   RO         3800    i.I2CX_GetCapabilities  i2c_stm32f7xx.o
    0x08007228   0x08007228   0x00000010   Code   RO         3801    i.I2CX_GetVersion   i2c_stm32f7xx.o
    0x08007238   0x08007238   0x00000304   Code   RO         3802    i.I2C_Control       i2c_stm32f7xx.o
    0x0800753c   0x0800753c   0x00000096   Code   RO         3803    i.I2C_ER_IRQHandler  i2c_stm32f7xx.o
    0x080075d2   0x080075d2   0x00000002   PAD
    0x080075d4   0x080075d4   0x00000278   Code   RO         3804    i.I2C_EV_IRQHandler  i2c_stm32f7xx.o
    0x0800784c   0x0800784c   0x00000008   Code   RO         3805    i.I2C_GetDataCount  i2c_stm32f7xx.o
    0x08007854   0x08007854   0x000000cc   Code   RO         3806    i.I2C_GetSCLRatio   i2c_stm32f7xx.o
    0x08007920   0x08007920   0x00000008   Code   RO         3807    i.I2C_GetStatus     i2c_stm32f7xx.o
    0x08007928   0x08007928   0x00000130   Code   RO         3808    i.I2C_GetTimingValue  i2c_stm32f7xx.o
    0x08007a58   0x08007a58   0x000001e4   Code   RO         3809    i.I2C_Initialize    i2c_stm32f7xx.o
    0x08007c3c   0x08007c3c   0x0000015c   Code   RO         3810    i.I2C_MasterReceive  i2c_stm32f7xx.o
    0x08007d98   0x08007d98   0x00000152   Code   RO         3811    i.I2C_MasterTransmit  i2c_stm32f7xx.o
    0x08007eea   0x08007eea   0x00000002   PAD
    0x08007eec   0x08007eec   0x000003a4   Code   RO         3812    i.I2C_PowerControl  i2c_stm32f7xx.o
    0x08008290   0x08008290   0x0000005c   Code   RO         3813    i.I2C_SlaveReceive  i2c_stm32f7xx.o
    0x080082ec   0x080082ec   0x00000088   Code   RO         3814    i.I2C_SlaveTransmit  i2c_stm32f7xx.o
    0x08008374   0x08008374   0x00000034   Code   RO         3815    i.I2C_Uninitialize  i2c_stm32f7xx.o
    0x080083a8   0x080083a8   0x00000030   Code   RO         4279    i.ITM_SendChar      retarget_io.o
    0x080083d8   0x080083d8   0x00000018   Code   RO        12341    i.ImageDestroy      gwin_image.o
    0x080083f0   0x080083f0   0x00000152   Code   RO        12342    i.ImageRedraw       gwin_image.o
    0x08008542   0x08008542   0x00000010   Code   RO         1010    i.IsException       rtx_delay.o
    0x08008552   0x08008552   0x00000010   Code   RO         1094    i.IsException       rtx_evflags.o
    0x08008562   0x08008562   0x00000010   Code   RO         2120    i.IsException       rtx_kernel.o
    0x08008572   0x08008572   0x00000010   Code   RO         2488    i.IsException       rtx_mempool.o
    0x08008582   0x08008582   0x00000010   Code   RO         2650    i.IsException       rtx_msgqueue.o
    0x08008592   0x08008592   0x00000010   Code   RO         2831    i.IsException       rtx_mutex.o
    0x080085a2   0x080085a2   0x00000010   Code   RO         2944    i.IsException       rtx_semaphore.o
    0x080085b2   0x080085b2   0x00000010   Code   RO         3116    i.IsException       rtx_thread.o
    0x080085c2   0x080085c2   0x00000018   Code   RO         1011    i.IsIrqMasked       rtx_delay.o
    0x080085da   0x080085da   0x00000018   Code   RO         1095    i.IsIrqMasked       rtx_evflags.o
    0x080085f2   0x080085f2   0x00000018   Code   RO         2121    i.IsIrqMasked       rtx_kernel.o
    0x0800860a   0x0800860a   0x00000018   Code   RO         2489    i.IsIrqMasked       rtx_mempool.o
    0x08008622   0x08008622   0x00000018   Code   RO         2651    i.IsIrqMasked       rtx_msgqueue.o
    0x0800863a   0x0800863a   0x00000018   Code   RO         2832    i.IsIrqMasked       rtx_mutex.o
    0x08008652   0x08008652   0x00000018   Code   RO         2945    i.IsIrqMasked       rtx_semaphore.o
    0x0800866a   0x0800866a   0x00000018   Code   RO         3117    i.IsIrqMasked       rtx_thread.o
    0x08008682   0x08008682   0x00000010   Code   RO         2122    i.IsPrivileged      rtx_kernel.o
    0x08008692   0x08008692   0x00000002   PAD
    0x08008694   0x08008694   0x00000704   Code   RO          376    i.LCD               lcd.o
    0x08008d98   0x08008d98   0x00000002   Code   RO          564    i.MacReceiver       mac_receiver.o
    0x08008d9a   0x08008d9a   0x00000002   Code   RO          554    i.MacSender         mac_sender.o
    0x08008d9c   0x08008d9c   0x0000000a   Code   RO         2440    i.MemBlockPtr       rtx_memory.o
    0x08008da6   0x08008da6   0x00000034   Code   RO         2652    i.MessageQueueGet   rtx_msgqueue.o
    0x08008dda   0x08008dda   0x0000004c   Code   RO         2653    i.MessageQueuePut   rtx_msgqueue.o
    0x08008e26   0x08008e26   0x00000022   Code   RO         2654    i.MessageQueueRemove  rtx_msgqueue.o
    0x08008e48   0x08008e48   0x00000038   Code   RO        10306    i.MousePoll         ginput_mouse.o
    0x08008e80   0x08008e80   0x00000008   Code   RO         3683    i.OS_Tick_AcknowledgeIRQ  os_systick.o
    0x08008e88   0x08008e88   0x00000030   Code   RO         3685    i.OS_Tick_Enable    os_systick.o
    0x08008eb8   0x08008eb8   0x00000006   Code   RO         3688    i.OS_Tick_GetIRQn   os_systick.o
    0x08008ebe   0x08008ebe   0x00000002   PAD
    0x08008ec0   0x08008ec0   0x00000050   Code   RO         3691    i.OS_Tick_Setup     os_systick.o
    0x08008f10   0x08008f10   0x00000114   Code   RO          578    i.PhReceiver        phy_receiver.o
    0x08009024   0x08009024   0x00000070   Code   RO          612    i.PhSender          phy_sender.o
    0x08009094   0x08009094   0x00000002   Code   RO         9787    i.ROMClose          gfile_fs_rom.o
    0x08009096   0x08009096   0x00000014   Code   RO         9788    i.ROMEof            gfile_fs_rom.o
    0x080090aa   0x080090aa   0x00000014   Code   RO         9789    i.ROMExists         gfile_fs_rom.o
    0x080090be   0x080090be   0x00000016   Code   RO         9790    i.ROMFilesize       gfile_fs_rom.o
    0x080090d4   0x080090d4   0x00000030   Code   RO         9791    i.ROMFindFile       gfile_fs_rom.o
    0x08009104   0x08009104   0x00000008   Code   RO         9792    i.ROMGetsize        gfile_fs_rom.o
    0x0800910c   0x0800910c   0x00000018   Code   RO         9793    i.ROMOpen           gfile_fs_rom.o
    0x08009124   0x08009124   0x00000038   Code   RO         9794    i.ROMRead           gfile_fs_rom.o
    0x0800915c   0x0800915c   0x00000012   Code   RO         9795    i.ROMSetpos         gfile_fs_rom.o
    0x0800916e   0x0800916e   0x00000010   Code   RO        12456    i.RadioMouseDown    gwin_radio.o
    0x0800917e   0x0800917e   0x0000000c   Code   RO        12701    i.RedrawTimerFn     gwin_wm.o
    0x0800918a   0x0800918a   0x00000002   PAD
    0x0800918c   0x0800918c   0x00000010   Code   RO         3965    i.SAI2_A_DMA_Complete  sai_stm32f7xx.o
    0x0800919c   0x0800919c   0x00000010   Code   RO         3966    i.SAI2_B_DMA_Complete  sai_stm32f7xx.o
    0x080091ac   0x080091ac   0x0000001c   Code   RO         3967    i.SAI2_Control      sai_stm32f7xx.o
    0x080091c8   0x080091c8   0x00000010   Code   RO         3968    i.SAI2_GetCapabilities  sai_stm32f7xx.o
    0x080091d8   0x080091d8   0x00000010   Code   RO         3969    i.SAI2_GetRxCount   sai_stm32f7xx.o
    0x080091e8   0x080091e8   0x00000010   Code   RO         3970    i.SAI2_GetStatus    sai_stm32f7xx.o
    0x080091f8   0x080091f8   0x00000010   Code   RO         3971    i.SAI2_GetTxCount   sai_stm32f7xx.o
    0x08009208   0x08009208   0x00000010   Code   RO         3972    i.SAI2_IRQHandler   sai_stm32f7xx.o
    0x08009218   0x08009218   0x00000014   Code   RO         3973    i.SAI2_Initialize   sai_stm32f7xx.o
    0x0800922c   0x0800922c   0x00000014   Code   RO         3974    i.SAI2_PowerControl  sai_stm32f7xx.o
    0x08009240   0x08009240   0x00000018   Code   RO         3975    i.SAI2_Receive      sai_stm32f7xx.o
    0x08009258   0x08009258   0x00000018   Code   RO         3976    i.SAI2_Send         sai_stm32f7xx.o
    0x08009270   0x08009270   0x00000010   Code   RO         3977    i.SAI2_Uninitialize  sai_stm32f7xx.o
    0x08009280   0x08009280   0x000007f2   Code   RO         3978    i.SAI_Control       sai_stm32f7xx.o
    0x08009a72   0x08009a72   0x00000006   Code   RO         3979    i.SAI_GetCapabilities  sai_stm32f7xx.o
    0x08009a78   0x08009a78   0x00000024   Code   RO         3980    i.SAI_GetRxCount    sai_stm32f7xx.o
    0x08009a9c   0x08009a9c   0x00000044   Code   RO         3981    i.SAI_GetStatus     sai_stm32f7xx.o
    0x08009ae0   0x08009ae0   0x00000024   Code   RO         3982    i.SAI_GetTxCount    sai_stm32f7xx.o
    0x08009b04   0x08009b04   0x00000010   Code   RO         3983    i.SAI_GetVersion    sai_stm32f7xx.o
    0x08009b14   0x08009b14   0x00000208   Code   RO         3984    i.SAI_IRQHandler    sai_stm32f7xx.o
    0x08009d1c   0x08009d1c   0x000003b8   Code   RO         3985    i.SAI_Initialize    sai_stm32f7xx.o
    0x0800a0d4   0x0800a0d4   0x000002c0   Code   RO         3986    i.SAI_PowerControl  sai_stm32f7xx.o
    0x0800a394   0x0800a394   0x0000003e   Code   RO         3987    i.SAI_RX_DMA_Complete  sai_stm32f7xx.o
    0x0800a3d2   0x0800a3d2   0x0000010e   Code   RO         3988    i.SAI_Receive       sai_stm32f7xx.o
    0x0800a4e0   0x0800a4e0   0x0000010e   Code   RO         3989    i.SAI_Send          sai_stm32f7xx.o
    0x0800a5ee   0x0800a5ee   0x0000003e   Code   RO         3990    i.SAI_TX_DMA_Complete  sai_stm32f7xx.o
    0x0800a62c   0x0800a62c   0x000000dc   Code   RO         3991    i.SAI_Uninitialize  sai_stm32f7xx.o
    0x0800a708   0x0800a708   0x00000082   Code   RO         5498    i.SPI_EndRxTransaction  stm32f7xx_hal_spi.o
    0x0800a78a   0x0800a78a   0x00000064   Code   RO         5499    i.SPI_EndRxTxTransaction  stm32f7xx_hal_spi.o
    0x0800a7ee   0x0800a7ee   0x000000aa   Code   RO         5506    i.SPI_WaitFifoStateUntilTimeout  stm32f7xx_hal_spi.o
    0x0800a898   0x0800a898   0x000000a8   Code   RO         5507    i.SPI_WaitFlagStateUntilTimeout  stm32f7xx_hal_spi.o
    0x0800a940   0x0800a940   0x00000838   Code   RO         6440    i.ScanCodeAnalyse   ext_keyboard.o
    0x0800b178   0x0800b178   0x00000018   Code   RO         2946    i.SemaphoreTokenDecrement  rtx_semaphore.o
    0x0800b190   0x0800b190   0x0000001e   Code   RO         2947    i.SemaphoreTokenIncrement  rtx_semaphore.o
    0x0800b1ae   0x0800b1ae   0x00000002   PAD
    0x0800b1b0   0x0800b1b0   0x00000054   Code   RO        12088    i.SendCheckboxEvent  gwin_checkbox.o
    0x0800b204   0x0800b204   0x000000d4   Code   RO        10307    i.SendMouseEvent    ginput_mouse.o
    0x0800b2d8   0x0800b2d8   0x00000040   Code   RO        12457    i.SendRadioEvent    gwin_radio.o
    0x0800b318   0x0800b318   0x00000080   Code   RO            8    i.SystemClock_Config  main.o
    0x0800b398   0x0800b398   0x00000064   Code   RO         6368    i.SystemInit        system_stm32f7xx.o
    0x0800b3fc   0x0800b3fc   0x00000056   Code   RO         3118    i.ThreadFlagsCheck  rtx_thread.o
    0x0800b452   0x0800b452   0x00000002   PAD
    0x0800b454   0x0800b454   0x00000060   Code   RO          533    i.TimeReceiver      time_receiver.o
    0x0800b4b4   0x0800b4b4   0x000000d4   Code   RO          499    i.TimeSender        time_sender.o
    0x0800b588   0x0800b588   0x00000040   Code   RO         3548    i.TimerInsert       rtx_timer.o
    0x0800b5c8   0x0800b5c8   0x00000018   Code   RO         3550    i.TimerUnlink       rtx_timer.o
    0x0800b5e0   0x0800b5e0   0x00000184   Code   RO          410    i.Touch             touch.o
    0x0800b764   0x0800b764   0x000000f8   Code   RO         5858    i.UART_AdvFeatureConfig  stm32f7xx_hal_uart.o
    0x0800b85c   0x0800b85c   0x00000048   Code   RO         5859    i.UART_CheckIdleState  stm32f7xx_hal_uart.o
    0x0800b8a4   0x0800b8a4   0x00000018   Code   RO         5860    i.UART_DMAAbortOnError  stm32f7xx_hal_uart.o
    0x0800b8bc   0x0800b8bc   0x00000022   Code   RO         5870    i.UART_EndRxTransfer  stm32f7xx_hal_uart.o
    0x0800b8de   0x0800b8de   0x00000020   Code   RO         5871    i.UART_EndTransmit_IT  stm32f7xx_hal_uart.o
    0x0800b8fe   0x0800b8fe   0x0000006c   Code   RO         5873    i.UART_RxISR_16BIT  stm32f7xx_hal_uart.o
    0x0800b96a   0x0800b96a   0x00000068   Code   RO         5874    i.UART_RxISR_8BIT   stm32f7xx_hal_uart.o
    0x0800b9d2   0x0800b9d2   0x00000002   PAD
    0x0800b9d4   0x0800b9d4   0x000003a4   Code   RO         5875    i.UART_SetConfig    stm32f7xx_hal_uart.o
    0x0800bd78   0x0800bd78   0x00000068   Code   RO         5878    i.UART_WaitOnFlagUntilTimeout  stm32f7xx_hal_uart.o
    0x0800bde0   0x0800bde0   0x00000010   Code   RO         6547    i.USART6_IRQHandler  ext_uart.o
    0x0800bdf0   0x0800bdf0   0x00000040   Code   RO        12702    i.WM_Add            gwin_wm.o
    0x0800be30   0x0800be30   0x00000002   Code   RO        12703    i.WM_DeInit         gwin_wm.o
    0x0800be32   0x0800be32   0x00000002   PAD
    0x0800be34   0x0800be34   0x00000028   Code   RO        12704    i.WM_Delete         gwin_wm.o
    0x0800be5c   0x0800be5c   0x00000002   Code   RO        12705    i.WM_Init           gwin_wm.o
    0x0800be5e   0x0800be5e   0x00000002   Code   RO        12706    i.WM_MinMax         gwin_wm.o
    0x0800be60   0x0800be60   0x000001f2   Code   RO        12707    i.WM_Move           gwin_wm.o
    0x0800c052   0x0800c052   0x00000002   PAD
    0x0800c054   0x0800c054   0x0000009c   Code   RO        12708    i.WM_Raise          gwin_wm.o
    0x0800c0f0   0x0800c0f0   0x00000178   Code   RO        12709    i.WM_Redraw         gwin_wm.o
    0x0800c268   0x0800c268   0x000001a4   Code   RO        12710    i.WM_Size           gwin_wm.o
    0x0800c40c   0x0800c40c   0x00000074   Code   RO         6590    i._FMC_SDRAM_Init   stm32f746g_discovery_sdram.o
    0x0800c480   0x0800c480   0x0000000e   Code   RO         6591    i._FMC_SDRAM_ProgramRefreshRate  stm32f746g_discovery_sdram.o
    0x0800c48e   0x0800c48e   0x00000056   Code   RO         6592    i._FMC_SDRAM_SendCommand  stm32f746g_discovery_sdram.o
    0x0800c4e4   0x0800c4e4   0x00000098   Code   RO         6593    i._FMC_SDRAM_Timing_Init  stm32f746g_discovery_sdram.o
    0x0800c57c   0x0800c57c   0x00000f5c   Code   RO         6594    i._HAL_DMA_DeInit   stm32f746g_discovery_sdram.o
    0x0800d4d8   0x0800d4d8   0x00000078   Code   RO         6595    i._HAL_DMA_Init     stm32f746g_discovery_sdram.o
    0x0800d550   0x0800d550   0x00000038   Code   RO         6596    i._HAL_SDRAM_Init   stm32f746g_discovery_sdram.o
    0x0800d588   0x0800d588   0x00000028   Code   RO         6597    i._HAL_SDRAM_ProgramRefreshRate  stm32f746g_discovery_sdram.o
    0x0800d5b0   0x0800d5b0   0x0000003a   Code   RO         6598    i._HAL_SDRAM_SendCommand  stm32f746g_discovery_sdram.o
    0x0800d5ea   0x0800d5ea   0x00000002   PAD
    0x0800d5ec   0x0800d5ec   0x0000001c   Code   RO         3992    i.__NVIC_ClearPendingIRQ  sai_stm32f7xx.o
    0x0800d608   0x0800d608   0x00000022   Code   RO         3993    i.__NVIC_EnableIRQ  sai_stm32f7xx.o
    0x0800d62a   0x0800d62a   0x00000002   PAD
    0x0800d62c   0x0800d62c   0x00000010   Code   RO         4579    i.__NVIC_GetPriorityGrouping  stm32f7xx_hal_cortex.o
    0x0800d63c   0x0800d63c   0x00000028   Code   RO         4580    i.__NVIC_SetPriority  stm32f7xx_hal_cortex.o
    0x0800d664   0x0800d664   0x0000000a   Code   RO         2125    i.__set_CONTROL     rtx_kernel.o
    0x0800d66e   0x0800d66e   0x00000002   PAD
    0x0800d670   0x0800d670   0x00000058   Code   RO         2352    i.__user_perthread_libspace  rtx_lib.o
    0x0800d6c8   0x0800d6c8   0x00000828   Code   RO          851    i._createPageaddressSelectDisplay  gui.o
    0x0800def0   0x0800def0   0x000008e4   Code   RO          852    i._createPageconfigDisplay  gui.o
    0x0800e7d4   0x0800e7d4   0x00000400   Code   RO          853    i._createPagemainDisplay  gui.o
    0x0800ebd4   0x0800ebd4   0x000002ac   Code   RO          854    i._createPagestartup  gui.o
    0x0800ee80   0x0800ee80   0x0000002c   Code   RO        12210    i._gcontainerCreate  gwin_container.o
    0x0800eeac   0x0800eeac   0x0000001e   Code   RO        12212    i._gcontainerDestroy  gwin_container.o
    0x0800eeca   0x0800eeca   0x00000002   Code   RO        12213    i._gcontainerInit   gwin_container.o
    0x0800eecc   0x0800eecc   0x00000044   Code   RO         7459    i._gdispDeInitDriver  gdisp.o
    0x0800ef10   0x0800ef10   0x0000002c   Code   RO         7461    i._gdispInit        gdisp.o
    0x0800ef3c   0x0800ef3c   0x0000003e   Code   RO         7462    i._gdispInitDriver  gdisp.o
    0x0800ef7a   0x0800ef7a   0x00000002   PAD
    0x0800ef7c   0x0800ef7c   0x00000040   Code   RO         7463    i._gdispPostInitDriver  gdisp.o
    0x0800efbc   0x0800efbc   0x00000002   Code   RO         8932    i._gdriverInit      gdriver.o
    0x0800efbe   0x0800efbe   0x00000002   PAD
    0x0800efc0   0x0800efc0   0x00000010   Code   RO         9165    i._geventInit       gevent.o
    0x0800efd0   0x0800efd0   0x000000f8   Code   RO         9430    i._gfileFindSlot    gfile.o
    0x0800f0c8   0x0800f0c8   0x00000002   Code   RO         9431    i._gfileInit        gfile.o
    0x0800f0ca   0x0800f0ca   0x00000008   Code   RO        10096    i._ginputInit       ginput.o
    0x0800f0d2   0x0800f0d2   0x00000002   Code   RO        10308    i._gmouseDeInitDriver  ginput_mouse.o
    0x0800f0d4   0x0800f0d4   0x00000020   Code   RO        10310    i._gmouseInit       ginput_mouse.o
    0x0800f0f4   0x0800f0f4   0x00000054   Code   RO        10311    i._gmouseInitDriver  ginput_mouse.o
    0x0800f148   0x0800f148   0x0000003c   Code   RO        10312    i._gmousePostInitDriver  ginput_mouse.o
    0x0800f184   0x0800f184   0x00000014   Code   RO        10911    i._gosHeapInit      gos_x_heap.o
    0x0800f198   0x0800f198   0x00000008   Code   RO        10810    i._gosInit          gos_cmsis2.o
    0x0800f1a0   0x0800f1a0   0x00000002   Code   RO        10811    i._gosPostInit      gos_cmsis2.o
    0x0800f1a2   0x0800f1a2   0x00000002   Code   RO        10963    i._gqueueInit       gqueue.o
    0x0800f1a4   0x0800f1a4   0x00000030   Code   RO        11234    i._gtimerInit       gtimer.o
    0x0800f1d4   0x0800f1d4   0x00000074   Code   RO        12540    i._gwidgetCreate    gwin_widget.o
    0x0800f248   0x0800f248   0x0000002a   Code   RO        12542    i._gwidgetDestroy   gwin_widget.o
    0x0800f272   0x0800f272   0x00000002   PAD
    0x0800f274   0x0800f274   0x00000030   Code   RO        12543    i._gwidgetInit      gwin_widget.o
    0x0800f2a4   0x0800f2a4   0x0000001a   Code   RO        12544    i._gwidgetRedraw    gwin_widget.o
    0x0800f2be   0x0800f2be   0x00000002   PAD
    0x0800f2c0   0x0800f2c0   0x00000068   Code   RO        11654    i._gwinDestroy      gwin.o
    0x0800f328   0x0800f328   0x00000038   Code   RO        12711    i._gwinDrawEnd      gwin_wm.o
    0x0800f360   0x0800f360   0x0000004c   Code   RO        12712    i._gwinDrawStart    gwin_wm.o
    0x0800f3ac   0x0800f3ac   0x0000014c   Code   RO        12713    i._gwinFlushRedraws  gwin_wm.o
    0x0800f4f8   0x0800f4f8   0x00000010   Code   RO        11655    i._gwinInit         gwin.o
    0x0800f508   0x0800f508   0x000000a4   Code   RO        12714    i._gwinRippleVisibility  gwin_wm.o
    0x0800f5ac   0x0800f5ac   0x00000048   Code   RO        12545    i._gwinSendEvent    gwin_widget.o
    0x0800f5f4   0x0800f5f4   0x00000034   Code   RO        12715    i._gwinUpdate       gwin_wm.o
    0x0800f628   0x0800f628   0x00000058   Code   RO        12716    i._gwinWMAdd        gwin_wm.o
    0x0800f680   0x0800f680   0x00000084   Code   RO        11656    i._gwindowCreate    gwin.o
    0x0800f704   0x0800f704   0x00000054   Code   RO        12718    i._gwmInit          gwin_wm.o
    0x0800f758   0x0800f758   0x0000000e   Code   RO        12937    i._is_digit         c_w.l(__printf_wp.o)
    0x0800f766   0x0800f766   0x00000002   PAD
    0x0800f768   0x0800f768   0x00000138   Code   RO         6904    i._ltdc_init        gdisp_lld_stm32ltdc.o
    0x0800f8a0   0x0800f8a0   0x000000f4   Code   RO         6905    i._ltdc_layer_init  gdisp_lld_stm32ltdc.o
    0x0800f994   0x0800f994   0x00000028   Code   RO         6906    i._ltdc_reload      gdisp_lld_stm32ltdc.o
    0x0800f9bc   0x0800f9bc   0x00000016   Code   RO         2353    i._mutex_acquire    rtx_lib.o
    0x0800f9d2   0x0800f9d2   0x0000000c   Code   RO         2354    i._mutex_free       rtx_lib.o
    0x0800f9de   0x0800f9de   0x00000022   Code   RO         2355    i._mutex_initialize  rtx_lib.o
    0x0800fa00   0x0800fa00   0x00000012   Code   RO         2356    i._mutex_release    rtx_lib.o
    0x0800fa12   0x0800fa12   0x00000008   Code   RO         2357    i._platform_post_stackheap_init  rtx_lib.o
    0x0800fa1a   0x0800fa1a   0x00000026   Code   RO         4280    i._sys_close        retarget_io.o
    0x0800fa40   0x0800fa40   0x00000024   Code   RO         4281    i._sys_flen         retarget_io.o
    0x0800fa64   0x0800fa64   0x00000024   Code   RO         4282    i._sys_istty        retarget_io.o
    0x0800fa88   0x0800fa88   0x00000068   Code   RO         4283    i._sys_open         retarget_io.o
    0x0800faf0   0x0800faf0   0x0000002c   Code   RO         4285    i._sys_seek         retarget_io.o
    0x0800fb1c   0x0800fb1c   0x00000046   Code   RO         4286    i._sys_write        retarget_io.o
    0x0800fb62   0x0800fb62   0x00000048   Code   RO         8886    i.append_char       mf_wordwrap.o
    0x0800fbaa   0x0800fbaa   0x0000006e   Code   RO         8887    i.append_word       mf_wordwrap.o
    0x0800fc18   0x0800fc18   0x0000000e   Code   RO         8754    i.avg16             mf_kerning.o
    0x0800fc26   0x0800fc26   0x00000040   Code   RO          855    i.background_Display_Background  gui.o
    0x0800fc66   0x0800fc66   0x00000040   Code   RO          856    i.background_gray   gui.o
    0x0800fca6   0x0800fca6   0x00000002   PAD
    0x0800fca8   0x0800fca8   0x000001f4   Code   RO         6907    i.configureLcdPins  gdisp_lld_stm32ltdc.o
    0x0800fe9c   0x0800fe9c   0x00000042   Code   RO         4171    i.crc16_ccitt       eventrecorder.o
    0x0800fede   0x0800fede   0x00000002   PAD
    0x0800fee0   0x0800fee0   0x00000038   Code   RO         9166    i.deleteAssignments  gevent.o
    0x0800ff18   0x0800ff18   0x00000020   Code   RO         6908    i.dma2d_init        gdisp_lld_stm32ltdc.o
    0x0800ff38   0x0800ff38   0x0000001a   Code   RO         9167    i.doExitEvent       gevent.o
    0x0800ff52   0x0800ff52   0x00000026   Code   RO         8755    i.do_kerning        mf_kerning.o
    0x0800ff78   0x0800ff78   0x00000028   Code   RO         7464    i.drawcharglyph     gdisp.o
    0x0800ffa0   0x0800ffa0   0x000000b0   Code   RO         7465    i.drawcharline      gdisp.o
    0x08010050   0x08010050   0x0000005c   Code   RO         7466    i.drawpixel         gdisp.o
    0x080100ac   0x080100ac   0x00000046   Code   RO         7467    i.drawpixel_clip    gdisp.o
    0x080100f2   0x080100f2   0x000000d4   Code   RO         7468    i.fillarea          gdisp.o
    0x080101c6   0x080101c6   0x00000002   PAD
    0x080101c8   0x080101c8   0x00000028   Code   RO         7469    i.fillcharglyph     gdisp.o
    0x080101f0   0x080101f0   0x00000090   Code   RO         7470    i.fillcharline      gdisp.o
    0x08010280   0x08010280   0x0000002e   Code   RO         8791    i.fillentry_bitcount  mf_rlefont.o
    0x080102ae   0x080102ae   0x0000003c   Code   RO         8792    i.find_glyph        mf_rlefont.o
    0x080102ea   0x080102ea   0x00000022   Code   RO         8756    i.fit_leftedge      mf_kerning.o
    0x0801030c   0x0801030c   0x00000026   Code   RO         8757    i.fit_rightedge     mf_kerning.o
    0x08010332   0x08010332   0x0000001a   Code   RO        13002    i.fputc             c_w.l(fputc.o)
    0x0801034c   0x0801034c   0x00000038   Code   RO         7039    i.ft5336Init        gmouse_lld_ft5336.o
    0x08010384   0x08010384   0x0000003c   Code   RO         7040    i.ft5336ReadXYZ     gmouse_lld_ft5336.o
    0x080103c0   0x080103c0   0x0000006c   Code   RO         7471    i.gdispBlendColor   gdisp.o
    0x0801042c   0x0801042c   0x00000294   Code   RO         7473    i.gdispGBlitArea    gdisp.o
    0x080106c0   0x080106c0   0x000000ea   Code   RO         7474    i.gdispGClear       gdisp.o
    0x080107aa   0x080107aa   0x000000a6   Code   RO         7475    i.gdispGControl     gdisp.o
    0x08010850   0x08010850   0x000000ca   Code   RO         7476    i.gdispGDrawBox     gdisp.o
    0x0801091a   0x0801091a   0x00000002   PAD
    0x0801091c   0x0801091c   0x00000088   Code   RO         7477    i.gdispGDrawChar    gdisp.o
    0x080109a4   0x080109a4   0x000001b0   Code   RO         7478    i.gdispGDrawCircle  gdisp.o
    0x08010b54   0x08010b54   0x00000050   Code   RO         7479    i.gdispGDrawLine    gdisp.o
    0x08010ba4   0x08010ba4   0x00000044   Code   RO         7480    i.gdispGDrawPixel   gdisp.o
    0x08010be8   0x08010be8   0x00000174   Code   RO         7482    i.gdispGDrawStringBox  gdisp.o
    0x08010d5c   0x08010d5c   0x000000c4   Code   RO         7483    i.gdispGFillArea    gdisp.o
    0x08010e20   0x08010e20   0x00000154   Code   RO         7485    i.gdispGFillCircle  gdisp.o
    0x08010f74   0x08010f74   0x00000214   Code   RO         7487    i.gdispGFillStringBox  gdisp.o
    0x08011188   0x08011188   0x00000024   Code   RO         7488    i.gdispGFlush       gdisp.o
    0x080111ac   0x080111ac   0x00000008   Code   RO         7491    i.gdispGGetHeight   gdisp.o
    0x080111b4   0x080111b4   0x00000006   Code   RO         7492    i.gdispGGetOrientation  gdisp.o
    0x080111ba   0x080111ba   0x00000008   Code   RO         7495    i.gdispGGetWidth    gdisp.o
    0x080111c2   0x080111c2   0x00000096   Code   RO         8058    i.gdispGImageDraw   gdisp_image.o
    0x08011258   0x08011258   0x00000262   Code   RO         8188    i.gdispGImageDraw_BMP  gdisp_image_bmp.o
    0x080114ba   0x080114ba   0x000000ac   Code   RO         7496    i.gdispGSetClip     gdisp.o
    0x08011566   0x08011566   0x00000016   Code   RO         7497    i.gdispGetCharWidth  gdisp.o
    0x0801157c   0x0801157c   0x00000042   Code   RO         7500    i.gdispGetFontMetric  gdisp.o
    0x080115be   0x080115be   0x00000012   Code   RO         7501    i.gdispGetStringWidth  gdisp.o
    0x080115d0   0x080115d0   0x0000001e   Code   RO         7502    i.gdispGetStringWidthCount  gdisp.o
    0x080115ee   0x080115ee   0x00000006   Code   RO         8189    i.gdispImageAdjustPalette_BMP  gdisp_image_bmp.o
    0x080115f4   0x080115f4   0x0000000e   Code   RO         8060    i.gdispImageAlloc   gdisp_image.o
    0x08011602   0x08011602   0x0000011a   Code   RO         8190    i.gdispImageCache_BMP  gdisp_image_bmp.o
    0x0801171c   0x0801171c   0x00000028   Code   RO         8062    i.gdispImageClose   gdisp_image.o
    0x08011744   0x08011744   0x0000003e   Code   RO         8191    i.gdispImageClose_BMP  gdisp_image_bmp.o
    0x08011782   0x08011782   0x00000010   Code   RO         8063    i.gdispImageFree    gdisp_image.o
    0x08011792   0x08011792   0x00000006   Code   RO         8192    i.gdispImageGetPaletteSize_BMP  gdisp_image_bmp.o
    0x08011798   0x08011798   0x00000006   Code   RO         8193    i.gdispImageGetPalette_BMP  gdisp_image_bmp.o
    0x0801179e   0x0801179e   0x00000006   Code   RO         8066    i.gdispImageInit    gdisp_image.o
    0x080117a4   0x080117a4   0x00000014   Code   RO         8067    i.gdispImageIsOpen  gdisp_image.o
    0x080117b8   0x080117b8   0x00000008   Code   RO         8194    i.gdispImageNext_BMP  gdisp_image_bmp.o
    0x080117c0   0x080117c0   0x0000007c   Code   RO         8069    i.gdispImageOpenGFile  gdisp_image.o
    0x0801183c   0x0801183c   0x0000026e   Code   RO         8195    i.gdispImageOpen_BMP  gdisp_image_bmp.o
    0x08011aaa   0x08011aaa   0x0000000a   Code   RO         8070    i.gdispImageSetBgColor  gdisp_image.o
    0x08011ab4   0x08011ab4   0x00000058   Code   RO         7977    i.gdispOpenFont     gdisp_fonts.o
    0x08011b0c   0x08011b0c   0x0000009c   Code   RO         6909    i.gdisp_lld_control  gdisp_lld_stm32ltdc.o
    0x08011ba8   0x08011ba8   0x000000cc   Code   RO         6910    i.gdisp_lld_draw_pixel  gdisp_lld_stm32ltdc.o
    0x08011c74   0x08011c74   0x0000017c   Code   RO         6911    i.gdisp_lld_fill_area  gdisp_lld_stm32ltdc.o
    0x08011df0   0x08011df0   0x000000c4   Code   RO         6912    i.gdisp_lld_get_pixel_color  gdisp_lld_stm32ltdc.o
    0x08011eb4   0x08011eb4   0x0000010c   Code   RO         6913    i.gdisp_lld_init    gdisp_lld_stm32ltdc.o
    0x08011fc0   0x08011fc0   0x00000030   Code   RO         8934    i.gdriverGetInstance  gdriver.o
    0x08011ff0   0x08011ff0   0x00000024   Code   RO         8935    i.gdriverGetNext    gdriver.o
    0x08012014   0x08012014   0x00000094   Code   RO         8937    i.gdriverRegister   gdriver.o
    0x080120a8   0x080120a8   0x00000024   Code   RO        12041    i.getButtonColors   gwin_button.o
    0x080120cc   0x080120cc   0x00000024   Code   RO        12089    i.getCheckboxColors  gwin_checkbox.o
    0x080120f0   0x080120f0   0x00000024   Code   RO        12458    i.getDrawColors     gwin_radio.o
    0x08012114   0x08012114   0x0000036c   Code   RO         8196    i.getPixels         gdisp_image_bmp.o
    0x08012480   0x08012480   0x000000c2   Code   RO         8888    i.get_wordlen       mf_wordwrap.o
    0x08012542   0x08012542   0x00000012   Code   RO        12390    i.getheight         gwin_label.o
    0x08012554   0x08012554   0x00000016   Code   RO        12391    i.getwidth          gwin_label.o
    0x0801256a   0x0801256a   0x00000002   PAD
    0x0801256c   0x0801256c   0x00000080   Code   RO         9168    i.geventAttachSource  gevent.o
    0x080125ec   0x080125ec   0x00000028   Code   RO         9170    i.geventDetachSourceListeners  gevent.o
    0x08012614   0x08012614   0x0000002a   Code   RO         9172    i.geventEventWait   gevent.o
    0x0801263e   0x0801263e   0x00000002   PAD
    0x08012640   0x08012640   0x00000044   Code   RO         9173    i.geventGetEventBuffer  gevent.o
    0x08012684   0x08012684   0x00000074   Code   RO         9174    i.geventGetSourceListener  gevent.o
    0x080126f8   0x080126f8   0x0000001a   Code   RO         9175    i.geventListenerInit  gevent.o
    0x08012712   0x08012712   0x00000002   PAD
    0x08012714   0x08012714   0x00000038   Code   RO         9176    i.geventRegisterCallback  gevent.o
    0x0801274c   0x0801274c   0x00000050   Code   RO         9177    i.geventSendEvent   gevent.o
    0x0801279c   0x0801279c   0x00000026   Code   RO         9432    i.gfileClose        gfile.o
    0x080127c2   0x080127c2   0x00000014   Code   RO         9437    i.gfileGetPos       gfile.o
    0x080127d6   0x080127d6   0x00000002   PAD
    0x080127d8   0x080127d8   0x0000003c   Code   RO         9440    i.gfileOpen         gfile.o
    0x08012814   0x08012814   0x00000042   Code   RO         9441    i.gfileRead         gfile.o
    0x08012856   0x08012856   0x00000030   Code   RO         9443    i.gfileSetPos       gfile.o
    0x08012886   0x08012886   0x00000018   Code   RO        10912    i.gfxAddHeapBlock   gos_x_heap.o
    0x0801289e   0x0801289e   0x00000002   PAD
    0x080128a0   0x080128a0   0x00000060   Code   RO        10913    i.gfxAlloc          gos_x_heap.o
    0x08012900   0x08012900   0x00000084   Code   RO        10914    i.gfxFree           gos_x_heap.o
    0x08012984   0x08012984   0x00000040   Code   RO         9902    i.gfxInit           gfx.o
    0x080129c4   0x080129c4   0x0000000e   Code   RO        10812    i.gfxMutexInit      gos_cmsis2.o
    0x080129d2   0x080129d2   0x00000008   Code   RO        10966    i.gfxQueueASyncInit  gqueue.o
    0x080129da   0x080129da   0x00000018   Code   RO        10973    i.gfxQueueASyncPut  gqueue.o
    0x080129f2   0x080129f2   0x0000001c   Code   RO        10974    i.gfxQueueASyncPutI  gqueue.o
    0x08012a0e   0x08012a0e   0x00000018   Code   RO        10975    i.gfxQueueASyncRemove  gqueue.o
    0x08012a26   0x08012a26   0x00000042   Code   RO        10976    i.gfxQueueASyncRemoveI  gqueue.o
    0x08012a68   0x08012a68   0x00000016   Code   RO        10813    i.gfxSemInit        gos_cmsis2.o
    0x08012a7e   0x08012a7e   0x00000026   Code   RO        10814    i.gfxSemWait        gos_cmsis2.o
    0x08012aa4   0x08012aa4   0x00000040   Code   RO        10815    i.gfxThreadCreate   gos_cmsis2.o
    0x08012ae4   0x08012ae4   0x0000001c   Code   RO        10315    i.ginputGetMouse    ginput_mouse.o
    0x08012b00   0x08012b00   0x00000010   Code   RO          986    i.gstudioGetFont    resources_manager.o
    0x08012b10   0x08012b10   0x00000010   Code   RO          981    i.gstudioGetImage   resources_manager.o
    0x08012b20   0x08012b20   0x00000010   Code   RO          976    i.gstudioGetImageFilePath  resources_manager.o
    0x08012b30   0x08012b30   0x00000006   Code   RO        11236    i.gtimerInit        gtimer.o
    0x08012b36   0x08012b36   0x0000001c   Code   RO        11237    i.gtimerIsActive    gtimer.o
    0x08012b52   0x08012b52   0x00000002   PAD
    0x08012b54   0x08012b54   0x00000034   Code   RO        11238    i.gtimerJab         gtimer.o
    0x08012b88   0x08012b88   0x00000108   Code   RO        11240    i.gtimerStart       gtimer.o
    0x08012c90   0x08012c90   0x0000002c   Code   RO          857    i.guiInit           gui.o
    0x08012cbc   0x08012cbc   0x000000b4   Code   RO          963    i.guiResourcesManagerInit  resources_manager.o
    0x08012d70   0x08012d70   0x00000084   Code   RO          858    i.guiShowPage       gui.o
    0x08012df4   0x08012df4   0x0000014a   Code   RO        12546    i.gwidgetEvent      gwin_widget.o
    0x08012f3e   0x08012f3e   0x00000002   PAD
    0x08012f40   0x08012f40   0x00000014   Code   RO        12547    i.gwinAttachListener  gwin_widget.o
    0x08012f54   0x08012f54   0x00000148   Code   RO        12043    i.gwinButtonDraw_Normal  gwin_button.o
    0x0801309c   0x0801309c   0x0000004c   Code   RO        12090    i.gwinCheckboxCheck  gwin_checkbox.o
    0x080130e8   0x080130e8   0x00000104   Code   RO        12092    i.gwinCheckboxDraw_CheckOnLeft  gwin_checkbox.o
    0x080131ec   0x080131ec   0x0000002c   Code   RO        12094    i.gwinCheckboxIsChecked  gwin_checkbox.o
    0x08013218   0x08013218   0x00000040   Code   RO        12215    i.gwinContainerDraw_Std  gwin_container.o
    0x08013258   0x08013258   0x0000004c   Code   RO        12216    i.gwinContainerDraw_Transparent  gwin_container.o
    0x080132a4   0x080132a4   0x0000000e   Code   RO        11660    i.gwinDestroy       gwin.o
    0x080132b2   0x080132b2   0x00000002   PAD
    0x080132b4   0x080132b4   0x0000002c   Code   RO        12045    i.gwinGButtonCreate  gwin_button.o
    0x080132e0   0x080132e0   0x0000002c   Code   RO        12095    i.gwinGCheckboxCreate  gwin_checkbox.o
    0x0801330c   0x0801330c   0x00000044   Code   RO        12151    i.gwinGConsoleCreate  gwin_console.o
    0x08013350   0x08013350   0x0000003c   Code   RO        12217    i.gwinGContainerCreate  gwin_container.o
    0x0801338c   0x0801338c   0x00000038   Code   RO        12343    i.gwinGImageCreate  gwin_image.o
    0x080133c4   0x080133c4   0x00000090   Code   RO        12392    i.gwinGLabelCreate  gwin_label.o
    0x08013454   0x08013454   0x00000034   Code   RO        12459    i.gwinGRadioCreate  gwin_radio.o
    0x08013488   0x08013488   0x0000000c   Code   RO        11676    i.gwinGetDefaultBgColor  gwin.o
    0x08013494   0x08013494   0x0000000c   Code   RO        11678    i.gwinGetDefaultFont  gwin.o
    0x080134a0   0x080134a0   0x00000028   Code   RO        12218    i.gwinGetFirstChild  gwin_container.o
    0x080134c8   0x080134c8   0x00000014   Code   RO        12720    i.gwinGetNextWindow  gwin_wm.o
    0x080134dc   0x080134dc   0x0000002a   Code   RO        12221    i.gwinGetSibling    gwin_container.o
    0x08013506   0x08013506   0x00000012   Code   RO        12551    i.gwinGetTag        gwin_widget.o
    0x08013518   0x08013518   0x00000048   Code   RO        12345    i.gwinImageOpenGFile  gwin_image.o
    0x08013560   0x08013560   0x0000012c   Code   RO        12393    i.gwinLabelDraw     gwin_label.o
    0x0801368c   0x0801368c   0x00000010   Code   RO        12395    i.gwinLabelDrawJustifiedLeft  gwin_label.o
    0x0801369c   0x0801369c   0x000002cc   Code   RO        12153    i.gwinPutChar       gwin_console.o
    0x08013968   0x08013968   0x0000001a   Code   RO        12155    i.gwinPutString     gwin_console.o
    0x08013982   0x08013982   0x00000002   PAD
    0x08013984   0x08013984   0x000000f8   Code   RO        12461    i.gwinRadioDraw_Radio  gwin_radio.o
    0x08013a7c   0x08013a7c   0x0000003c   Code   RO        12463    i.gwinRadioGetActive  gwin_radio.o
    0x08013ab8   0x08013ab8   0x0000004c   Code   RO        12465    i.gwinRadioPress    gwin_radio.o
    0x08013b04   0x08013b04   0x00000030   Code   RO        12723    i.gwinRedraw        gwin_wm.o
    0x08013b34   0x08013b34   0x00000020   Code   RO        12725    i.gwinResize        gwin_wm.o
    0x08013b54   0x08013b54   0x0000000c   Code   RO        11682    i.gwinSetDefaultBgColor  gwin.o
    0x08013b60   0x08013b60   0x0000000c   Code   RO        11684    i.gwinSetDefaultFont  gwin.o
    0x08013b6c   0x08013b6c   0x0000005c   Code   RO        12555    i.gwinSetDefaultStyle  gwin_widget.o
    0x08013bc8   0x08013bc8   0x00000004   Code   RO        11685    i.gwinSetFont       gwin.o
    0x08013bcc   0x08013bcc   0x00000038   Code   RO        12556    i.gwinSetStyle      gwin_widget.o
    0x08013c04   0x08013c04   0x0000007c   Code   RO        12558    i.gwinSetText       gwin_widget.o
    0x08013c80   0x08013c80   0x00000034   Code   RO        12728    i.gwinSetVisible    gwin_wm.o
    0x08013cb4   0x08013cb4   0x00000014   Code   RO        12559    i.gwinWidgetClearInit  gwin_widget.o
    0x08013cc8   0x08013cc8   0x00000142   Code   RO         7504    i.hline_clip        gdisp.o
    0x08013e0a   0x08013e0a   0x00000002   PAD
    0x08013e0c   0x08013e0c   0x00000048   Code   RO         6851    i.i2cInit           stm32f7_i2c.o
    0x08013e54   0x08013e54   0x0000008c   Code   RO         6852    i.i2cReadByte       stm32f7_i2c.o
    0x08013ee0   0x08013ee0   0x00000098   Code   RO         6853    i.i2cReadWord       stm32f7_i2c.o
    0x08013f78   0x08013f78   0x0000006c   Code   RO         6854    i.i2cWriteReg       stm32f7_i2c.o
    0x08013fe4   0x08013fe4   0x000000a0   Code   RO         7041    i.init_board        gmouse_lld_ft5336.o
    0x08014084   0x08014084   0x0000001e   Code   RO         8889    i.is_wrap_space     mf_wordwrap.o
    0x080140a2   0x080140a2   0x00000066   Code   RO         1096    i.isrRtxEventFlagsWait  rtx_evflags.o
    0x08014108   0x08014108   0x00000058   Code   RO         2490    i.isrRtxMemoryPoolFree  rtx_mempool.o
    0x08014160   0x08014160   0x00000082   Code   RO         2655    i.isrRtxMessageQueueGet  rtx_msgqueue.o
    0x080141e2   0x080141e2   0x00000086   Code   RO         2656    i.isrRtxMessageQueuePut  rtx_msgqueue.o
    0x08014268   0x08014268   0x00000034   Code   RO         3060    i.isr_queue_get     rtx_system.o
    0x0801429c   0x0801429c   0x0000003c   Code   RO         3061    i.isr_queue_put     rtx_system.o
    0x080142d8   0x080142d8   0x00000014   Code   RO         6491    i.lightness_to_pwm  ext_led.o
    0x080142ec   0x080142ec   0x00000122   Code   RO         7505    i.line_clip         gdisp.o
    0x0801440e   0x0801440e   0x00000002   PAD
    0x08014410   0x08014410   0x00000294   Code   RO            9    i.main              main.o
    0x080146a4   0x080146a4   0x0000004e   Code   RO         7979    i.matchfont         gdisp_fonts.o
    0x080146f2   0x080146f2   0x0000000e   Code   RO         8758    i.max16             mf_kerning.o
    0x08014700   0x08014700   0x00000020   Code   RO         8561    i.mf_character_width  mf_font.o
    0x08014720   0x08014720   0x00000124   Code   RO         8759    i.mf_compute_kerning  mf_kerning.o
    0x08014844   0x08014844   0x0000000e   Code   RO         7506    i.mf_countline_callback  gdisp.o
    0x08014852   0x08014852   0x00000002   PAD
    0x08014854   0x08014854   0x00000044   Code   RO         7507    i.mf_drawline_callback  gdisp.o
    0x08014898   0x08014898   0x00000044   Code   RO         7508    i.mf_fillline_callback  gdisp.o
    0x080148dc   0x080148dc   0x00000008   Code   RO         8563    i.mf_get_font_list  mf_font.o
    0x080148e4   0x080148e4   0x00000074   Code   RO         8696    i.mf_get_string_width  mf_justify.o
    0x08014958   0x08014958   0x00000088   Code   RO         8502    i.mf_getchar        mf_encoding.o
    0x080149e0   0x080149e0   0x0000007e   Code   RO         8697    i.mf_render_aligned  mf_justify.o
    0x08014a5e   0x08014a5e   0x00000040   Code   RO         8564    i.mf_render_character  mf_font.o
    0x08014a9e   0x08014a9e   0x00000026   Code   RO         8503    i.mf_rewind         mf_encoding.o
    0x08014ac4   0x08014ac4   0x0000001a   Code   RO         8793    i.mf_rlefont_character_width  mf_rlefont.o
    0x08014ade   0x08014ade   0x00000070   Code   RO         8794    i.mf_rlefont_render_character  mf_rlefont.o
    0x08014b4e   0x08014b4e   0x00000040   Code   RO         8699    i.mf_round_to_prev_tab  mf_justify.o
    0x08014b8e   0x08014b8e   0x00000040   Code   RO         8700    i.mf_round_to_tab   mf_justify.o
    0x08014bce   0x08014bce   0x00000020   Code   RO         8855    i.mf_scaled_character_width  mf_scaledfont.o
    0x08014bee   0x08014bee   0x00000002   PAD
    0x08014bf0   0x08014bf0   0x00000060   Code   RO         8856    i.mf_scaled_render_character  mf_scaledfont.o
    0x08014c50   0x08014c50   0x000000ec   Code   RO         8890    i.mf_wordwrap       mf_wordwrap.o
    0x08014d3c   0x08014d3c   0x0000003c   Code   RO         1012    i.osDelay           rtx_delay.o
    0x08014d78   0x08014d78   0x00000040   Code   RO         1097    i.osEventFlagsClear  rtx_evflags.o
    0x08014db8   0x08014db8   0x0000003c   Code   RO         1101    i.osEventFlagsNew   rtx_evflags.o
    0x08014df4   0x08014df4   0x00000084   Code   RO         1102    i.osEventFlagsSet   rtx_evflags.o
    0x08014e78   0x08014e78   0x00000054   Code   RO         1103    i.osEventFlagsWait  rtx_evflags.o
    0x08014ecc   0x08014ecc   0x00000030   Code   RO         2127    i.osKernelGetState  rtx_kernel.o
    0x08014efc   0x08014efc   0x0000002c   Code   RO         2130    i.osKernelGetTickCount  rtx_kernel.o
    0x08014f28   0x08014f28   0x0000002c   Code   RO         2131    i.osKernelGetTickFreq  rtx_kernel.o
    0x08014f54   0x08014f54   0x00000038   Code   RO         2132    i.osKernelInitialize  rtx_kernel.o
    0x08014f8c   0x08014f8c   0x00000034   Code   RO         2133    i.osKernelLock      rtx_kernel.o
    0x08014fc0   0x08014fc0   0x00000034   Code   RO         2136    i.osKernelStart     rtx_kernel.o
    0x08014ff4   0x08014ff4   0x00000034   Code   RO         2138    i.osKernelUnlock    rtx_kernel.o
    0x08015028   0x08015028   0x00000084   Code   RO         2491    i.osMemoryPoolAlloc  rtx_mempool.o
    0x080150ac   0x080150ac   0x00000040   Code   RO         2493    i.osMemoryPoolFree  rtx_mempool.o
    0x080150ec   0x080150ec   0x0000004c   Code   RO         2499    i.osMemoryPoolNew   rtx_mempool.o
    0x08015138   0x08015138   0x00000054   Code   RO         2658    i.osMessageQueueGet  rtx_msgqueue.o
    0x0801518c   0x0801518c   0x0000004c   Code   RO         2664    i.osMessageQueueNew  rtx_msgqueue.o
    0x080151d8   0x080151d8   0x00000054   Code   RO         2665    i.osMessageQueuePut  rtx_msgqueue.o
    0x0801522c   0x0801522c   0x00000030   Code   RO         2833    i.osMutexAcquire    rtx_mutex.o
    0x0801525c   0x0801525c   0x0000002c   Code   RO         2834    i.osMutexDelete     rtx_mutex.o
    0x08015288   0x08015288   0x0000002c   Code   RO         2837    i.osMutexNew        rtx_mutex.o
    0x080152b4   0x080152b4   0x0000002c   Code   RO         2838    i.osMutexRelease    rtx_mutex.o
    0x080152e0   0x080152e0   0x00000020   Code   RO         3757    i.osRtxErrorNotify  rtx_config.o
    0x08015300   0x08015300   0x00000044   Code   RO         1104    i.osRtxEventFlagsPostProcess  rtx_evflags.o
    0x08015344   0x08015344   0x00000004   Code   RO         3758    i.osRtxIdleThread   rtx_config.o
    0x08015348   0x08015348   0x00000018   Code   RO         2139    i.osRtxKernelErrorNotify  rtx_kernel.o
    0x08015360   0x08015360   0x0000000c   Code   RO         3122    i.osRtxKernelGetState  rtx_thread.o
    0x0801536c   0x0801536c   0x00000002   Code   RO         2140    i.osRtxKernelPreInit  rtx_kernel.o
    0x0801536e   0x0801536e   0x000000ee   Code   RO         2441    i.osRtxMemoryAlloc  rtx_memory.o
    0x0801545c   0x0801545c   0x0000007c   Code   RO         2442    i.osRtxMemoryFree   rtx_memory.o
    0x080154d8   0x080154d8   0x0000006a   Code   RO         2443    i.osRtxMemoryInit   rtx_memory.o
    0x08015542   0x08015542   0x00000030   Code   RO         2500    i.osRtxMemoryPoolAlloc  rtx_mempool.o
    0x08015572   0x08015572   0x00000044   Code   RO         2501    i.osRtxMemoryPoolFree  rtx_mempool.o
    0x080155b6   0x080155b6   0x00000058   Code   RO         2502    i.osRtxMemoryPoolInit  rtx_mempool.o
    0x0801560e   0x0801560e   0x0000003a   Code   RO         2503    i.osRtxMemoryPoolPostProcess  rtx_mempool.o
    0x08015648   0x08015648   0x00000108   Code   RO         2667    i.osRtxMessageQueuePostProcess  rtx_msgqueue.o
    0x08015750   0x08015750   0x0000002c   Code   RO         2668    i.osRtxMessageQueueTimerSetup  rtx_msgqueue.o
    0x0801577c   0x0801577c   0x00000056   Code   RO         2839    i.osRtxMutexOwnerRelease  rtx_mutex.o
    0x080157d2   0x080157d2   0x00000058   Code   RO         2840    i.osRtxMutexOwnerRestore  rtx_mutex.o
    0x0801582a   0x0801582a   0x00000002   PAD
    0x0801582c   0x0801582c   0x00000088   Code   RO         3062    i.osRtxPendSV_Handler  rtx_system.o
    0x080158b4   0x080158b4   0x0000003c   Code   RO         3063    i.osRtxPostProcess  rtx_system.o
    0x080158f0   0x080158f0   0x0000002a   Code   RO         2948    i.osRtxSemaphorePostProcess  rtx_semaphore.o
    0x0801591a   0x0801591a   0x00000002   PAD
    0x0801591c   0x0801591c   0x00000040   Code   RO         3123    i.osRtxThreadBlock  rtx_thread.o
    0x0801595c   0x0801595c   0x00000068   Code   RO         3124    i.osRtxThreadDelayInsert  rtx_thread.o
    0x080159c4   0x080159c4   0x00000060   Code   RO         3125    i.osRtxThreadDelayRemove  rtx_thread.o
    0x08015a24   0x08015a24   0x000000e4   Code   RO         3126    i.osRtxThreadDelayTick  rtx_thread.o
    0x08015b08   0x08015b08   0x00000040   Code   RO         3127    i.osRtxThreadDestroy  rtx_thread.o
    0x08015b48   0x08015b48   0x0000006c   Code   RO         3128    i.osRtxThreadDispatch  rtx_thread.o
    0x08015bb4   0x08015bb4   0x00000064   Code   RO         3129    i.osRtxThreadFree   rtx_thread.o
    0x08015c18   0x08015c18   0x0000000c   Code   RO         3130    i.osRtxThreadGetRunning  rtx_thread.o
    0x08015c24   0x08015c24   0x00000026   Code   RO         3131    i.osRtxThreadJoinWakeup  rtx_thread.o
    0x08015c4a   0x08015c4a   0x0000001a   Code   RO         3132    i.osRtxThreadListGet  rtx_thread.o
    0x08015c64   0x08015c64   0x0000002c   Code   RO         3133    i.osRtxThreadListPut  rtx_thread.o
    0x08015c90   0x08015c90   0x0000001a   Code   RO         3134    i.osRtxThreadListRemove  rtx_thread.o
    0x08015caa   0x08015caa   0x00000010   Code   RO         3135    i.osRtxThreadListRoot  rtx_thread.o
    0x08015cba   0x08015cba   0x0000002a   Code   RO         3136    i.osRtxThreadListSort  rtx_thread.o
    0x08015ce4   0x08015ce4   0x00000034   Code   RO         3138    i.osRtxThreadPostProcess  rtx_thread.o
    0x08015d18   0x08015d18   0x00000018   Code   RO         3139    i.osRtxThreadReadyPut  rtx_thread.o
    0x08015d30   0x08015d30   0x00000018   Code   RO         3140    i.osRtxThreadRegPtr  rtx_thread.o
    0x08015d48   0x08015d48   0x0000000c   Code   RO         3141    i.osRtxThreadSetRunning  rtx_thread.o
    0x08015d54   0x08015d54   0x0000000c   Code   RO         3551    i.osRtxThreadSetRunning  rtx_timer.o
    0x08015d60   0x08015d60   0x00000020   Code   RO         3142    i.osRtxThreadStackCheck  rtx_thread.o
    0x08015d80   0x08015d80   0x00000058   Code   RO         3143    i.osRtxThreadStartup  rtx_thread.o
    0x08015dd8   0x08015dd8   0x00000018   Code   RO         3144    i.osRtxThreadSwitch  rtx_thread.o
    0x08015df0   0x08015df0   0x0000004c   Code   RO         3145    i.osRtxThreadWaitEnter  rtx_thread.o
    0x08015e3c   0x08015e3c   0x00000036   Code   RO         3146    i.osRtxThreadWaitExit  rtx_thread.o
    0x08015e72   0x08015e72   0x00000002   PAD
    0x08015e74   0x08015e74   0x0000009c   Code   RO         3064    i.osRtxTick_Handler  rtx_system.o
    0x08015f10   0x08015f10   0x00000020   Code   RO         3552    i.osRtxTimerSetup   rtx_timer.o
    0x08015f30   0x08015f30   0x0000002c   Code   RO         3553    i.osRtxTimerThread  rtx_timer.o
    0x08015f5c   0x08015f5c   0x00000090   Code   RO         3554    i.osRtxTimerTick    rtx_timer.o
    0x08015fec   0x08015fec   0x0000006c   Code   RO         2949    i.osSemaphoreAcquire  rtx_semaphore.o
    0x08016058   0x08016058   0x00000038   Code   RO         2953    i.osSemaphoreNew    rtx_semaphore.o
    0x08016090   0x08016090   0x00000064   Code   RO         2954    i.osSemaphoreRelease  rtx_semaphore.o
    0x080160f4   0x080160f4   0x00000020   Code   RO         3149    i.osThreadExit      rtx_thread.o
    0x08016114   0x08016114   0x0000002c   Code   RO         3155    i.osThreadGetId     rtx_thread.o
    0x08016140   0x08016140   0x0000004c   Code   RO         3162    i.osThreadNew       rtx_thread.o
    0x0801618c   0x0801618c   0x00000038   Code   RO         3167    i.osThreadYield     rtx_thread.o
    0x080161c4   0x080161c4   0x00000020   Code   RO         2358    i.os_kernel_is_active  rtx_lib.o
    0x080161e4   0x080161e4   0x00000018   Code   RO         7042    i.read_byte         gmouse_lld_ft5336.o
    0x080161fc   0x080161fc   0x00000018   Code   RO         7043    i.read_word         gmouse_lld_ft5336.o
    0x08016214   0x08016214   0x00000072   Code   RO         8701    i.render_left       mf_justify.o
    0x08016286   0x08016286   0x0000009a   Code   RO         8702    i.render_right      mf_justify.o
    0x08016320   0x08016320   0x0000005a   Code   RO         8857    i.scaled_pixel_callback  mf_scaledfont.o
    0x0801637a   0x0801637a   0x00000002   PAD
    0x0801637c   0x0801637c   0x00000024   Code   RO         6914    i.set_backlight     gdisp_lld_stm32ltdc.o
    0x080163a0   0x080163a0   0x00000030   Code   RO         7509    i.setglobalwindow   gdisp.o
    0x080163d0   0x080163d0   0x0000002e   Code   RO         8795    i.skip_pixels       mf_rlefont.o
    0x080163fe   0x080163fe   0x00000008   Code   RO         8891    i.sq16              mf_wordwrap.o
    0x08016406   0x08016406   0x0000000c   Code   RO         4287    i.stdout_putchar    retarget_io.o
    0x08016412   0x08016412   0x00000060   Code   RO         8703    i.strip_spaces      mf_justify.o
    0x08016472   0x08016472   0x00000038   Code   RO         1014    i.svcRtxDelay       rtx_delay.o
    0x080164aa   0x080164aa   0x00000044   Code   RO         1105    i.svcRtxEventFlagsClear  rtx_evflags.o
    0x080164ee   0x080164ee   0x00000002   PAD
    0x080164f0   0x080164f0   0x000000a4   Code   RO         1109    i.svcRtxEventFlagsNew  rtx_evflags.o
    0x08016594   0x08016594   0x0000009a   Code   RO         1110    i.svcRtxEventFlagsSet  rtx_evflags.o
    0x0801662e   0x0801662e   0x00000002   PAD
    0x08016630   0x08016630   0x000000ac   Code   RO         1111    i.svcRtxEventFlagsWait  rtx_evflags.o
    0x080166dc   0x080166dc   0x00000018   Code   RO         2142    i.svcRtxKernelGetState  rtx_kernel.o
    0x080166f4   0x080166f4   0x00000014   Code   RO         2145    i.svcRtxKernelGetTickCount  rtx_kernel.o
    0x08016708   0x08016708   0x00000014   Code   RO         2146    i.svcRtxKernelGetTickFreq  rtx_kernel.o
    0x0801671c   0x0801671c   0x00000218   Code   RO         2147    i.svcRtxKernelInitialize  rtx_kernel.o
    0x08016934   0x08016934   0x00000044   Code   RO         2148    i.svcRtxKernelLock  rtx_kernel.o
    0x08016978   0x08016978   0x000000d4   Code   RO         2151    i.svcRtxKernelStart  rtx_kernel.o
    0x08016a4c   0x08016a4c   0x00000044   Code   RO         2153    i.svcRtxKernelUnlock  rtx_kernel.o
    0x08016a90   0x08016a90   0x0000007c   Code   RO         2504    i.svcRtxMemoryPoolAlloc  rtx_mempool.o
    0x08016b0c   0x08016b0c   0x0000007c   Code   RO         2506    i.svcRtxMemoryPoolFree  rtx_mempool.o
    0x08016b88   0x08016b88   0x0000017c   Code   RO         2512    i.svcRtxMemoryPoolNew  rtx_mempool.o
    0x08016d04   0x08016d04   0x00000128   Code   RO         2670    i.svcRtxMessageQueueGet  rtx_msgqueue.o
    0x08016e2c   0x08016e2c   0x00000188   Code   RO         2676    i.svcRtxMessageQueueNew  rtx_msgqueue.o
    0x08016fb4   0x08016fb4   0x00000118   Code   RO         2677    i.svcRtxMessageQueuePut  rtx_msgqueue.o
    0x080170cc   0x080170cc   0x000000c8   Code   RO         2841    i.svcRtxMutexAcquire  rtx_mutex.o
    0x08017194   0x08017194   0x000000d4   Code   RO         2842    i.svcRtxMutexDelete  rtx_mutex.o
    0x08017268   0x08017268   0x00000084   Code   RO         2845    i.svcRtxMutexNew    rtx_mutex.o
    0x080172ec   0x080172ec   0x000000d8   Code   RO         2846    i.svcRtxMutexRelease  rtx_mutex.o
    0x080173c4   0x080173c4   0x0000005c   Code   RO         2955    i.svcRtxSemaphoreAcquire  rtx_semaphore.o
    0x08017420   0x08017420   0x000000a0   Code   RO         2959    i.svcRtxSemaphoreNew  rtx_semaphore.o
    0x080174c0   0x080174c0   0x00000050   Code   RO         2960    i.svcRtxSemaphoreRelease  rtx_semaphore.o
    0x08017510   0x08017510   0x00000068   Code   RO         3170    i.svcRtxThreadExit  rtx_thread.o
    0x08017578   0x08017578   0x00000012   Code   RO         3176    i.svcRtxThreadGetId  rtx_thread.o
    0x0801758a   0x0801758a   0x00000002   PAD
    0x0801758c   0x0801758c   0x00000280   Code   RO         3183    i.svcRtxThreadNew   rtx_thread.o
    0x0801780c   0x0801780c   0x00000044   Code   RO         3188    i.svcRtxThreadYield  rtx_thread.o
    0x08017850   0x08017850   0x00000050   Code   RO         9447    i.testopen          gfile.o
    0x080178a0   0x080178a0   0x000000c6   Code   RO         8892    i.tune_lines        mf_wordwrap.o
    0x08017966   0x08017966   0x00000142   Code   RO         7510    i.vline_clip        gdisp.o
    0x08017aa8   0x08017aa8   0x0000005c   Code   RO         8796    i.write_bin_codeword  mf_rlefont.o
    0x08017b04   0x08017b04   0x00000038   Code   RO         8797    i.write_glyph_codeword  mf_rlefont.o
    0x08017b3c   0x08017b3c   0x00000068   Code   RO         8798    i.write_pixels      mf_rlefont.o
    0x08017ba4   0x08017ba4   0x00000050   Code   RO         8799    i.write_ref_codeword  mf_rlefont.o
    0x08017bf4   0x08017bf4   0x00000040   Code   RO         8800    i.write_ref_dictentry  mf_rlefont.o
    0x08017c34   0x08017c34   0x0000001c   Code   RO         7044    i.write_reg         gmouse_lld_ft5336.o
    0x08017c50   0x08017c50   0x000000a4   Code   RO         8801    i.write_rle_dictentry  mf_rlefont.o
    0x08017cf4   0x08017cf4   0x0000000a   Code   RO        12983    x$fpl$fpinit        fz_wm.l(fpinit.o)
    0x08017cfe   0x08017cfe   0x00000002   PAD
    0x08017d00   0x08017d00   0x000002dc   Data   RO           11    .constdata          main.o
    0x08017fdc   0x08017fdc   0x00000038   Data   RO          859    .constdata          gui.o
    0x08018014   0x08018014   0x00000001   Data   RO         1001    .constdata          irq_armv7m.o
    0x08018015   0x08018015   0x00000003   PAD
    0x08018018   0x08018018   0x00000068   Data   RO         2366    .constdata          rtx_lib.o
    0x08018080   0x08018080   0x000000cc   Data   RO         3817    .constdata          i2c_stm32f7xx.o
    0x0801814c   0x0801814c   0x000000f8   Data   RO         3995    .constdata          sai_stm32f7xx.o
    0x08018244   0x08018244   0x00000018   Data   RO         4173    .constdata          eventrecorder.o
    0x0801825c   0x0801825c   0x00000017   Data   RO         4288    .constdata          retarget_io.o
    0x08018273   0x08018273   0x00000008   Data   RO         4716    .constdata          stm32f7xx_hal_dma.o
    0x0801827b   0x0801827b   0x00000018   Data   RO         6369    .constdata          system_stm32f7xx.o
    0x08018293   0x08018293   0x00000065   Data   RO         6492    .constdata          ext_led.o
    0x080182f8   0x080182f8   0x000000f8   Data   RO         6915    .constdata          gdisp_lld_stm32ltdc.o
    0x080183f0   0x080183f0   0x0000003c   Data   RO         7045    .constdata          gmouse_lld_ft5336.o
    0x0801842c   0x0801842c   0x00000004   Data   RO         7511    .constdata          gdisp.o
    0x08018430   0x08018430   0x00003c50   Data   RO         8566    .constdata          mf_font.o
    0x0801c080   0x0801c080   0x00006f68   Data   RO         9796    .constdata          gfile_fs_rom.o
    0x08022fe8   0x08022fe8   0x00000024   Data   RO        12046    .constdata          gwin_button.o
    0x0802300c   0x0802300c   0x00000024   Data   RO        12096    .constdata          gwin_checkbox.o
    0x08023030   0x08023030   0x00000014   Data   RO        12156    .constdata          gwin_console.o
    0x08023044   0x08023044   0x0000003c   Data   RO        12222    .constdata          gwin_container.o
    0x08023080   0x08023080   0x00000014   Data   RO        12346    .constdata          gwin_image.o
    0x08023094   0x08023094   0x00000024   Data   RO        12398    .constdata          gwin_label.o
    0x080230b8   0x080230b8   0x00000024   Data   RO        12466    .constdata          gwin_radio.o
    0x080230dc   0x080230dc   0x00000038   Data   RO        12561    .constdata          gwin_widget.o
    0x08023114   0x08023114   0x00000028   Data   RO        12731    .constdata          gwin_wm.o
    0x0802313c   0x0802313c   0x00000011   Data   RO        12940    .constdata          c_w.l(__printf_flags_wp.o)
    0x0802314d   0x0802314d   0x0000000c   Data   RO        13011    .constdata          c_w.l(_monlen.o)
    0x08023159   0x08023159   0x00000003   PAD
    0x0802315c   0x0802315c   0x00000121   Data   RO           12    .conststring        main.o
    0x0802327d   0x0802327d   0x00000003   PAD
    0x08023280   0x08023280   0x000000b7   Data   RO         8567    .conststring        mf_font.o
    0x08023337   0x08023337   0x00000001   PAD
    0x08023338   0x08023338   0x00000018   Data   RO         9797    .conststring        gfile_fs_rom.o
    0x08023350   0x08023350   0x00000007   Data   RO        12047    .conststring        gwin_button.o
    0x08023357   0x08023357   0x00000001   PAD
    0x08023358   0x08023358   0x00000009   Data   RO        12097    .conststring        gwin_checkbox.o
    0x08023361   0x08023361   0x00000003   PAD
    0x08023364   0x08023364   0x00000008   Data   RO        12157    .conststring        gwin_console.o
    0x0802336c   0x0802336c   0x0000000a   Data   RO        12223    .conststring        gwin_container.o
    0x08023376   0x08023376   0x00000002   PAD
    0x08023378   0x08023378   0x00000006   Data   RO        12347    .conststring        gwin_image.o
    0x0802337e   0x0802337e   0x00000002   PAD
    0x08023380   0x08023380   0x00000006   Data   RO        12399    .conststring        gwin_label.o
    0x08023386   0x08023386   0x00000002   PAD
    0x08023388   0x08023388   0x00000006   Data   RO        12467    .conststring        gwin_radio.o
    0x0802338e   0x0802338e   0x00000002   PAD
    0x08023390   0x08023390   0x0000000b   Data   RO         2154    .conststrlit        rtx_kernel.o
    0x0802339b   0x0802339b   0x00000001   PAD
    0x0802339c   0x0802339c   0x000000a8   Data   RO         2368    .rodata             rtx_lib.o
    0x08023444   0x08023444   0x00000020   Data   RO        13330    Region$$Table       anon$$obj.o


    Execution Region RW_IRAM2 (Exec base: 0x20000000, Load base: 0x080237cc, Size: 0x00000000, Max: 0x00010000, ABSOLUTE)

    **** No section assigned to this execution region ****


    Execution Region RW_IRAM1 (Exec base: 0x20010000, Load base: 0x08023464, Size: 0x0002c8a8, Max: 0x00040000, ABSOLUTE, COMPRESSED[0x00000368])

    Exec Addr    Load Addr    Size         Type   Attr      Idx    E Section Name        Object

    0x20010000   COMPRESSED   0x000186e0   Data   RW         2359    .bss.os             rtx_lib.o
    0x200286e0   COMPRESSED   0x00000001   Data   RW         3692    .bss.os             os_systick.o
    0x200286e1   COMPRESSED   0x00000003   PAD
    0x200286e4   COMPRESSED   0x000001f0   Data   RW         2360    .bss.os.libspace    rtx_lib.o
    0x200288d4   COMPRESSED   0x00000034   Data   RW         2361    .bss.os.msgqueue.cb  rtx_lib.o
    0x20028908   COMPRESSED   0x00000050   Data   RW         2362    .bss.os.msgqueue.mem  rtx_lib.o
    0x20028958   COMPRESSED   0x00000088   Data   RW         2363    .bss.os.thread.cb   rtx_lib.o
    0x200289e0   COMPRESSED   0x000000c8   Data   RW         2364    .bss.os.thread.idle.stack  rtx_lib.o
    0x20028aa8   COMPRESSED   0x000000c8   Data   RW         2365    .bss.os.thread.timer.stack  rtx_lib.o
    0x20028b70   COMPRESSED   0x00000064   Data   RW           13    .data               main.o
    0x20028bd4   COMPRESSED   0x00000003   Data   RW          580    .data               phy_receiver.o
    0x20028bd7   COMPRESSED   0x00000001   PAD
    0x20028bd8   COMPRESSED   0x000000e0   Data   RW          860    .data               gui.o
    0x20028cb8   COMPRESSED   0x00000008   Data   RW          965    .data               resources_manager.o
    0x20028cc0   COMPRESSED   0x00000001   Data   RW         2367    .data               rtx_lib.o
    0x20028cc1   COMPRESSED   0x00000001   Data   RW         4174    .data               eventrecorder.o
    0x20028cc2   COMPRESSED   0x00000002   PAD
    0x20028cc4   COMPRESSED   0x00000009   Data   RW         4392    .data               stm32f7xx_hal.o
    0x20028ccd   COMPRESSED   0x00000003   PAD
    0x20028cd0   COMPRESSED   0x00000004   Data   RW         6370    .data               system_stm32f7xx.o
    0x20028cd4   COMPRESSED   0x0000000a   Data   RW         6442    .data               ext_keyboard.o
    0x20028cde   COMPRESSED   0x00000002   PAD
    0x20028ce0   COMPRESSED   0x00000005   Data   RW         6856    .data               stm32f7_i2c.o
    0x20028ce5   COMPRESSED   0x00000003   PAD
    0x20028ce8   COMPRESSED   0x00000004   Data   RW         7512    .data               gdisp.o
    0x20028cec   COMPRESSED   0x00000004   Data   RW         7980    .data               gdisp_fonts.o
    0x20028cf0   COMPRESSED   0x00000020   Data   RW         8071    .data               gdisp_image.o
    0x20028d10   COMPRESSED   0x00000008   Data   RW         8939    .data               gdriver.o
    0x20028d18   COMPRESSED   0x00000004   Data   RW         9179    .data               gevent.o
    0x20028d1c   COMPRESSED   0x00000010   Data   RW         9449    .data               gfile.o
    0x20028d2c   COMPRESSED   0x00000004   Data   RW         9798    .data               gfile_fs_rom.o
    0x20028d30   COMPRESSED   0x00000001   Data   RW         9903    .data               gfx.o
    0x20028d31   COMPRESSED   0x00000003   PAD
    0x20028d34   COMPRESSED   0x00000004   Data   RW        10917    .data               gos_x_heap.o
    0x20028d38   COMPRESSED   0x00000015   Data   RW        11242    .data               gtimer.o
    0x20028d4d   COMPRESSED   0x00000003   PAD
    0x20028d50   COMPRESSED   0x00000008   Data   RW        11688    .data               gwin.o
    0x20028d58   COMPRESSED   0x00000004   Data   RW        12562    .data               gwin_widget.o
    0x20028d5c   COMPRESSED   0x00000015   Data   RW        12732    .data               gwin_wm.o
    0x20028d71   COMPRESSED   0x00000003   PAD
    0x20028d74   COMPRESSED   0x00000004   Data   RW        12955    .data               c_w.l(stdio_streams.o)
    0x20028d78   COMPRESSED   0x00000004   Data   RW        12956    .data               c_w.l(stdio_streams.o)
    0x20028d7c   COMPRESSED   0x00000004   Data   RW        12957    .data               c_w.l(stdio_streams.o)
    0x20028d80   COMPRESSED   0x00000004   Data   RW        13095    .data               c_w.l(streamlock.o)
    0x20028d84   COMPRESSED   0x000000a4   Data   RW         2155    .data.os            rtx_kernel.o
    0x20028e28        -       0x00000028   Zero   RW           10    .bss                main.o
    0x20028e50        -       0x00000030   Zero   RW          377    .bss                lcd.o
    0x20028e80        -       0x00000100   Zero   RW          579    .bss                phy_receiver.o
    0x20028f80        -       0x00000040   Zero   RW          964    .bss                resources_manager.o
    0x20028fc0        -       0x0000001c   Zero   RW         3816    .bss                i2c_stm32f7xx.o
    0x20028fdc        -       0x000000f4   Zero   RW         3994    .bss                sai_stm32f7xx.o
    0x200290d0        -       0x00000064   Zero   RW         6441    .bss                ext_keyboard.o
    0x20029134        -       0x00000080   Zero   RW         6548    .bss                ext_uart.o
    0x200291b4        -       0x00000060   Zero   RW         6599    .bss                stm32f746g_discovery_sdram.o
    0x20029214        -       0x00000100   Zero   RW         6855    .bss                stm32f7_i2c.o
    0x20029314        -       0x00000200   Zero   RW         9178    .bss                gevent.o
    0x20029514        -       0x00000060   Zero   RW         9448    .bss                gfile.o
    0x20029574        -       0x0000001c   Zero   RW        10320    .bss                ginput_mouse.o
    0x20029590        -       0x0000ea60   Zero   RW        10916    .bss                gos_x_heap.o
    0x20037ff0        -       0x00000030   Zero   RW        12560    .bss                gwin_widget.o
    0x20038020        -       0x0000001c   Zero   RW        12730    .bss                gwin_wm.o
    0x2003803c        -       0x00000054   Zero   RW        12952    .bss                c_w.l(stdio_streams.o)
    0x20038090        -       0x00000054   Zero   RW        12953    .bss                c_w.l(stdio_streams.o)
    0x200380e4        -       0x00000054   Zero   RW        12954    .bss                c_w.l(stdio_streams.o)
    0x20038138        -       0x0000002c   Zero   RW        12975    .bss                c_w.l(localtime.o)
    0x20038164        -       0x00000060   Zero   RW        13239    .bss                c_w.l(libspace.o)
    0x200381c4   COMPRESSED   0x0000003c   PAD
    0x20038200        -       0x000040a4   Zero   RW         4172    .bss.noinit         eventrecorder.o
    0x2003c2a4   COMPRESSED   0x00000004   PAD
    0x2003c2a8        -       0x00000200   Zero   RW         6358    HEAP                startup_stm32f746xx.o
    0x2003c4a8        -       0x00000400   Zero   RW         6357    STACK               startup_stm32f746xx.o


==============================================================================

Image component sizes


      Code (inc. data)   RO Data    RW Data    ZI Data      Debug   Object Name

         0          0          0          0          0       9352   audio_746g_discovery.o
        96         24          0          0          0        579   chat_receiver.o
       412         64          0          0          0       2322   chat_sender.o
      1104        276          0          0          0       1843   debug.o
      1342         98         24          1      16548      20597   eventrecorder.o
      2556        600          0         10        100       4363   ext_keyboard.o
       712         48        101          0          0       3040   ext_led.o
       208         28          0          0        128       2450   ext_uart.o
      6036         78          4          4          0      49108   gdisp.o
       166          6          0          4          0       5688   gdisp_fonts.o
       380          4          0         32          0      12176   gdisp_image.o
      2478          4          0          0          0      10904   gdisp_image_bmp.o
      2368        160        248          0          0      21177   gdisp_lld_stm32ltdc.o
       234         20          0          8          0       5895   gdriver.o
       654         60          0          4        512      10348   gevent.o
       562          8          0         16         96       9599   gfile.o
       218          4      28544          4          0       8960   gfile_fs_rom.o
        64          4          0          1          0       2378   gfx.o
         8          0          0          0          0      15318   ginput.o
      1574         36          0          0         28      10085   ginput_mouse.o
       352         32         60          0          0       7508   gmouse_lld_ft5336.o
         0          0          0          0          0       1696   gos_arduino.o
       148         10          0          0          0       4037   gos_cmsis2.o
       272         18          0          4      60000       3598   gos_x_heap.o
       152          0          0          0          0       7774   gqueue.o
       690         64          0         21          0       7082   gtimer.o
      6376       1086         56        224          0      23415   gui.o
       318         42          0          8          0      33093   gwin.o
       494         10         43          0          0       4164   gwin_button.o
       574         24         45          0          0       5417   gwin_checkbox.o
      1050         22         28          0          0       5527   gwin_console.o
       376         16         70          0          0       6543   gwin_container.o
       490         12         26          0          0       3412   gwin_image.o
       500         12         42          0          0       4252   gwin_label.o
       552         28         42          0          0       5419   gwin_radio.o
       964         48         56          4         48      14077   gwin_widget.o
      2576        118         40         21         28      19530   gwin_wm.o
      5172        204        204          0         28      27416   i2c_stm32f7xx.o
       200         14          1          0          0        648   irq_armv7m.o
      1796        320          0          0         48       3875   lcd.o
         2          0          0          0          0        490   mac_receiver.o
         2          0          0          0          0        484   mac_sender.o
      1180        324       1021        100         40     828772   main.o
         0          0          0          0          0       1236   mf_bwfont.o
       174          0          0          0          0       1765   mf_encoding.o
       104          4      15623          0          0       9087   mf_font.o
       734          0          0          0          0       7430   mf_justify.o
       430          8          0          0          0       5117   mf_kerning.o
       850          0          0          0          0       9163   mf_rlefont.o
       218          6          0          0          0       3397   mf_scaledfont.o
       848          0          0          0          0       6774   mf_wordwrap.o
       142         24          0          1          0       2416   os_systick.o
       536         90          0          3        256       2330   phy_receiver.o
       132         28          0          0          0       1625   phy_sender.o
       228        106          0          8         64       3489   resources_manager.o
       388         30         23          0          0       6610   retarget_io.o
        36          6          0          0          0       1093   rtx_config.o
       156          6          0          0          0      10822   rtx_delay.o
      1566         36          0          0          0      16667   rtx_evflags.o
      1804        360          0          0          0      60218   rtx_evr.o
      1388         82         11        164          0      30460   rtx_kernel.o
       238         18        272     101229          0      19147   rtx_lib.o
       478          0          0          0          0       4087   rtx_memory.o
      1618         30          0          0          0      15812   rtx_mempool.o
      2314         46          0          0          0      18478   rtx_msgqueue.o
      1154         34          0          0          0      12605   rtx_mutex.o
      1060         30          0          0          0      13391   rtx_semaphore.o
       792         40          0          0          0       9629   rtx_system.o
      2858        146          0          0          0      36386   rtx_thread.o
       320         32          0          0          0       6689   rtx_timer.o
      6030        178        248          0        244      63651   sai_stm32f7xx.o
        64         26        456          0       1536        880   startup_stm32f746xx.o
      5438         92          0          0         96      50144   stm32f746g_discovery_sdram.o
       472         40          0          5        256       5967   stm32f7_i2c.o
       116         16          0          9          0       7554   stm32f7xx_hal.o
       352         26          0          0          0      40061   stm32f7xx_hal_cortex.o
      1556         16          8          0          0       8047   stm32f7xx_hal_dma.o
       976        104          0          0          0       4788   stm32f7xx_hal_gpio.o
       144          8          0          0          0       1352   stm32f7xx_hal_pwr_ex.o
      1856         70          0          0          0       5720   stm32f7xx_hal_rcc.o
      2640         46          0          0          0       4064   stm32f7xx_hal_rcc_ex.o
      2438          0          0          0          0       8789   stm32f7xx_hal_spi.o
      2376         64          0          0          0      10874   stm32f7xx_hal_uart.o
       100         18         24          4          0       1399   system_stm32f7xx.o
        96         24          0          0          0        579   time_receiver.o
       212         50          0          0          0       8552   time_sender.o
       388         60          0          0          0       2703   touch.o

    ----------------------------------------------------------------------
     91322       5926      47372     101912      80060    1765458   Object Totals
         0          0         32          0          0          0   (incl. Generated)
        94          0         20         23          4          0   (incl. Padding)

    ----------------------------------------------------------------------

      Code (inc. data)   RO Data    RW Data    ZI Data      Debug   Library Member Name

        90          0          0          0          0          0   __dczerorl2.o
         8          0          0          0          0         68   __main.o
       312          4         17          0          0         92   __printf_flags_wp.o
        14          0          0          0          0         68   __printf_wp.o
         0          0          0          0          0          0   __rtentry.o
        20          0          0          0          0          0   __rtentry2.o
         6          0          0          0          0          0   __rtentry4.o
        52          8          0          0          0          0   __scatter.o
        28          0          0          0          0          0   __scatter_zi.o
         0          0         12          0          0          0   _monlen.o
        44          0          0          0          0        108   _printf_char.o
        48          6          0          0          0         96   _printf_char_common.o
        64          6          0          0          0         84   _printf_char_file_locked.o
         6          0          0          0          0          0   _printf_d.o
       120         16          0          0          0         92   _printf_dec.o
       178          0          0          0          0         88   _printf_intcommon.o
        78          0          0          0          0        108   _printf_pad.o
         0          0          0          0          0          0   _printf_percent.o
         4          0          0          0          0          0   _printf_percent_end.o
         6          0          0          0          0          0   _printf_s.o
        82          0          0          0          0         80   _printf_str.o
        10          0          0          0          0         68   _sputc.o
        10          0          0          0          0         68   defsig_exit.o
        50          0          0          0          0         88   defsig_general.o
        80         58          0          0          0         76   defsig_rtmem_inner.o
        14          0          0          0          0         80   defsig_rtmem_outer.o
        52         38          0          0          0         76   defsig_rtred_inner.o
        14          0          0          0          0         80   defsig_rtred_outer.o
        18          0          0          0          0         80   exit.o
        76          0          0          0          0         88   fclose.o
       470          0          0          0          0         88   flsbuf.o
       324          8          0          0          0        152   fopen_locked.o
        26          0          0          0          0         68   fputc.o
        36          0          0          0          0         80   fputc_locked.o
       248          6          0          0          0         84   fseek.o
        66          0          0          0          0         76   ftell.o
       158          0          0          0          0        128   h1_alloc_mt.o
        62          0          0          0          0         80   h1_extend_mt.o
        10          0          0          0          0         76   h1_final_mt.o
       118          0          0          0          0        108   h1_free_mt.o
        18          0          0          0          0         84   h1_init_mt.o
         6          0          0          0          0        152   heapauxi.o
         4          0          0          0          0        136   hguard.o
         0          0          0          0          0          0   indicate_semi.o
       138          0          0          0          0        168   init_alloc.o
       456         48          0          0          0        116   initio_locked.o
         2          0          0          0          0          0   libinit.o
        18          0          0          0          0          0   libinit2.o
         2          0          0          0          0          0   libshutdown.o
        10          0          0          0          0          0   libshutdown2.o
         8          4          0          0         96         68   libspace.o
       238          0          0          0          0        100   lludivv7m.o
        12          6          0          0         44         68   localtime.o
       184          6          0          0          0         80   localtime_internal.o
         0          0          0          0          0          0   maybetermalloc2.o
       428         10          0          0          0        116   mktime.o
        24          4          0          0          0         84   noretval__2printf.o
        40          6          0          0          0         84   noretval__2sprintf.o
         4          0          0          0          0         68   putc.o
         4          0          0          0          0         68   rt_errno_addr_twolibspace.o
        10          0          0          0          0         76   rt_heap_descriptor_twolibspace.o
        68          0          0          0          0         68   rt_memclr.o
        78          0          0          0          0         80   rt_memclr_w.o
       138          0          0          0          0         68   rt_memcpy_v6.o
       100          0          0          0          0         80   rt_memcpy_w.o
         2          0          0          0          0          0   rtexit.o
        10          0          0          0          0          0   rtexit2.o
       104          0          0          0          0         88   setvbuf_locked.o
       240          6          0          0          0        156   stdio.o
         0          0          0         12        252          0   stdio_streams.o
        24          0          0          0          0         68   strcat.o
       104          0          0          0          0         68   strcmpv7m_pel.o
        72          0          0          0          0         80   strcpy.o
         0          0          0          4          0          0   streamlock.o
        62          0          0          0          0         76   strlen.o
        12          4          0          0          0         68   sys_exit.o
        74          0          0          0          0         80   sys_stackheap_outer.o
        14          0          0          0          0         76   sys_wrch.o
        16          0          0          0          0         80   term_alloc.o
         2          0          0          0          0         68   use_no_semi.o
        10          0          0          0          0        116   fpinit.o

    ----------------------------------------------------------------------
      5758        244         32         16        452       5316   Library Totals
        20          0          3          0         60          0   (incl. Padding)

    ----------------------------------------------------------------------

      Code (inc. data)   RO Data    RW Data    ZI Data      Debug   Library Name

      5728        244         29         16        392       5200   c_w.l
        10          0          0          0          0        116   fz_wm.l

    ----------------------------------------------------------------------
      5758        244         32         16        452       5316   Library Totals

    ----------------------------------------------------------------------

==============================================================================


      Code (inc. data)   RO Data    RW Data    ZI Data      Debug   

     97080       6170      47404     101928      80512    1698862   Grand Totals
     97080       6170      47404        872      80512    1698862   ELF Image Totals (compressed)
     97080       6170      47404        872          0          0   ROM Totals

==============================================================================

    Total RO  Size (Code + RO Data)               144484 ( 141.10kB)
    Total RW  Size (RW Data + ZI Data)            182440 ( 178.16kB)
    Total ROM Size (Code + RO Data + RW Data)     145356 ( 141.95kB)

==============================================================================

